******************************************************************************
             TMS320C2000 Linker PC v16.9.1                     
******************************************************************************
>> Linked Tue Aug 22 14:27:26 2017

OUTPUT FILE NAME:   <hbhk_cpu2.out>
ENTRY POINT SYMBOL: "_c_int00"  address: 00083965


MEMORY CONFIGURATION

         name            origin    length      used     unused   attr    fill
----------------------  --------  ---------  --------  --------  ----  --------
PAGE 0:
  RAMM0                 00000122   000002de  00000000  000002de  RWIX
  RAMLS4                0000a000   00000800  00000000  00000800  RWIX
  RAMLS5                0000a800   00000800  00000046  000007ba  RWIX
  RAMD0                 0000b000   00000800  000003e7  00000419  RWIX
  BEGIN                 00080000   00000002  00000002  00000000  RWIX
  FLASHA                00080002   00001ffe  00000000  00001ffe  RWIX
  FLASHB                00082000   00002000  00001ab3  0000054d  RWIX
  FLASHC                00084000   00002000  00000000  00002000  RWIX
  FLASHD                00086000   00002000  000000f9  00001f07  RWIX
  FLASHE                00088000   00008000  00000334  00007ccc  RWIX
  FLASHF                00090000   00008000  00000000  00008000  RWIX
  FLASHG                00098000   00008000  00000000  00008000  RWIX
  FLASHH                000a0000   00008000  00000000  00008000  RWIX
  FLASHI                000a8000   00008000  00000000  00008000  RWIX
  FLASHJ                000b0000   00008000  00000000  00008000  RWIX
  FLASHK                000b8000   00002000  00000000  00002000  RWIX
  FLASHL                000ba000   00002000  00000000  00002000  RWIX
  FLASHM                000bc000   00002000  00000000  00002000  RWIX
  FLASHN                000be000   00002000  00000000  00002000  RWIX
  RESET                 003fffc0   00000002  00000000  00000002  RWIX

PAGE 1:
  BOOT_RSVD             00000002   00000120  00000000  00000120  RWIX
  RAMM1                 00000400   00000400  00000200  00000200  RWIX
  ADCA_RESULT           00000b00   00000020  00000018  00000008  RWIX
  ADCB_RESULT           00000b20   00000020  00000018  00000008  RWIX
  ADCC_RESULT           00000b40   00000020  00000018  00000008  RWIX
  ADCD_RESULT           00000b60   00000020  00000018  00000008  RWIX
  CPU_TIMER0            00000c00   00000008  00000008  00000000  RWIX
  CPU_TIMER1            00000c08   00000008  00000008  00000000  RWIX
  CPU_TIMER2            00000c10   00000008  00000008  00000000  RWIX
  PIE_CTRL              00000ce0   00000020  0000001a  00000006  RWIX
  PIE_VECT              00000d00   00000200  000001c0  00000040  RWIX
  DMA                   00001000   00000200  000000e0  00000120  RWIX
  CLA1                  00001400   00000040  0000003e  00000002  RWIX
  CLA1_MSGRAMLOW        00001480   00000080  00000002  0000007e  RWIX
  CLA1_MSGRAMHIGH       00001500   00000080  00000002  0000007e  RWIX
  EPWM1                 00004000   00000100  00000100  00000000  RWIX
  EPWM2                 00004100   00000100  00000100  00000000  RWIX
  EPWM3                 00004200   00000100  00000100  00000000  RWIX
  EPWM4                 00004300   00000100  00000100  00000000  RWIX
  EPWM5                 00004400   00000100  00000100  00000000  RWIX
  EPWM6                 00004500   00000100  00000100  00000000  RWIX
  EPWM7                 00004600   00000100  00000100  00000000  RWIX
  EPWM8                 00004700   00000100  00000100  00000000  RWIX
  EPWM9                 00004800   00000100  00000100  00000000  RWIX
  EPWM10                00004900   00000100  00000100  00000000  RWIX
  EPWM11                00004a00   00000100  00000100  00000000  RWIX
  EPWM12                00004b00   00000100  00000100  00000000  RWIX
  ECAP1                 00005000   00000020  00000020  00000000  RWIX
  ECAP2                 00005020   00000020  00000020  00000000  RWIX
  ECAP3                 00005040   00000020  00000020  00000000  RWIX
  ECAP4                 00005060   00000020  00000020  00000000  RWIX
  ECAP5                 00005080   00000020  00000020  00000000  RWIX
  ECAP6                 000050a0   00000020  00000020  00000000  RWIX
  EQEP1                 00005100   00000040  00000022  0000001e  RWIX
  EQEP2                 00005140   00000040  00000022  0000001e  RWIX
  EQEP3                 00005180   00000040  00000022  0000001e  RWIX
  DACA                  00005c00   00000010  00000008  00000008  RWIX
  DACB                  00005c10   00000010  00000008  00000008  RWIX
  DACC                  00005c20   00000010  00000008  00000008  RWIX
  CMPSS1                00005c80   00000020  00000020  00000000  RWIX
  CMPSS2                00005ca0   00000020  00000020  00000000  RWIX
  CMPSS3                00005cc0   00000020  00000020  00000000  RWIX
  CMPSS4                00005ce0   00000020  00000020  00000000  RWIX
  CMPSS5                00005d00   00000020  00000020  00000000  RWIX
  CMPSS6                00005d20   00000020  00000020  00000000  RWIX
  CMPSS7                00005d40   00000020  00000020  00000000  RWIX
  CMPSS8                00005d60   00000020  00000020  00000000  RWIX
  SDFM1                 00005e00   00000080  00000080  00000000  RWIX
  SDFM2                 00005e80   00000080  00000080  00000000  RWIX
  MCBSPA                00006000   00000040  00000024  0000001c  RWIX
  MCBSPB                00006040   00000040  00000024  0000001c  RWIX
  SPIA                  00006100   00000010  00000010  00000000  RWIX
  SPIB                  00006110   00000010  00000010  00000000  RWIX
  SPIC                  00006120   00000010  00000010  00000000  RWIX
  SPID                  00006130   00000010  00000000  00000010  RWIX
  WD                    00007000   00000040  0000002b  00000015  RWIX
  NMIINTRUPT            00007060   00000010  00000007  00000009  RWIX
  XINT                  00007070   00000010  0000000b  00000005  RWIX
  SCIA                  00007200   00000010  00000010  00000000  RWIX
  SCIB                  00007210   00000010  00000010  00000000  RWIX
  SCIC                  00007220   00000010  00000010  00000000  RWIX
  SCID                  00007230   00000010  00000010  00000000  RWIX
  I2CA                  00007300   00000040  00000022  0000001e  RWIX
  I2CB                  00007340   00000040  00000022  0000001e  RWIX
  ADCA                  00007400   00000080  00000080  00000000  RWIX
  ADCB                  00007480   00000080  00000080  00000000  RWIX
  ADCC                  00007500   00000080  00000080  00000000  RWIX
  ADCD                  00007580   00000080  00000080  00000000  RWIX
  DMACLASRCSEL          00007980   00000040  0000001a  00000026  RWIX
  GPIOCTRL              00007c00   00000180  00000000  00000180  RWIX
  GPIODAT               00007f00   00000030  00000030  00000000  RWIX
  RAMLS0                00008000   00000800  00000000  00000800  RWIX
  RAMLS1                00008800   00000800  00000000  00000800  RWIX
  RAMLS2                00009000   00000800  00000000  00000800  RWIX
  RAMLS3                00009800   00000800  00000000  00000800  RWIX
  RAMGS0                0000c000   00001000  00000000  00001000  RWIX
  RAMGS1                0000d000   00001000  00000000  00001000  RWIX
  RAMGS2                0000e000   00001000  000002c6  00000d3a  RWIX
  RAMGS3                0000f000   00001000  00000000  00001000  RWIX
  RAMGS4                00010000   00001000  00000000  00001000  RWIX
  RAMGS5                00011000   00001000  00000000  00001000  RWIX
  RAMGS6                00012000   00001000  00000000  00001000  RWIX
  RAMGS7                00013000   00001000  00000000  00001000  RWIX
  RAMGS8                00014000   00001000  00000000  00001000  RWIX
  RAMGS9                00015000   00001000  00000000  00001000  RWIX
  RAMGS10               00016000   00001000  00000000  00001000  RWIX
  RAMGS11               00017000   00001000  00000000  00001000  RWIX
  RAMGS12               00018000   00001000  00000000  00001000  RWIX
  RAMGS13               00019000   00001000  00000000  00001000  RWIX
  RAMGS14               0001a000   00001000  00000000  00001000  RWIX
  RAMGS15               0001b000   00001000  00000000  00001000  RWIX
  EMIF1                 00047000   00000800  00000070  00000790  RWIX
  EMIF2                 00047800   00000800  00000070  00000790  RWIX
  IPC                   00050000   00000024  00000024  00000000  RWIX
  FLASHPUMPSEMAPHORE    00050024   00000002  00000002  00000000  RWIX
  CLK_CFG               0005d200   00000100  00000032  000000ce  RWIX
  CPU_SYS               0005d300   00000100  00000082  0000007e  RWIX
  DCSM_Z1               0005f000   00000030  00000024  0000000c  RWIX
  DCSM_Z2               0005f040   00000030  00000024  0000000c  RWIX
  DCSM_COMMON           0005f070   00000010  00000008  00000008  RWIX
  MEMCFG                0005f400   00000080  00000080  00000000  RWIX
  EMIF1CONFIG           0005f480   00000020  00000020  00000000  RWIX
  ACCESSPROTECTION      0005f4c0   00000040  00000040  00000000  RWIX
  MEMORYERROR           0005f500   00000040  00000040  00000000  RWIX
  FLASH0_CTRL           0005f800   00000300  00000182  0000017e  RWIX
  FLASH0_ECC            0005fb00   00000040  00000028  00000018  RWIX
  DCSM_Z1_OTP           00078000   00000020  00000020  00000000  RWIX
  DCSM_Z2_OTP           00078200   00000020  00000020  00000000  RWIX


SECTION ALLOCATION MAP

 output                                  attributes/
section   page    origin      length       input sections
--------  ----  ----------  ----------   ----------------
.cinit     0    000821cc    00000040     
                  000821cc    0000001a     copydata.obj (.cinit)
                  000821e6    0000000e     rts2800_fpu32.lib : exit.obj (.cinit)
                  000821f4    0000000c     hbhk_can.obj (.cinit)
                  00082200    00000005     rts2800_fpu32.lib : _lock.obj (.cinit:__lock)
                  00082205    00000005                       : _lock.obj (.cinit:__unlock)
                  0008220a    00000002     --HOLE-- [fill = 0]

.pinit     0    00082000    00000000     UNINITIALIZED

codestart 
*          0    00080000    00000002     
                  00080000    00000002     F2837xD_CodeStartBranch.obj (codestart)

.econst    0    00082000    000001c9     
                  00082000    000001c0     F2837xD_PieVect.obj (.econst:_PieVectTableInit)
                  000821c0    00000009     can.obj (.econst:_g_ui16CANBitValues)

.text      0    0008220c    000018aa     
                  0008220c    00000585     F2837xD_DefaultISR.obj (.text:retain)
                  00082791    0000045c     can.obj (.text)
                  00082bed    00000296     copydata.obj (.text)
                  00082e83    0000024f     F2837xD_SysCtrl.obj (.text)
                  000830d2    000001c3     hbhk_pwm.obj (.text)
                  00083295    000001bb     interrupt.obj (.text)
                  00083450    00000124     hbhk_adc.obj (.text)
                  00083574    000000dc     hbhk_pwm.obj (.text:retain)
                  00083650    000000d7     F2837xD_Adc.obj (.text)
                  00083727    00000086     hbhk_can.obj (.text)
                  000837ad    0000007c     cla_sqrt.obj (.text:retain)
                  00083829    00000072     hbhk_can.obj (.text:retain)
                  0008389b    00000069     main.obj (.text)
                  00083904    00000061     cla_sqrt.obj (.text)
                  00083965    00000056     rts2800_fpu32.lib : boot28.obj (.text)
                  000839bb    00000029                       : exit.obj (.text)
                  000839e4    00000028     F2837xD_PieCtrl.obj (.text)
                  00083a0c    00000024     rts2800_fpu32.lib : cpy_tbl.obj (.text)
                  00083a30    0000001e                       : memcpy.obj (.text)
                  00083a4e    00000019                       : args_main.obj (.text)
                  00083a67    00000018                       : ll_aox28.obj (.text)
                  00083a7f    00000014     F2837xD_PieVect.obj (.text)
                  00083a93    0000000f     interrupt.obj (.text:retain)
                  00083aa2    00000009     rts2800_fpu32.lib : _lock.obj (.text)
                  00083aab    00000008     F2837xD_CodeStartBranch.obj (.text)
                  00083ab3    00000002     rts2800_fpu32.lib : pre_init.obj (.text)
                  00083ab5    00000001                       : startup.obj (.text)

ramfuncs   0    00086000    000000b3     RUN ADDR = 0000b334
                  00086000    00000078     Fapi_UserDefinedFunctions.obj (ramfuncs)
                  00086078    00000037     F2837xD_SysCtrl.obj (ramfuncs)
                  000860af    00000004     F2837xD_usDelay.obj (ramfuncs)

Cla1Prog   0    000860b4    00000046     RUN ADDR = 0000a800
                  000860b4    0000000e     sqrt.obj (Cla1Prog:_Cla1Task1)
                  000860c2    00000008     sqrt.obj (Cla1Prog:_Cla1Task2)
                  000860ca    00000008     sqrt.obj (Cla1Prog:_Cla1Task3)
                  000860d2    00000008     sqrt.obj (Cla1Prog:_Cla1Task4)
                  000860da    00000008     sqrt.obj (Cla1Prog:_Cla1Task5)
                  000860e2    00000008     sqrt.obj (Cla1Prog:_Cla1Task6)
                  000860ea    00000008     sqrt.obj (Cla1Prog:_Cla1Task7)
                  000860f2    00000008     sqrt.obj (Cla1Prog:_Cla1Task8)

ramfuncs   0    00088000    00000334     RUN ADDR = 0000b000
                  00088000    0000019d     F021_API_F2837xD_FPU32.lib : Program.obj (.text:_Fapi_issueProgrammingCommand)
                  0008819d    00000088                                : Read.obj (.text:__Fapi_loopRegionForValue)
                  00088225    00000042                                : BlankCheck.obj (.text:_Fapi_doBlankCheck)
                  00088267    0000002d                                : FlashStateMachine.obj (.text:__Fapi_issueFsmCommand)
                  00088294    00000022                                : FlashStateMachine.obj (.text:_Fapi_isAddressEcc)
                  000882b6    00000022                                : FlashStateMachine.obj (.text:__Fapi_setupSectorsForWrite)
                  000882d8    00000020                                : Async.obj (.text:_Fapi_issueAsyncCommandWithAddress)
                  000882f8    0000001a                                : Utilities.obj (.text:_Fapi_waitDelay)
                  00088312    00000016                                : Read.obj (.text:_Fapi_flushPipeline)
                  00088328    0000000c                                : Init.obj (.ebss) [fill = 0]

.stack     1    00000400    00000200     UNINITIALIZED
                  00000400    00000200     --HOLE--

AdcaResultFile 
*          1    00000b00    00000018     UNINITIALIZED
                  00000b00    00000018     F2837xD_GlobalVariableDefs.obj (AdcaResultFile)

AdcbResultFile 
*          1    00000b20    00000018     UNINITIALIZED
                  00000b20    00000018     F2837xD_GlobalVariableDefs.obj (AdcbResultFile)

AdccResultFile 
*          1    00000b40    00000018     UNINITIALIZED
                  00000b40    00000018     F2837xD_GlobalVariableDefs.obj (AdccResultFile)

AdcdResultFile 
*          1    00000b60    00000018     UNINITIALIZED
                  00000b60    00000018     F2837xD_GlobalVariableDefs.obj (AdcdResultFile)

CpuTimer0RegsFile 
*          1    00000c00    00000008     UNINITIALIZED
                  00000c00    00000008     F2837xD_GlobalVariableDefs.obj (CpuTimer0RegsFile)

CpuTimer1RegsFile 
*          1    00000c08    00000008     UNINITIALIZED
                  00000c08    00000008     F2837xD_GlobalVariableDefs.obj (CpuTimer1RegsFile)

CpuTimer2RegsFile 
*          1    00000c10    00000008     UNINITIALIZED
                  00000c10    00000008     F2837xD_GlobalVariableDefs.obj (CpuTimer2RegsFile)

PieCtrlRegsFile 
*          1    00000ce0    0000001a     UNINITIALIZED
                  00000ce0    0000001a     F2837xD_GlobalVariableDefs.obj (PieCtrlRegsFile)

PieVectTableFile 
*          1    00000d00    000001c0     UNINITIALIZED
                  00000d00    000001c0     F2837xD_GlobalVariableDefs.obj (PieVectTableFile)

EmuKeyVar 
*          1    00000d00    00000001     UNINITIALIZED
                  00000d00    00000001     F2837xD_GlobalVariableDefs.obj (EmuKeyVar)

EmuBModeVar 
*          1    00000d01    00000001     UNINITIALIZED
                  00000d01    00000001     F2837xD_GlobalVariableDefs.obj (EmuBModeVar)

FlashCallbackVar 
*          1    00000d02    00000000     UNINITIALIZED

FlashScalingVar 
*          1    00000d02    00000000     UNINITIALIZED

DmaRegsFile 
*          1    00001000    000000e0     UNINITIALIZED
                  00001000    000000e0     F2837xD_GlobalVariableDefs.obj (DmaRegsFile)

Cla1RegsFile 
*          1    00001400    0000003e     UNINITIALIZED
                  00001400    0000003e     F2837xD_GlobalVariableDefs.obj (Cla1RegsFile)

Cla1ToCpuMsgRAM 
*          1    00001480    00000002     UNINITIALIZED
                  00001480    00000002     main.obj (Cla1ToCpuMsgRAM)

CpuToCla1MsgRAM 
*          1    00001500    00000002     UNINITIALIZED
                  00001500    00000002     main.obj (CpuToCla1MsgRAM)

EPwm1RegsFile 
*          1    00004000    00000100     UNINITIALIZED
                  00004000    00000100     F2837xD_GlobalVariableDefs.obj (EPwm1RegsFile)

EPwm2RegsFile 
*          1    00004100    00000100     UNINITIALIZED
                  00004100    00000100     F2837xD_GlobalVariableDefs.obj (EPwm2RegsFile)

EPwm3RegsFile 
*          1    00004200    00000100     UNINITIALIZED
                  00004200    00000100     F2837xD_GlobalVariableDefs.obj (EPwm3RegsFile)

EPwm4RegsFile 
*          1    00004300    00000100     UNINITIALIZED
                  00004300    00000100     F2837xD_GlobalVariableDefs.obj (EPwm4RegsFile)

EPwm5RegsFile 
*          1    00004400    00000100     UNINITIALIZED
                  00004400    00000100     F2837xD_GlobalVariableDefs.obj (EPwm5RegsFile)

EPwm6RegsFile 
*          1    00004500    00000100     UNINITIALIZED
                  00004500    00000100     F2837xD_GlobalVariableDefs.obj (EPwm6RegsFile)

EPwm7RegsFile 
*          1    00004600    00000100     UNINITIALIZED
                  00004600    00000100     F2837xD_GlobalVariableDefs.obj (EPwm7RegsFile)

EPwm8RegsFile 
*          1    00004700    00000100     UNINITIALIZED
                  00004700    00000100     F2837xD_GlobalVariableDefs.obj (EPwm8RegsFile)

EPwm9RegsFile 
*          1    00004800    00000100     UNINITIALIZED
                  00004800    00000100     F2837xD_GlobalVariableDefs.obj (EPwm9RegsFile)

EPwm10RegsFile 
*          1    00004900    00000100     UNINITIALIZED
                  00004900    00000100     F2837xD_GlobalVariableDefs.obj (EPwm10RegsFile)

EPwm11RegsFile 
*          1    00004a00    00000100     UNINITIALIZED
                  00004a00    00000100     F2837xD_GlobalVariableDefs.obj (EPwm11RegsFile)

EPwm12RegsFile 
*          1    00004b00    00000100     UNINITIALIZED
                  00004b00    00000100     F2837xD_GlobalVariableDefs.obj (EPwm12RegsFile)

ECap1RegsFile 
*          1    00005000    00000020     UNINITIALIZED
                  00005000    00000020     F2837xD_GlobalVariableDefs.obj (ECap1RegsFile)

ECap2RegsFile 
*          1    00005020    00000020     UNINITIALIZED
                  00005020    00000020     F2837xD_GlobalVariableDefs.obj (ECap2RegsFile)

ECap3RegsFile 
*          1    00005040    00000020     UNINITIALIZED
                  00005040    00000020     F2837xD_GlobalVariableDefs.obj (ECap3RegsFile)

ECap4RegsFile 
*          1    00005060    00000020     UNINITIALIZED
                  00005060    00000020     F2837xD_GlobalVariableDefs.obj (ECap4RegsFile)

ECap5RegsFile 
*          1    00005080    00000020     UNINITIALIZED
                  00005080    00000020     F2837xD_GlobalVariableDefs.obj (ECap5RegsFile)

ECap6RegsFile 
*          1    000050a0    00000020     UNINITIALIZED
                  000050a0    00000020     F2837xD_GlobalVariableDefs.obj (ECap6RegsFile)

EQep1RegsFile 
*          1    00005100    00000022     UNINITIALIZED
                  00005100    00000022     F2837xD_GlobalVariableDefs.obj (EQep1RegsFile)

EQep2RegsFile 
*          1    00005140    00000022     UNINITIALIZED
                  00005140    00000022     F2837xD_GlobalVariableDefs.obj (EQep2RegsFile)

EQep3RegsFile 
*          1    00005180    00000022     UNINITIALIZED
                  00005180    00000022     F2837xD_GlobalVariableDefs.obj (EQep3RegsFile)

DacaRegsFile 
*          1    00005c00    00000008     UNINITIALIZED
                  00005c00    00000008     F2837xD_GlobalVariableDefs.obj (DacaRegsFile)

DacbRegsFile 
*          1    00005c10    00000008     UNINITIALIZED
                  00005c10    00000008     F2837xD_GlobalVariableDefs.obj (DacbRegsFile)

DaccRegsFile 
*          1    00005c20    00000008     UNINITIALIZED
                  00005c20    00000008     F2837xD_GlobalVariableDefs.obj (DaccRegsFile)

Cmpss1RegsFile 
*          1    00005c80    00000020     UNINITIALIZED
                  00005c80    00000020     F2837xD_GlobalVariableDefs.obj (Cmpss1RegsFile)

Cmpss2RegsFile 
*          1    00005ca0    00000020     UNINITIALIZED
                  00005ca0    00000020     F2837xD_GlobalVariableDefs.obj (Cmpss2RegsFile)

Cmpss3RegsFile 
*          1    00005cc0    00000020     UNINITIALIZED
                  00005cc0    00000020     F2837xD_GlobalVariableDefs.obj (Cmpss3RegsFile)

Cmpss4RegsFile 
*          1    00005ce0    00000020     UNINITIALIZED
                  00005ce0    00000020     F2837xD_GlobalVariableDefs.obj (Cmpss4RegsFile)

Cmpss5RegsFile 
*          1    00005d00    00000020     UNINITIALIZED
                  00005d00    00000020     F2837xD_GlobalVariableDefs.obj (Cmpss5RegsFile)

Cmpss6RegsFile 
*          1    00005d20    00000020     UNINITIALIZED
                  00005d20    00000020     F2837xD_GlobalVariableDefs.obj (Cmpss6RegsFile)

Cmpss7RegsFile 
*          1    00005d40    00000020     UNINITIALIZED
                  00005d40    00000020     F2837xD_GlobalVariableDefs.obj (Cmpss7RegsFile)

Cmpss8RegsFile 
*          1    00005d60    00000020     UNINITIALIZED
                  00005d60    00000020     F2837xD_GlobalVariableDefs.obj (Cmpss8RegsFile)

Sdfm1RegsFile 
*          1    00005e00    00000080     UNINITIALIZED
                  00005e00    00000080     F2837xD_GlobalVariableDefs.obj (Sdfm1RegsFile)

Sdfm2RegsFile 
*          1    00005e80    00000080     UNINITIALIZED
                  00005e80    00000080     F2837xD_GlobalVariableDefs.obj (Sdfm2RegsFile)

McbspaRegsFile 
*          1    00006000    00000024     UNINITIALIZED
                  00006000    00000024     F2837xD_GlobalVariableDefs.obj (McbspaRegsFile)

McbspbRegsFile 
*          1    00006040    00000024     UNINITIALIZED
                  00006040    00000024     F2837xD_GlobalVariableDefs.obj (McbspbRegsFile)

SpiaRegsFile 
*          1    00006100    00000010     UNINITIALIZED
                  00006100    00000010     F2837xD_GlobalVariableDefs.obj (SpiaRegsFile)

SpibRegsFile 
*          1    00006110    00000010     UNINITIALIZED
                  00006110    00000010     F2837xD_GlobalVariableDefs.obj (SpibRegsFile)

SpicRegsFile 
*          1    00006120    00000010     UNINITIALIZED
                  00006120    00000010     F2837xD_GlobalVariableDefs.obj (SpicRegsFile)

WdRegsFile 
*          1    00007000    0000002b     UNINITIALIZED
                  00007000    0000002b     F2837xD_GlobalVariableDefs.obj (WdRegsFile)

NmiIntruptRegsFile 
*          1    00007060    00000007     UNINITIALIZED
                  00007060    00000007     F2837xD_GlobalVariableDefs.obj (NmiIntruptRegsFile)

XintRegsFile 
*          1    00007070    0000000b     UNINITIALIZED
                  00007070    0000000b     F2837xD_GlobalVariableDefs.obj (XintRegsFile)

SciaRegsFile 
*          1    00007200    00000010     UNINITIALIZED
                  00007200    00000010     F2837xD_GlobalVariableDefs.obj (SciaRegsFile)

ScibRegsFile 
*          1    00007210    00000010     UNINITIALIZED
                  00007210    00000010     F2837xD_GlobalVariableDefs.obj (ScibRegsFile)

ScicRegsFile 
*          1    00007220    00000010     UNINITIALIZED
                  00007220    00000010     F2837xD_GlobalVariableDefs.obj (ScicRegsFile)

ScidRegsFile 
*          1    00007230    00000010     UNINITIALIZED
                  00007230    00000010     F2837xD_GlobalVariableDefs.obj (ScidRegsFile)

I2caRegsFile 
*          1    00007300    00000022     UNINITIALIZED
                  00007300    00000022     F2837xD_GlobalVariableDefs.obj (I2caRegsFile)

I2cbRegsFile 
*          1    00007340    00000022     UNINITIALIZED
                  00007340    00000022     F2837xD_GlobalVariableDefs.obj (I2cbRegsFile)

AdcaRegsFile 
*          1    00007400    00000080     UNINITIALIZED
                  00007400    00000080     F2837xD_GlobalVariableDefs.obj (AdcaRegsFile)

AdcbRegsFile 
*          1    00007480    00000080     UNINITIALIZED
                  00007480    00000080     F2837xD_GlobalVariableDefs.obj (AdcbRegsFile)

AdccRegsFile 
*          1    00007500    00000080     UNINITIALIZED
                  00007500    00000080     F2837xD_GlobalVariableDefs.obj (AdccRegsFile)

AdcdRegsFile 
*          1    00007580    00000080     UNINITIALIZED
                  00007580    00000080     F2837xD_GlobalVariableDefs.obj (AdcdRegsFile)

DmaClaSrcSelRegsFile 
*          1    00007980    0000001a     UNINITIALIZED
                  00007980    0000001a     F2837xD_GlobalVariableDefs.obj (DmaClaSrcSelRegsFile)

GpioDataRegsFile 
*          1    00007f00    00000030     UNINITIALIZED
                  00007f00    00000030     F2837xD_GlobalVariableDefs.obj (GpioDataRegsFile)

.ebss      1    0000e000    000002c6     UNINITIALIZED
                  0000e000    00000140     copydata.obj (.ebss)
                  0000e140    00000108     main.obj (.ebss)
                  0000e248    00000028     hbhk_pwm.obj (.ebss)
                  0000e270    0000000c     hbhk_adc.obj (.ebss)
                  0000e27c    00000002     rts2800_fpu32.lib : _lock.obj (.ebss:__lock)
                  0000e27e    00000002                       : _lock.obj (.ebss:__unlock)
                  0000e280    00000020     hbhk_can.obj (.ebss)
                  0000e2a0    0000001e     flash_program_test.obj (.ebss)
                  0000e2be    00000002     --HOLE--
                  0000e2c0    00000006     rts2800_fpu32.lib : exit.obj (.ebss)

.reset     0    003fffc0    00000002     DSECT
                  003fffc0    00000002     rts2800_fpu32.lib : boot28.obj (.reset)

Cla1SoftIntRegsFile 
*          1    00000ce0    00000004     DSECT
                  00000ce0    00000004     F2837xD_GlobalVariableDefs.obj (Cla1SoftIntRegsFile)

Emif1RegsFile 
*          1    00047000    00000070     UNINITIALIZED
                  00047000    00000070     F2837xD_GlobalVariableDefs.obj (Emif1RegsFile)

Emif2RegsFile 
*          1    00047800    00000070     UNINITIALIZED
                  00047800    00000070     F2837xD_GlobalVariableDefs.obj (Emif2RegsFile)

IpcRegsFile 
*          1    00050000    00000024     UNINITIALIZED
                  00050000    00000024     F2837xD_GlobalVariableDefs.obj (IpcRegsFile)

FlashPumpSemaphoreRegsFile 
*          1    00050024    00000002     UNINITIALIZED
                  00050024    00000002     F2837xD_GlobalVariableDefs.obj (FlashPumpSemaphoreRegsFile)

ClkCfgRegsFile 
*          1    0005d200    00000032     UNINITIALIZED
                  0005d200    00000032     F2837xD_GlobalVariableDefs.obj (ClkCfgRegsFile)

CpuSysRegsFile 
*          1    0005d300    00000082     UNINITIALIZED
                  0005d300    00000082     F2837xD_GlobalVariableDefs.obj (CpuSysRegsFile)

DcsmZ1RegsFile 
*          1    0005f000    00000024     UNINITIALIZED
                  0005f000    00000024     F2837xD_GlobalVariableDefs.obj (DcsmZ1RegsFile)

DcsmZ2RegsFile 
*          1    0005f040    00000024     UNINITIALIZED
                  0005f040    00000024     F2837xD_GlobalVariableDefs.obj (DcsmZ2RegsFile)

DcsmCommonRegsFile 
*          1    0005f070    00000008     UNINITIALIZED
                  0005f070    00000008     F2837xD_GlobalVariableDefs.obj (DcsmCommonRegsFile)

MemCfgRegsFile 
*          1    0005f400    00000080     UNINITIALIZED
                  0005f400    00000080     F2837xD_GlobalVariableDefs.obj (MemCfgRegsFile)

Emif1ConfigRegsFile 
*          1    0005f480    00000020     UNINITIALIZED
                  0005f480    00000020     F2837xD_GlobalVariableDefs.obj (Emif1ConfigRegsFile)

AccessProtectionRegsFile 
*          1    0005f4c0    00000040     UNINITIALIZED
                  0005f4c0    00000040     F2837xD_GlobalVariableDefs.obj (AccessProtectionRegsFile)

MemoryErrorRegsFile 
*          1    0005f500    00000040     UNINITIALIZED
                  0005f500    00000040     F2837xD_GlobalVariableDefs.obj (MemoryErrorRegsFile)

Flash0CtrlRegsFile 
*          1    0005f800    00000182     UNINITIALIZED
                  0005f800    00000182     F2837xD_GlobalVariableDefs.obj (Flash0CtrlRegsFile)

Flash0EccRegsFile 
*          1    0005fb00    00000028     UNINITIALIZED
                  0005fb00    00000028     F2837xD_GlobalVariableDefs.obj (Flash0EccRegsFile)

DcsmZ1OtpFile 
*          1    00078000    00000020     NOLOAD SECTION
                  00078000    00000020     F2837xD_GlobalVariableDefs.obj (DcsmZ1OtpFile)

DcsmZ2OtpFile 
*          1    00078200    00000020     NOLOAD SECTION
                  00078200    00000020     F2837xD_GlobalVariableDefs.obj (DcsmZ2OtpFile)

MODULE SUMMARY

       Module                           code   initialized data   uninitialized data
       ------                           ----   ----------------   ------------------
    .\
       F2837xD_GlobalVariableDefs.obj   0      0                  6983              
       F2837xD_DefaultISR.obj           1413   0                  0                 
       can.obj                          1116   9                  0                 
       F2837xD_SysCtrl.obj              701    0                  0                 
       F2837xD_PieVect.obj              20     448                0                 
       interrupt.obj                    458    0                  0                 
       main.obj                         105    0                  268               
       F2837xD_Adc.obj                  215    0                  0                 
       F2837xD_PieCtrl.obj              40     0                  0                 
       F2837xD_CodeStartBranch.obj      10     0                  0                 
       F2837xD_usDelay.obj              8      0                  0                 
    +--+--------------------------------+------+------------------+--------------------+
       Total:                           4086   457                7251              
                                                                                    
    .\cla\
       cla_sqrt.obj                     221    0                  0                 
       sqrt.obj                         140    0                  0                 
    +--+--------------------------------+------+------------------+--------------------+
       Total:                           361    0                  0                 
                                                                                    
    .\drv\
       hbhk_pwm.obj                     671    0                  40                
       hbhk_adc.obj                     292    0                  12                
       hbhk_can.obj                     248    12                 32                
    +--+--------------------------------+------+------------------+--------------------+
       Total:                           1211   12                 84                
                                                                                    
    .\flashburn\
       copydata.obj                     662    26                 320               
       Fapi_UserDefinedFunctions.obj    240    0                  0                 
       flash_program_test.obj           0      0                  30                
    +--+--------------------------------+------+------------------+--------------------+
       Total:                           902    26                 350               
                                                                                    
    ../../../F2837xD_common/lib/F021_API_F2837xD_FPU32.lib
       Program.obj                      826    0                  0                 
       Read.obj                         316    0                  0                 
       FlashStateMachine.obj            226    0                  0                 
       BlankCheck.obj                   132    0                  0                 
       Async.obj                        64     0                  0                 
       Utilities.obj                    52     0                  0                 
       Init.obj                         0      24                 0                 
    +--+--------------------------------+------+------------------+--------------------+
       Total:                           1616   24                 0                 
                                                                                    
    D:\ti\ccsv7\tools\compiler\ti-cgt-c2000_16.9.1.LTS\lib\rts2800_fpu32.lib
       boot28.obj                       86     0                  0                 
       exit.obj                         41     14                 6                 
       cpy_tbl.obj                      36     0                  0                 
       memcpy.obj                       30     0                  0                 
       args_main.obj                    25     0                  0                 
       ll_aox28.obj                     24     0                  0                 
       _lock.obj                        9      10                 4                 
       pre_init.obj                     2      0                  0                 
       startup.obj                      1      0                  0                 
    +--+--------------------------------+------+------------------+--------------------+
       Total:                           254    24                 10                
                                                                                    
       Stack:                           0      0                  512               
    +--+--------------------------------+------+------------------+--------------------+
       Grand Total:                     8430   543                8207              


GLOBAL DATA SYMBOLS: SORTED BY DATA PAGE

address     data page           name
--------    ----------------    ----
00000400      10 (00000400)     __stack

00000b00      2c (00000b00)     _AdcaResultRegs
00000b20      2c (00000b00)     _AdcbResultRegs

00000b40      2d (00000b40)     _AdccResultRegs
00000b60      2d (00000b40)     _AdcdResultRegs

00000c00      30 (00000c00)     _CpuTimer0Regs
00000c08      30 (00000c00)     _CpuTimer1Regs
00000c10      30 (00000c00)     _CpuTimer2Regs

00000ce0      33 (00000cc0)     _Cla1SoftIntRegs
00000ce0      33 (00000cc0)     _PieCtrlRegs

00000d00      34 (00000d00)     _EmuKey
00000d00      34 (00000d00)     _PieVectTable
00000d01      34 (00000d00)     _EmuBMode

00001000      40 (00001000)     _DmaRegs

00001400      50 (00001400)     _Cla1Regs

00001480      52 (00001480)     _fResult

00001500      54 (00001500)     _fVal

00004000     100 (00004000)     _EPwm1Regs

00004100     104 (00004100)     _EPwm2Regs

00004200     108 (00004200)     _EPwm3Regs

00004300     10c (00004300)     _EPwm4Regs

00004400     110 (00004400)     _EPwm5Regs

00004500     114 (00004500)     _EPwm6Regs

00004600     118 (00004600)     _EPwm7Regs

00004700     11c (00004700)     _EPwm8Regs

00004800     120 (00004800)     _EPwm9Regs

00004900     124 (00004900)     _EPwm10Regs

00004a00     128 (00004a00)     _EPwm11Regs

00004b00     12c (00004b00)     _EPwm12Regs

00005000     140 (00005000)     _ECap1Regs
00005020     140 (00005000)     _ECap2Regs

00005040     141 (00005040)     _ECap3Regs
00005060     141 (00005040)     _ECap4Regs

00005080     142 (00005080)     _ECap5Regs
000050a0     142 (00005080)     _ECap6Regs

00005100     144 (00005100)     _EQep1Regs

00005140     145 (00005140)     _EQep2Regs

00005180     146 (00005180)     _EQep3Regs

00005c00     170 (00005c00)     _DacaRegs
00005c10     170 (00005c00)     _DacbRegs
00005c20     170 (00005c00)     _DaccRegs

00005c80     172 (00005c80)     _Cmpss1Regs
00005ca0     172 (00005c80)     _Cmpss2Regs

00005cc0     173 (00005cc0)     _Cmpss3Regs
00005ce0     173 (00005cc0)     _Cmpss4Regs

00005d00     174 (00005d00)     _Cmpss5Regs
00005d20     174 (00005d00)     _Cmpss6Regs

00005d40     175 (00005d40)     _Cmpss7Regs
00005d60     175 (00005d40)     _Cmpss8Regs

00005e00     178 (00005e00)     _Sdfm1Regs

00005e80     17a (00005e80)     _Sdfm2Regs

00006000     180 (00006000)     _McbspaRegs

00006040     181 (00006040)     _McbspbRegs

00006100     184 (00006100)     _SpiaRegs
00006110     184 (00006100)     _SpibRegs
00006120     184 (00006100)     _SpicRegs

00007000     1c0 (00007000)     _WdRegs

00007060     1c1 (00007040)     _NmiIntruptRegs
00007070     1c1 (00007040)     _XintRegs

00007200     1c8 (00007200)     _SciaRegs
00007210     1c8 (00007200)     _ScibRegs
00007220     1c8 (00007200)     _ScicRegs
00007230     1c8 (00007200)     _ScidRegs

00007300     1cc (00007300)     _I2caRegs

00007340     1cd (00007340)     _I2cbRegs

00007400     1d0 (00007400)     _AdcaRegs

00007480     1d2 (00007480)     _AdcbRegs

00007500     1d4 (00007500)     _AdccRegs

00007580     1d6 (00007580)     _AdcdRegs

00007980     1e6 (00007980)     _DmaClaSrcSelRegs

00007f00     1fc (00007f00)     _GpioDataRegs

0000b000     2c0 (0000b000)     _Fapi_issueProgrammingCommand

0000b19d     2c6 (0000b180)     __Fapi_loopRegionForValue

0000b225     2c8 (0000b200)     _Fapi_doBlankCheck

0000b267     2c9 (0000b240)     __Fapi_issueFsmCommand

0000b294     2ca (0000b280)     _Fapi_isAddressEcc
0000b2b6     2ca (0000b280)     __Fapi_setupSectorsForWrite

0000b2d8     2cb (0000b2c0)     _Fapi_issueAsyncCommandWithAddress
0000b2f8     2cb (0000b2c0)     _Fapi_waitDelay

0000b312     2cc (0000b300)     _Fapi_flushPipeline
0000b328     2cc (0000b300)     _Fapi_GlobalInit

0000e000     380 (0000e000)     _key
0000e001     380 (0000e000)     _oReturnCheck
0000e002     380 (0000e000)     _fail
0000e004     380 (0000e000)     _longData2
0000e006     380 (0000e000)     _longData1
0000e008     380 (0000e000)     _p
0000e00a     380 (0000e000)     _entrypoint
0000e00c     380 (0000e000)     _BlockHeader
0000e010     380 (0000e000)     _statusCode
0000e014     380 (0000e000)     _oFlashStatusWord
0000e01c     380 (0000e000)     _ReadReserve
0000e026     380 (0000e000)     _Reserved
0000e030     380 (0000e000)     _erasedAlready

0000e040     381 (0000e040)     _Buffer

0000e140     385 (0000e140)     _fail_cla
0000e141     385 (0000e140)     _pass

0000e180     386 (0000e180)     _y

0000e248     389 (0000e240)     _epwm2_info
0000e252     389 (0000e240)     _epwm1_info
0000e25c     389 (0000e240)     _epwm4_info
0000e266     389 (0000e240)     _epwm3_info
0000e270     389 (0000e240)     _AdcbResult
0000e271     389 (0000e240)     _AdccResult
0000e272     389 (0000e240)     _Adcc_V
0000e274     389 (0000e240)     _AdcaResult
0000e276     389 (0000e240)     _Adcb_V
0000e278     389 (0000e240)     _Adca_V
0000e27c     389 (0000e240)     __lock
0000e27e     389 (0000e240)     __unlock

0000e280     38a (0000e280)     _errorFlag
0000e282     38a (0000e280)     _p_c
0000e284     38a (0000e280)     _ucRXMsgData
0000e288     38a (0000e280)     _ucTXMsgData
0000e28c     38a (0000e280)     _sTXCANMessage
0000e296     38a (0000e280)     _sRXCANMessage
0000e2a0     38a (0000e280)     _buffer_convert_1

0000e2c0     38b (0000e2c0)     ___TI_enable_exit_profile_output
0000e2c2     38b (0000e2c0)     ___TI_cleanup_ptr
0000e2c4     38b (0000e2c0)     ___TI_dtors_ptr

00047000    11c0 (00047000)     _Emif1Regs

00047800    11e0 (00047800)     _Emif2Regs

00050000    1400 (00050000)     _IpcRegs
00050024    1400 (00050000)     _FlashPumpSemaphoreRegs

0005d200    1748 (0005d200)     _ClkCfgRegs

0005d300    174c (0005d300)     _CpuSysRegs

0005f000    17c0 (0005f000)     _DcsmZ1Regs

0005f040    17c1 (0005f040)     _DcsmZ2Regs
0005f070    17c1 (0005f040)     _DcsmCommonRegs

0005f400    17d0 (0005f400)     _MemCfgRegs

0005f480    17d2 (0005f480)     _Emif1ConfigRegs

0005f4c0    17d3 (0005f4c0)     _AccessProtectionRegs

0005f500    17d4 (0005f500)     _MemoryErrorRegs

0005f800    17e0 (0005f800)     _Flash0CtrlRegs

0005fb00    17ec (0005fb00)     _Flash0EccRegs

00078000    1e00 (00078000)     _DcsmZ1Otp

00078200    1e08 (00078200)     _DcsmZ2Otp

00082000    2080 (00082000)     _PieVectTableInit


GLOBAL SYMBOLS: SORTED ALPHABETICALLY BY Name 

page  address   name                              
----  -------   ----                              
0     0008220c  .text                             
0     000839bb  C$$EXIT                           
0     00083a67  LL$$AND                           
0     00083a6f  LL$$OR                            
0     00083a77  LL$$XOR                           
0     000822ca  _ADCA1_ISR                        
0     0008254a  _ADCA2_ISR                        
0     00082554  _ADCA3_ISR                        
0     0008255e  _ADCA4_ISR                        
0     00082540  _ADCA_EVT_ISR                     
0     000822d4  _ADCB1_ISR                        
0     00082572  _ADCB2_ISR                        
0     0008257c  _ADCB3_ISR                        
0     00082586  _ADCB4_ISR                        
0     00082568  _ADCB_EVT_ISR                     
0     000822de  _ADCC1_ISR                        
0     000826da  _ADCC2_ISR                        
0     000826e4  _ADCC3_ISR                        
0     000826ee  _ADCC4_ISR                        
0     000826d0  _ADCC_EVT_ISR                     
0     000822fc  _ADCD1_ISR                        
0     00082702  _ADCD2_ISR                        
0     0008270c  _ADCD3_ISR                        
0     00082716  _ADCD4_ISR                        
0     000826f8  _ADCD_EVT_ISR                     
0     00082752  _AUX_PLL_SLIP_ISR                 
1     0005f4c0  _AccessProtectionRegs             
0     00083650  _AdcSetMode                       
0     00083450  _Adc_run                          
1     00007400  _AdcaRegs                         
1     0000e274  _AdcaResult                       
1     00000b00  _AdcaResultRegs                   
1     0000e278  _Adca_V                           
1     00007480  _AdcbRegs                         
1     0000e270  _AdcbResult                       
1     00000b20  _AdcbResultRegs                   
1     0000e276  _Adcb_V                           
1     00007500  _AdccRegs                         
1     0000e271  _AdccResult                       
1     00000b40  _AdccResultRegs                   
1     0000e272  _Adcc_V                           
1     00007580  _AdcdRegs                         
1     00000b60  _AdcdResultRegs                   
0     000830b4  _AuxAuxClkSel                     
0     0008309e  _AuxIntOsc2Sel                    
0     000830a8  _AuxXtalOscSel                    
1     0000e00c  _BlockHeader                      
1     0000e040  _Buffer                           
0     00082518  _CANA0_ISR                        
0     00082522  _CANA1_ISR                        
0     0008252c  _CANB0_ISR                        
0     00082536  _CANB1_ISR                        
0     000828b6  _CANBitRateSet                    
0     00082898  _CANBitTimingGet                  
0     0008292b  _CANBitTimingSet                  
0     00082876  _CANClkSourceSelect               
0     00082872  _CANDisable                       
0     0008286e  _CANEnable                        
0     000829db  _CANErrCntrGet                    
0     00082bde  _CANGlobalIntClear                
0     00082bd8  _CANGlobalIntDisable              
0     00082bd3  _CANGlobalIntEnable               
0     00082be3  _CANGlobalIntstatusGet            
0     000827df  _CANInit                          
0     00082990  _CANIntClear                      
0     0008297a  _CANIntDisable                    
0     00082975  _CANIntEnable                     
0     0008295c  _CANIntRegister                   
0     00082983  _CANIntStatus                     
0     0008296a  _CANIntUnregister                 
0     00082bb2  _CANMessageClear                  
0     00082aed  _CANMessageGet                    
0     000829e9  _CANMessageSet                    
0     000829bf  _CANRetryGet                      
0     000829b4  _CANRetrySet                      
0     000829c5  _CANStatusGet                     
0     00082590  _CLA1_1_ISR                       
0     0008259a  _CLA1_2_ISR                       
0     000825a4  _CLA1_3_ISR                       
0     000825ae  _CLA1_4_ISR                       
0     000825b8  _CLA1_5_ISR                       
0     000825c2  _CLA1_6_ISR                       
0     000825cc  _CLA1_7_ISR                       
0     000825d6  _CLA1_8_ISR                       
0     0008275c  _CLA_OVERFLOW_ISR                 
0     00082766  _CLA_UNDERFLOW_ISR                
0     00083904  _CLA_configClaMemory              
0     00083945  _CLA_initCpu1Cla1                 
0     000836ef  _CalAdcINL                        
1     00001400  _Cla1Regs                         
0     00000ce0  _Cla1SoftIntRegs                  
0     0000a800  _Cla1Task1                        
0     0000a80e  _Cla1Task2                        
0     0000a816  _Cla1Task3                        
0     0000a81e  _Cla1Task4                        
0     0000a826  _Cla1Task5                        
0     0000a82e  _Cla1Task6                        
0     0000a836  _Cla1Task7                        
0     0000a83e  _Cla1Task8                        
0     000860fa  _Cla1funcsLoadEnd                 
abs   00000046  _Cla1funcsLoadSize                
0     000860b4  _Cla1funcsLoadStart               
0     0000a800  _Cla1funcsRunStart                
1     0005d200  _ClkCfgRegs                       
1     00005c80  _Cmpss1Regs                       
1     00005ca0  _Cmpss2Regs                       
1     00005cc0  _Cmpss3Regs                       
1     00005ce0  _Cmpss4Regs                       
1     00005d00  _Cmpss5Regs                       
1     00005d20  _Cmpss6Regs                       
1     00005d40  _Cmpss7Regs                       
1     00005d60  _Cmpss8Regs                       
0     000834d2  _ConfigureADC                     
0     00082bf3  _CopyData                         
1     0005d300  _CpuSysRegs                       
1     00000c00  _CpuTimer0Regs                    
1     00000c08  _CpuTimer1Regs                    
1     00000c10  _CpuTimer2Regs                    
0     0008305d  _CsmUnlock                        
0     00082220  _DATALOG_ISR                      
0     00082464  _DMA_CH1_ISR                      
0     0008246e  _DMA_CH2_ISR                      
0     00082478  _DMA_CH3_ISR                      
0     00082482  _DMA_CH4_ISR                      
0     0008248c  _DMA_CH5_ISR                      
0     00082496  _DMA_CH6_ISR                      
1     00005c00  _DacaRegs                         
1     00005c10  _DacbRegs                         
1     00005c20  _DaccRegs                         
1     0005f070  _DcsmCommonRegs                   
1     00078000  _DcsmZ1Otp                        
1     0005f000  _DcsmZ1Regs                       
1     00078200  _DcsmZ2Otp                        
1     0005f040  _DcsmZ2Regs                       
0     00082f41  _DisableDog                       
0     00082f02  _DisablePeripheralClocks          
1     00007980  _DmaClaSrcSelRegs                 
1     00001000  _DmaRegs                          
0     000823ba  _ECAP1_ISR                        
0     000823c4  _ECAP2_ISR                        
0     000823ce  _ECAP3_ISR                        
0     000823d8  _ECAP4_ISR                        
0     000823e2  _ECAP5_ISR                        
0     000823ec  _ECAP6_ISR                        
1     00005000  _ECap1Regs                        
1     00005020  _ECap2Regs                        
1     00005040  _ECap3Regs                        
1     00005060  _ECap4Regs                        
1     00005080  _ECap5Regs                        
1     000050a0  _ECap6Regs                        
0     00082720  _EMIF_ERROR_ISR                   
0     0008277a  _EMPTY_ISR                        
0     00082234  _EMU_ISR                          
0     00082676  _EPWM10_ISR                       
0     0008264e  _EPWM10_TZ_ISR                    
0     00082680  _EPWM11_ISR                       
0     00082658  _EPWM11_TZ_ISR                    
0     0008268a  _EPWM12_ISR                       
0     00082662  _EPWM12_TZ_ISR                    
0     0008236a  _EPWM1_ISR                        
0     0008231a  _EPWM1_TZ_ISR                     
0     00082374  _EPWM2_ISR                        
0     00082324  _EPWM2_TZ_ISR                     
0     0008237e  _EPWM3_ISR                        
0     0008232e  _EPWM3_TZ_ISR                     
0     00082388  _EPWM4_ISR                        
0     00082338  _EPWM4_TZ_ISR                     
0     00082392  _EPWM5_ISR                        
0     00082342  _EPWM5_TZ_ISR                     
0     0008239c  _EPWM6_ISR                        
0     0008234c  _EPWM6_TZ_ISR                     
0     000823a6  _EPWM7_ISR                        
0     00082356  _EPWM7_TZ_ISR                     
0     000823b0  _EPWM8_ISR                        
0     00082360  _EPWM8_TZ_ISR                     
0     0008266c  _EPWM9_ISR                        
0     00082644  _EPWM9_TZ_ISR                     
1     00004900  _EPwm10Regs                       
1     00004a00  _EPwm11Regs                       
1     00004b00  _EPwm12Regs                       
1     00004000  _EPwm1Regs                        
1     00004100  _EPwm2Regs                        
1     00004200  _EPwm3Regs                        
1     00004300  _EPwm4Regs                        
1     00004400  _EPwm5Regs                        
1     00004500  _EPwm6Regs                        
1     00004600  _EPwm7Regs                        
1     00004700  _EPwm8Regs                        
1     00004800  _EPwm9Regs                        
0     000823f6  _EQEP1_ISR                        
0     00082400  _EQEP2_ISR                        
0     0008240a  _EQEP3_ISR                        
1     00005100  _EQep1Regs                        
1     00005140  _EQep2Regs                        
1     00005180  _EQep3Regs                        
1     0005f480  _Emif1ConfigRegs                  
1     00047000  _Emif1Regs                        
1     00047800  _Emif2Regs                        
1     00000d01  _EmuBMode                         
1     00000d00  _EmuKey                           
0     00083a03  _EnableInterrupts                 
0     0000b3e3  _F28x_usDelay                     
0     00082734  _FLASH_CORRECTABLE_ERROR_ISR      
0     00082608  _FPU_OVERFLOW_ISR                 
0     00082612  _FPU_UNDERFLOW_ISR                
0     0000b328  _Fapi_GlobalInit                  
0     0000b225  _Fapi_doBlankCheck                
0     0000b312  _Fapi_flushPipeline               
0     0000b294  _Fapi_isAddressEcc                
0     0000b2d8  _Fapi_issueAsyncCommandWithAddress
0     0000b000  _Fapi_issueProgrammingCommand     
0     0000b334  _Fapi_serviceWatchdogTimer        
0     0000b389  _Fapi_setupBankSectorEnable       
0     0000b336  _Fapi_setupEepromSectorEnable     
0     0000b2f8  _Fapi_waitDelay                   
0     00082ced  _FindSector                       
0     00082e06  _FindSize                         
1     0005f800  _Flash0CtrlRegs                   
1     0005fb00  _Flash0EccRegs                    
0     0000b3d5  _FlashOff                         
1     00050024  _FlashPumpSemaphoreRegs           
0     00082bed  _GetRamData                       
1     00007f00  _GpioDataRegs                     
0     000830be  _HALT                             
0     000830c7  _HIB                              
0     000824aa  _I2CA_FIFO_ISR                    
0     000824a0  _I2CA_ISR                         
0     000824be  _I2CB_FIFO_ISR                    
0     000824b4  _I2CB_ISR                         
1     00007300  _I2caRegs                         
1     00007340  _I2cbRegs                         
0     000830be  _IDLE                             
0     00082248  _ILLEGAL_ISR                      
0     0008261c  _IPC0_ISR                         
0     00082626  _IPC1_ISR                         
0     00082630  _IPC2_ISR                         
0     0008263a  _IPC3_ISR                         
0     00082fd0  _InitAuxPll                       
0     00083145  _InitEPwm1Example                 
0     000831a0  _InitEPwm2Example                 
0     000831f6  _InitEPwm3Example                 
0     00083241  _InitEPwm4Example                 
0     0000b3ac  _InitFlash                        
0     00082e88  _InitPeripheralClocks             
0     000839e4  _InitPieCtrl                      
0     00083a7f  _InitPieVectTable                 
0     00082e83  _InitSysCtrl                      
0     00082f4f  _InitSysPll                       
0     0008328c  _Init_Pwm                         
0     00083a93  _IntDefaultHandler                
0     00083359  _IntDisable                       
0     000832c9  _IntEnable                        
0     000833d6  _IntIFRClear                      
0     0008329a  _IntMasterDisable                 
0     00083295  _IntMasterEnable                  
0     0008329f  _IntRegister                      
0     000832b3  _IntUnregister                    
0     00083126  _Int_Pwm_Enable                   
1     00050000  _IpcRegs                          
0     0008243c  _MCBSPA_RX_ISR                    
0     00082446  _MCBSPA_TX_ISR                    
0     00082450  _MCBSPB_RX_ISR                    
0     0008245a  _MCBSPB_TX_ISR                    
1     00006000  _McbspaRegs                       
1     00006040  _McbspbRegs                       
1     0005f400  _MemCfgRegs                       
1     0005f500  _MemoryErrorRegs                  
0     0008223e  _NMI_ISR                          
0     00082787  _NOTUSED_ISR                      
1     00007060  _NmiIntruptRegs                   
0     00082770  _PIE_RESERVED_ISR                 
1     00000ce0  _PieCtrlRegs                      
1     00000d00  _PieVectTable                     
0     00082000  _PieVectTableInit                 
0     00083133  _Pie_Register_Pwm                 
0     0008273e  _RAM_ACCESS_VIOLATION_ISR         
0     0008272a  _RAM_CORRECTABLE_ERROR_ISR        
0     0008222a  _RTOS_ISR                         
0     000860b3  _RamfuncsLoadEnd                  
abs   00088334  _RamfuncsLoadEnd_1                
abs   000000b3  _RamfuncsLoadSize                 
abs   00000334  _RamfuncsLoadSize_1               
0     00086000  _RamfuncsLoadStart                
abs   00088000  _RamfuncsLoadStart_1              
0     0000b3e7  _RamfuncsRunEnd                   
abs   0000b334  _RamfuncsRunEnd_1                 
abs   000000b3  _RamfuncsRunSize                  
abs   00000334  _RamfuncsRunSize_1                
0     0000b334  _RamfuncsRunStart                 
abs   0000b000  _RamfuncsRunStart_1               
1     0000e01c  _ReadReserve                      
0     00082e7a  _ReadReservedFn                   
0     00082f29  _ReleaseFlashPump                 
1     0000e026  _Reserved                         
0     000824f0  _SCIA_RX_ISR                      
0     000824fa  _SCIA_TX_ISR                      
0     00082504  _SCIB_RX_ISR                      
0     0008250e  _SCIB_TX_ISR                      
0     000824c8  _SCIC_RX_ISR                      
0     000824d2  _SCIC_TX_ISR                      
0     000824dc  _SCID_RX_ISR                      
0     000824e6  _SCID_TX_ISR                      
0     00082694  _SD1_ISR                          
0     0008269e  _SD2_ISR                          
0     00082414  _SPIA_RX_ISR                      
0     0008241e  _SPIA_TX_ISR                      
0     00082428  _SPIB_RX_ISR                      
0     00082432  _SPIB_TX_ISR                      
0     000826a8  _SPIC_RX_ISR                      
0     000826b2  _SPIC_TX_ISR                      
0     000830c7  _STANDBY                          
0     00082748  _SYS_PLL_SLIP_ISR                 
1     00007200  _SciaRegs                         
1     00007210  _ScibRegs                         
1     00007220  _ScicRegs                         
1     00007230  _ScidRegs                         
1     00005e00  _Sdfm1Regs                        
1     00005e80  _Sdfm2Regs                        
0     00082f1a  _SeizeFlashPump                   
0     00082f33  _ServiceDog                       
0     00083515  _SetupADCSoftware                 
1     00006100  _SpiaRegs                         
1     00006110  _SpibRegs                         
1     00006120  _SpicRegs                         
0     0008307e  _SysIntOsc1Sel                    
0     00083088  _SysIntOsc2Sel                    
0     00083092  _SysXtalOscSel                    
0     00082306  _TIMER0_ISR                       
0     0008220c  _TIMER1_ISR                       
0     00082216  _TIMER2_ISR                       
0     000826bc  _UPPA_ISR                         
0     000826c6  _USBA_ISR                         
0     000822ac  _USER10_ISR                       
0     000822b6  _USER11_ISR                       
0     000822c0  _USER12_ISR                       
0     00082252  _USER1_ISR                        
0     0008225c  _USER2_ISR                        
0     00082266  _USER3_ISR                        
0     00082270  _USER4_ISR                        
0     0008227a  _USER5_ISR                        
0     00082284  _USER6_ISR                        
0     0008228e  _USER7_ISR                        
0     00082298  _USER8_ISR                        
0     000822a2  _USER9_ISR                        
0     000825fe  _VCU_ISR                          
0     00082310  _WAKE_ISR                         
1     00007000  _WdRegs                           
0     000822e8  _XINT1_ISR                        
0     000822f2  _XINT2_ISR                        
0     000825e0  _XINT3_ISR                        
0     000825ea  _XINT4_ISR                        
0     000825f4  _XINT5_ISR                        
1     00007070  _XintRegs                         
0     0000b267  __Fapi_issueFsmCommand            
0     0000b19d  __Fapi_loopRegionForValue         
0     0000b2b6  __Fapi_setupSectorsForWrite       
1     00000600  __STACK_END                       
abs   00000200  __STACK_SIZE                      
1     0000e2c2  ___TI_cleanup_ptr                 
1     0000e2c4  ___TI_dtors_ptr                   
1     0000e2c0  ___TI_enable_exit_profile_output  
abs   ffffffff  ___TI_pprof_out_hndl              
abs   ffffffff  ___TI_prof_data_size              
abs   ffffffff  ___TI_prof_data_start             
abs   ffffffff  ___binit__                        
abs   ffffffff  ___c_args__                       
0     000821cc  ___cinit__                        
0     00083ab6  ___etext__                        
abs   ffffffff  ___pinit__                        
0     0008220c  ___text__                         
0     00083a4e  __args_main                       
1     0000e27c  __lock                            
0     00083aaa  __nop                             
0     00083aa6  __register_lock                   
0     00083aa2  __register_unlock                 
1     00000400  __stack                           
0     00083ab5  __system_post_cinit               
0     00083ab3  __system_pre_init                 
1     0000e27e  __unlock                          
0     000839bb  _abort                            
1     0000e2a0  _buffer_convert_1                 
0     00083965  _c_int00                          
0     00083727  _can_init                         
0     00083797  _can_loop                         
0     00083829  _canbISR                          
0     000837ad  _cla1Isr1                         
0     000837be  _cla1Isr2                         
0     000837cd  _cla1Isr3                         
0     000837dc  _cla1Isr4                         
0     000837eb  _cla1Isr5                         
0     000837fa  _cla1Isr6                         
0     00083809  _cla1Isr7                         
0     00083818  _cla1Isr8                         
0     00083784  _copy_can_to_ram                  
0     00083a0c  _copy_in                          
1     0000e00a  _entrypoint                       
1     0000e252  _epwm1_info                       
0     00083574  _epwm1_isr                        
1     0000e248  _epwm2_info                       
0     000835ab  _epwm2_isr                        
1     0000e266  _epwm3_info                       
0     000835e2  _epwm3_isr                        
1     0000e25c  _epwm4_info                       
0     00083619  _epwm4_isr                        
1     0000e030  _erasedAlready                    
1     0000e280  _errorFlag                        
0     000839bd  _exit                             
1     00001480  _fResult                          
1     00001500  _fVal                             
1     0000e002  _fail                             
1     0000e140  _fail_cla                         
1     0000e000  _key                              
1     0000e006  _longData1                        
1     0000e004  _longData2                        
0     0008389b  _main                             
0     00083a30  _memcpy                           
1     0000e014  _oFlashStatusWord                 
1     0000e001  _oReturnCheck                     
1     0000e008  _p                                
1     0000e282  _p_c                              
1     0000e141  _pass                             
1     0000e296  _sRXCANMessage                    
1     0000e28c  _sTXCANMessage                    
1     0000e010  _statusCode                       
1     0000e284  _ucRXMsgData                      
1     0000e288  _ucTXMsgData                      
0     000830d2  _update_compare                   
1     0000e180  _y                                
abs   ffffffff  binit                             
0     000821cc  cinit                             
0     00080000  code_start                        
0     00083ab6  etext                             
abs   ffffffff  pinit                             


GLOBAL SYMBOLS: SORTED BY Symbol Address 

page  address   name                              
----  -------   ----                              
0     00000ce0  _Cla1SoftIntRegs                  
0     0000a800  _Cla1Task1                        
0     0000a800  _Cla1funcsRunStart                
0     0000a80e  _Cla1Task2                        
0     0000a816  _Cla1Task3                        
0     0000a81e  _Cla1Task4                        
0     0000a826  _Cla1Task5                        
0     0000a82e  _Cla1Task6                        
0     0000a836  _Cla1Task7                        
0     0000a83e  _Cla1Task8                        
0     0000b000  _Fapi_issueProgrammingCommand     
0     0000b19d  __Fapi_loopRegionForValue         
0     0000b225  _Fapi_doBlankCheck                
0     0000b267  __Fapi_issueFsmCommand            
0     0000b294  _Fapi_isAddressEcc                
0     0000b2b6  __Fapi_setupSectorsForWrite       
0     0000b2d8  _Fapi_issueAsyncCommandWithAddress
0     0000b2f8  _Fapi_waitDelay                   
0     0000b312  _Fapi_flushPipeline               
0     0000b328  _Fapi_GlobalInit                  
0     0000b334  _Fapi_serviceWatchdogTimer        
0     0000b334  _RamfuncsRunStart                 
0     0000b336  _Fapi_setupEepromSectorEnable     
0     0000b389  _Fapi_setupBankSectorEnable       
0     0000b3ac  _InitFlash                        
0     0000b3d5  _FlashOff                         
0     0000b3e3  _F28x_usDelay                     
0     0000b3e7  _RamfuncsRunEnd                   
0     00080000  code_start                        
0     00082000  _PieVectTableInit                 
0     000821cc  ___cinit__                        
0     000821cc  cinit                             
0     0008220c  .text                             
0     0008220c  _TIMER1_ISR                       
0     0008220c  ___text__                         
0     00082216  _TIMER2_ISR                       
0     00082220  _DATALOG_ISR                      
0     0008222a  _RTOS_ISR                         
0     00082234  _EMU_ISR                          
0     0008223e  _NMI_ISR                          
0     00082248  _ILLEGAL_ISR                      
0     00082252  _USER1_ISR                        
0     0008225c  _USER2_ISR                        
0     00082266  _USER3_ISR                        
0     00082270  _USER4_ISR                        
0     0008227a  _USER5_ISR                        
0     00082284  _USER6_ISR                        
0     0008228e  _USER7_ISR                        
0     00082298  _USER8_ISR                        
0     000822a2  _USER9_ISR                        
0     000822ac  _USER10_ISR                       
0     000822b6  _USER11_ISR                       
0     000822c0  _USER12_ISR                       
0     000822ca  _ADCA1_ISR                        
0     000822d4  _ADCB1_ISR                        
0     000822de  _ADCC1_ISR                        
0     000822e8  _XINT1_ISR                        
0     000822f2  _XINT2_ISR                        
0     000822fc  _ADCD1_ISR                        
0     00082306  _TIMER0_ISR                       
0     00082310  _WAKE_ISR                         
0     0008231a  _EPWM1_TZ_ISR                     
0     00082324  _EPWM2_TZ_ISR                     
0     0008232e  _EPWM3_TZ_ISR                     
0     00082338  _EPWM4_TZ_ISR                     
0     00082342  _EPWM5_TZ_ISR                     
0     0008234c  _EPWM6_TZ_ISR                     
0     00082356  _EPWM7_TZ_ISR                     
0     00082360  _EPWM8_TZ_ISR                     
0     0008236a  _EPWM1_ISR                        
0     00082374  _EPWM2_ISR                        
0     0008237e  _EPWM3_ISR                        
0     00082388  _EPWM4_ISR                        
0     00082392  _EPWM5_ISR                        
0     0008239c  _EPWM6_ISR                        
0     000823a6  _EPWM7_ISR                        
0     000823b0  _EPWM8_ISR                        
0     000823ba  _ECAP1_ISR                        
0     000823c4  _ECAP2_ISR                        
0     000823ce  _ECAP3_ISR                        
0     000823d8  _ECAP4_ISR                        
0     000823e2  _ECAP5_ISR                        
0     000823ec  _ECAP6_ISR                        
0     000823f6  _EQEP1_ISR                        
0     00082400  _EQEP2_ISR                        
0     0008240a  _EQEP3_ISR                        
0     00082414  _SPIA_RX_ISR                      
0     0008241e  _SPIA_TX_ISR                      
0     00082428  _SPIB_RX_ISR                      
0     00082432  _SPIB_TX_ISR                      
0     0008243c  _MCBSPA_RX_ISR                    
0     00082446  _MCBSPA_TX_ISR                    
0     00082450  _MCBSPB_RX_ISR                    
0     0008245a  _MCBSPB_TX_ISR                    
0     00082464  _DMA_CH1_ISR                      
0     0008246e  _DMA_CH2_ISR                      
0     00082478  _DMA_CH3_ISR                      
0     00082482  _DMA_CH4_ISR                      
0     0008248c  _DMA_CH5_ISR                      
0     00082496  _DMA_CH6_ISR                      
0     000824a0  _I2CA_ISR                         
0     000824aa  _I2CA_FIFO_ISR                    
0     000824b4  _I2CB_ISR                         
0     000824be  _I2CB_FIFO_ISR                    
0     000824c8  _SCIC_RX_ISR                      
0     000824d2  _SCIC_TX_ISR                      
0     000824dc  _SCID_RX_ISR                      
0     000824e6  _SCID_TX_ISR                      
0     000824f0  _SCIA_RX_ISR                      
0     000824fa  _SCIA_TX_ISR                      
0     00082504  _SCIB_RX_ISR                      
0     0008250e  _SCIB_TX_ISR                      
0     00082518  _CANA0_ISR                        
0     00082522  _CANA1_ISR                        
0     0008252c  _CANB0_ISR                        
0     00082536  _CANB1_ISR                        
0     00082540  _ADCA_EVT_ISR                     
0     0008254a  _ADCA2_ISR                        
0     00082554  _ADCA3_ISR                        
0     0008255e  _ADCA4_ISR                        
0     00082568  _ADCB_EVT_ISR                     
0     00082572  _ADCB2_ISR                        
0     0008257c  _ADCB3_ISR                        
0     00082586  _ADCB4_ISR                        
0     00082590  _CLA1_1_ISR                       
0     0008259a  _CLA1_2_ISR                       
0     000825a4  _CLA1_3_ISR                       
0     000825ae  _CLA1_4_ISR                       
0     000825b8  _CLA1_5_ISR                       
0     000825c2  _CLA1_6_ISR                       
0     000825cc  _CLA1_7_ISR                       
0     000825d6  _CLA1_8_ISR                       
0     000825e0  _XINT3_ISR                        
0     000825ea  _XINT4_ISR                        
0     000825f4  _XINT5_ISR                        
0     000825fe  _VCU_ISR                          
0     00082608  _FPU_OVERFLOW_ISR                 
0     00082612  _FPU_UNDERFLOW_ISR                
0     0008261c  _IPC0_ISR                         
0     00082626  _IPC1_ISR                         
0     00082630  _IPC2_ISR                         
0     0008263a  _IPC3_ISR                         
0     00082644  _EPWM9_TZ_ISR                     
0     0008264e  _EPWM10_TZ_ISR                    
0     00082658  _EPWM11_TZ_ISR                    
0     00082662  _EPWM12_TZ_ISR                    
0     0008266c  _EPWM9_ISR                        
0     00082676  _EPWM10_ISR                       
0     00082680  _EPWM11_ISR                       
0     0008268a  _EPWM12_ISR                       
0     00082694  _SD1_ISR                          
0     0008269e  _SD2_ISR                          
0     000826a8  _SPIC_RX_ISR                      
0     000826b2  _SPIC_TX_ISR                      
0     000826bc  _UPPA_ISR                         
0     000826c6  _USBA_ISR                         
0     000826d0  _ADCC_EVT_ISR                     
0     000826da  _ADCC2_ISR                        
0     000826e4  _ADCC3_ISR                        
0     000826ee  _ADCC4_ISR                        
0     000826f8  _ADCD_EVT_ISR                     
0     00082702  _ADCD2_ISR                        
0     0008270c  _ADCD3_ISR                        
0     00082716  _ADCD4_ISR                        
0     00082720  _EMIF_ERROR_ISR                   
0     0008272a  _RAM_CORRECTABLE_ERROR_ISR        
0     00082734  _FLASH_CORRECTABLE_ERROR_ISR      
0     0008273e  _RAM_ACCESS_VIOLATION_ISR         
0     00082748  _SYS_PLL_SLIP_ISR                 
0     00082752  _AUX_PLL_SLIP_ISR                 
0     0008275c  _CLA_OVERFLOW_ISR                 
0     00082766  _CLA_UNDERFLOW_ISR                
0     00082770  _PIE_RESERVED_ISR                 
0     0008277a  _EMPTY_ISR                        
0     00082787  _NOTUSED_ISR                      
0     000827df  _CANInit                          
0     0008286e  _CANEnable                        
0     00082872  _CANDisable                       
0     00082876  _CANClkSourceSelect               
0     00082898  _CANBitTimingGet                  
0     000828b6  _CANBitRateSet                    
0     0008292b  _CANBitTimingSet                  
0     0008295c  _CANIntRegister                   
0     0008296a  _CANIntUnregister                 
0     00082975  _CANIntEnable                     
0     0008297a  _CANIntDisable                    
0     00082983  _CANIntStatus                     
0     00082990  _CANIntClear                      
0     000829b4  _CANRetrySet                      
0     000829bf  _CANRetryGet                      
0     000829c5  _CANStatusGet                     
0     000829db  _CANErrCntrGet                    
0     000829e9  _CANMessageSet                    
0     00082aed  _CANMessageGet                    
0     00082bb2  _CANMessageClear                  
0     00082bd3  _CANGlobalIntEnable               
0     00082bd8  _CANGlobalIntDisable              
0     00082bde  _CANGlobalIntClear                
0     00082be3  _CANGlobalIntstatusGet            
0     00082bed  _GetRamData                       
0     00082bf3  _CopyData                         
0     00082ced  _FindSector                       
0     00082e06  _FindSize                         
0     00082e7a  _ReadReservedFn                   
0     00082e83  _InitSysCtrl                      
0     00082e88  _InitPeripheralClocks             
0     00082f02  _DisablePeripheralClocks          
0     00082f1a  _SeizeFlashPump                   
0     00082f29  _ReleaseFlashPump                 
0     00082f33  _ServiceDog                       
0     00082f41  _DisableDog                       
0     00082f4f  _InitSysPll                       
0     00082fd0  _InitAuxPll                       
0     0008305d  _CsmUnlock                        
0     0008307e  _SysIntOsc1Sel                    
0     00083088  _SysIntOsc2Sel                    
0     00083092  _SysXtalOscSel                    
0     0008309e  _AuxIntOsc2Sel                    
0     000830a8  _AuxXtalOscSel                    
0     000830b4  _AuxAuxClkSel                     
0     000830be  _HALT                             
0     000830be  _IDLE                             
0     000830c7  _HIB                              
0     000830c7  _STANDBY                          
0     000830d2  _update_compare                   
0     00083126  _Int_Pwm_Enable                   
0     00083133  _Pie_Register_Pwm                 
0     00083145  _InitEPwm1Example                 
0     000831a0  _InitEPwm2Example                 
0     000831f6  _InitEPwm3Example                 
0     00083241  _InitEPwm4Example                 
0     0008328c  _Init_Pwm                         
0     00083295  _IntMasterEnable                  
0     0008329a  _IntMasterDisable                 
0     0008329f  _IntRegister                      
0     000832b3  _IntUnregister                    
0     000832c9  _IntEnable                        
0     00083359  _IntDisable                       
0     000833d6  _IntIFRClear                      
0     00083450  _Adc_run                          
0     000834d2  _ConfigureADC                     
0     00083515  _SetupADCSoftware                 
0     00083574  _epwm1_isr                        
0     000835ab  _epwm2_isr                        
0     000835e2  _epwm3_isr                        
0     00083619  _epwm4_isr                        
0     00083650  _AdcSetMode                       
0     000836ef  _CalAdcINL                        
0     00083727  _can_init                         
0     00083784  _copy_can_to_ram                  
0     00083797  _can_loop                         
0     000837ad  _cla1Isr1                         
0     000837be  _cla1Isr2                         
0     000837cd  _cla1Isr3                         
0     000837dc  _cla1Isr4                         
0     000837eb  _cla1Isr5                         
0     000837fa  _cla1Isr6                         
0     00083809  _cla1Isr7                         
0     00083818  _cla1Isr8                         
0     00083829  _canbISR                          
0     0008389b  _main                             
0     00083904  _CLA_configClaMemory              
0     00083945  _CLA_initCpu1Cla1                 
0     00083965  _c_int00                          
0     000839bb  C$$EXIT                           
0     000839bb  _abort                            
0     000839bd  _exit                             
0     000839e4  _InitPieCtrl                      
0     00083a03  _EnableInterrupts                 
0     00083a0c  _copy_in                          
0     00083a30  _memcpy                           
0     00083a4e  __args_main                       
0     00083a67  LL$$AND                           
0     00083a6f  LL$$OR                            
0     00083a77  LL$$XOR                           
0     00083a7f  _InitPieVectTable                 
0     00083a93  _IntDefaultHandler                
0     00083aa2  __register_unlock                 
0     00083aa6  __register_lock                   
0     00083aaa  __nop                             
0     00083ab3  __system_pre_init                 
0     00083ab5  __system_post_cinit               
0     00083ab6  ___etext__                        
0     00083ab6  etext                             
0     00086000  _RamfuncsLoadStart                
0     000860b3  _RamfuncsLoadEnd                  
0     000860b4  _Cla1funcsLoadStart               
0     000860fa  _Cla1funcsLoadEnd                 
1     00000400  __stack                           
1     00000600  __STACK_END                       
1     00000b00  _AdcaResultRegs                   
1     00000b20  _AdcbResultRegs                   
1     00000b40  _AdccResultRegs                   
1     00000b60  _AdcdResultRegs                   
1     00000c00  _CpuTimer0Regs                    
1     00000c08  _CpuTimer1Regs                    
1     00000c10  _CpuTimer2Regs                    
1     00000ce0  _PieCtrlRegs                      
1     00000d00  _EmuKey                           
1     00000d00  _PieVectTable                     
1     00000d01  _EmuBMode                         
1     00001000  _DmaRegs                          
1     00001400  _Cla1Regs                         
1     00001480  _fResult                          
1     00001500  _fVal                             
1     00004000  _EPwm1Regs                        
1     00004100  _EPwm2Regs                        
1     00004200  _EPwm3Regs                        
1     00004300  _EPwm4Regs                        
1     00004400  _EPwm5Regs                        
1     00004500  _EPwm6Regs                        
1     00004600  _EPwm7Regs                        
1     00004700  _EPwm8Regs                        
1     00004800  _EPwm9Regs                        
1     00004900  _EPwm10Regs                       
1     00004a00  _EPwm11Regs                       
1     00004b00  _EPwm12Regs                       
1     00005000  _ECap1Regs                        
1     00005020  _ECap2Regs                        
1     00005040  _ECap3Regs                        
1     00005060  _ECap4Regs                        
1     00005080  _ECap5Regs                        
1     000050a0  _ECap6Regs                        
1     00005100  _EQep1Regs                        
1     00005140  _EQep2Regs                        
1     00005180  _EQep3Regs                        
1     00005c00  _DacaRegs                         
1     00005c10  _DacbRegs                         
1     00005c20  _DaccRegs                         
1     00005c80  _Cmpss1Regs                       
1     00005ca0  _Cmpss2Regs                       
1     00005cc0  _Cmpss3Regs                       
1     00005ce0  _Cmpss4Regs                       
1     00005d00  _Cmpss5Regs                       
1     00005d20  _Cmpss6Regs                       
1     00005d40  _Cmpss7Regs                       
1     00005d60  _Cmpss8Regs                       
1     00005e00  _Sdfm1Regs                        
1     00005e80  _Sdfm2Regs                        
1     00006000  _McbspaRegs                       
1     00006040  _McbspbRegs                       
1     00006100  _SpiaRegs                         
1     00006110  _SpibRegs                         
1     00006120  _SpicRegs                         
1     00007000  _WdRegs                           
1     00007060  _NmiIntruptRegs                   
1     00007070  _XintRegs                         
1     00007200  _SciaRegs                         
1     00007210  _ScibRegs                         
1     00007220  _ScicRegs                         
1     00007230  _ScidRegs                         
1     00007300  _I2caRegs                         
1     00007340  _I2cbRegs                         
1     00007400  _AdcaRegs                         
1     00007480  _AdcbRegs                         
1     00007500  _AdccRegs                         
1     00007580  _AdcdRegs                         
1     00007980  _DmaClaSrcSelRegs                 
1     00007f00  _GpioDataRegs                     
1     0000e000  _key                              
1     0000e001  _oReturnCheck                     
1     0000e002  _fail                             
1     0000e004  _longData2                        
1     0000e006  _longData1                        
1     0000e008  _p                                
1     0000e00a  _entrypoint                       
1     0000e00c  _BlockHeader                      
1     0000e010  _statusCode                       
1     0000e014  _oFlashStatusWord                 
1     0000e01c  _ReadReserve                      
1     0000e026  _Reserved                         
1     0000e030  _erasedAlready                    
1     0000e040  _Buffer                           
1     0000e140  _fail_cla                         
1     0000e141  _pass                             
1     0000e180  _y                                
1     0000e248  _epwm2_info                       
1     0000e252  _epwm1_info                       
1     0000e25c  _epwm4_info                       
1     0000e266  _epwm3_info                       
1     0000e270  _AdcbResult                       
1     0000e271  _AdccResult                       
1     0000e272  _Adcc_V                           
1     0000e274  _AdcaResult                       
1     0000e276  _Adcb_V                           
1     0000e278  _Adca_V                           
1     0000e27c  __lock                            
1     0000e27e  __unlock                          
1     0000e280  _errorFlag                        
1     0000e282  _p_c                              
1     0000e284  _ucRXMsgData                      
1     0000e288  _ucTXMsgData                      
1     0000e28c  _sTXCANMessage                    
1     0000e296  _sRXCANMessage                    
1     0000e2a0  _buffer_convert_1                 
1     0000e2c0  ___TI_enable_exit_profile_output  
1     0000e2c2  ___TI_cleanup_ptr                 
1     0000e2c4  ___TI_dtors_ptr                   
1     00047000  _Emif1Regs                        
1     00047800  _Emif2Regs                        
1     00050000  _IpcRegs                          
1     00050024  _FlashPumpSemaphoreRegs           
1     0005d200  _ClkCfgRegs                       
1     0005d300  _CpuSysRegs                       
1     0005f000  _DcsmZ1Regs                       
1     0005f040  _DcsmZ2Regs                       
1     0005f070  _DcsmCommonRegs                   
1     0005f400  _MemCfgRegs                       
1     0005f480  _Emif1ConfigRegs                  
1     0005f4c0  _AccessProtectionRegs             
1     0005f500  _MemoryErrorRegs                  
1     0005f800  _Flash0CtrlRegs                   
1     0005fb00  _Flash0EccRegs                    
1     00078000  _DcsmZ1Otp                        
1     00078200  _DcsmZ2Otp                        
abs   00000046  _Cla1funcsLoadSize                
abs   000000b3  _RamfuncsLoadSize                 
abs   000000b3  _RamfuncsRunSize                  
abs   00000200  __STACK_SIZE                      
abs   00000334  _RamfuncsLoadSize_1               
abs   00000334  _RamfuncsRunSize_1                
abs   0000b000  _RamfuncsRunStart_1               
abs   0000b334  _RamfuncsRunEnd_1                 
abs   00088000  _RamfuncsLoadStart_1              
abs   00088334  _RamfuncsLoadEnd_1                
abs   ffffffff  ___TI_pprof_out_hndl              
abs   ffffffff  ___TI_prof_data_size              
abs   ffffffff  ___TI_prof_data_start             
abs   ffffffff  ___binit__                        
abs   ffffffff  ___c_args__                       
abs   ffffffff  ___pinit__                        
abs   ffffffff  binit                             
abs   ffffffff  pinit                             

[433 symbols]
