******************************************************************************
             TMS320C2000 Linker PC v16.9.1                     
******************************************************************************
>> Linked Tue Mar 28 16:22:02 2017

OUTPUT FILE NAME:   <adc.out>
ENTRY POINT SYMBOL: "_c_int00"  address: 0000b631


MEMORY CONFIGURATION

         name            origin    length      used     unused   attr    fill
----------------------  --------  ---------  --------  --------  ----  --------
PAGE 0:
  BEGIN                 00000000   00000002  00000000  00000002  RWIX
  RAMM0                 00000122   000002de  000002de  00000000  RWIX
  RAMLS0                00008000   00000800  00000000  00000800  RWIX
  RAMLS1                00008800   00000800  00000000  00000800  RWIX
  RAMLS2                00009000   00000800  00000000  00000800  RWIX
  RAMLS3                00009800   00000800  00000000  00000800  RWIX
  RAMLS4                0000a000   00000800  00000000  00000800  RWIX
  RAMD0                 0000b000   00000800  000006e2  0000011e  RWIX
  RESET                 003fffc0   00000002  00000000  00000002  RWIX

PAGE 1:
  BOOT_RSVD             00000002   00000120  00000000  00000120  RWIX
  RAMM1                 00000400   00000400  00000000  00000400  RWIX
  RAMLS5                0000a800   00000800  00000000  00000800  RWIX
  RAMD1                 0000b800   00000800  00000000  00000800  RWIX
  RAMGS0                0000c000   00001000  00000000  00001000  RWIX
  RAMGS1                0000d000   00001000  00000000  00001000  RWIX
  RAMGS2                0000e000   00001000  00000000  00001000  RWIX
  RAMGS3                0000f000   00001000  00000000  00001000  RWIX
  RAMGS4                00010000   00001000  00000000  00001000  RWIX
  RAMGS5                00011000   00001000  00000000  00001000  RWIX
  RAMGS6                00012000   00001000  00000000  00001000  RWIX
  RAMGS7                00013000   00001000  00000016  00000fea  RWIX
  RAMGS8                00014000   00001000  00000000  00001000  RWIX
  RAMGS9                00015000   00001000  00000000  00001000  RWIX
  RAMGS10               00016000   00001000  00000000  00001000  RWIX
  RAMGS11               00017000   00001000  00000000  00001000  RWIX
  RAMGS12               00018000   00001000  00000000  00001000  RWIX
  RAMGS13               00019000   00001000  00000400  00000c00  RWIX
  RAMGS14               0001a000   00001000  00000000  00001000  RWIX
  RAMGS15               0001b000   00001000  00000000  00001000  RWIX
  CPU2TOCPU1RAM         0003f800   00000400  00000000  00000400  RWIX
  CPU1TOCPU2RAM         0003fc00   00000400  00000000  00000400  RWIX
  CANA_MSG_RAM          00049000   00000800  00000000  00000800  RWIX
  CANB_MSG_RAM          0004b000   00000800  00000000  00000800  RWIX


SECTION ALLOCATION MAP

 output                                  attributes/
section   page    origin      length       input sections
--------  ----  ----------  ----------   ----------------
.cinit     0    00000122    00000026     
                  00000122    0000000e     rts2800_fpu32.lib : exit.obj (.cinit)
                  00000130    0000000c     main.obj (.cinit)
                  0000013c    00000005     rts2800_fpu32.lib : _lock.obj (.cinit:__lock)
                  00000141    00000005                       : _lock.obj (.cinit:__unlock)
                  00000146    00000002     --HOLE-- [fill = 0]

.pinit     0    00000122    00000000     UNINITIALIZED

.reset     0    003fffc0    00000002     DSECT
                  003fffc0    00000002     rts2800_fpu32.lib : boot28.obj (.reset)

.TI.ramfunc 
*          0    00000148    00000004     
                  00000148    00000004     lib_cpu1.lib : sysctl.obj (.TI.ramfunc)

.text.1    0    0000014c    000002b4     
                  0000014c    000001b6     lib_cpu1.lib : device.obj (.text)
                  00000302    000000c9                  : adc.obj (.text)
                  000003cb    00000029     rts2800_fpu32.lib : exit.obj (.text)
                  000003f4    00000009                       : _lock.obj (.text)
                  000003fd    00000002                       : pre_init.obj (.text)
                  000003ff    00000001                       : startup.obj (.text)

.text.2    0    0000b000    000006e2     
                  0000b000    00000310     lib_cpu1.lib : sysctl.obj (.text)
                  0000b310    0000019c                  : interrupt.obj (.text)
                  0000b4ac    00000185     main.obj (.text)
                  0000b631    00000056     rts2800_fpu32.lib : boot28.obj (.text)
                  0000b687    00000024                       : cpy_tbl.obj (.text)
                  0000b6ab    0000001e                       : memcpy.obj (.text)
                  0000b6c9    00000019                       : args_main.obj (.text)

.ebss      1    00013000    00000016     UNINITIALIZED
                  00013000    0000000c     main.obj (.ebss)
                  0001300c    00000006     rts2800_fpu32.lib : exit.obj (.ebss)
                  00013012    00000002                       : _lock.obj (.ebss:__lock)
                  00013014    00000002                       : _lock.obj (.ebss:__unlock)

.stack     1    00019000    00000400     UNINITIALIZED
                  00019000    00000400     --HOLE--

GETBUFFER 
*          0    0003f800    00000000     DSECT

GETWRITEIDX 
*          0    0003f800    00000000     DSECT

PUTREADIDX 
*          0    0003f800    00000000     DSECT

MODULE SUMMARY

       Module          code   initialized data   uninitialized data
       ------          ----   ----------------   ------------------
    .\
       main.obj        389    12                 12                
    +--+---------------+------+------------------+--------------------+
       Total:          389    12                 12                
                                                                   
    ../../../Library/lib_cpu1.lib
       sysctl.obj      788    0                  0                 
       device.obj      438    0                  0                 
       interrupt.obj   412    0                  0                 
       adc.obj         201    0                  0                 
    +--+---------------+------+------------------+--------------------+
       Total:          1839   0                  0                 
                                                                   
    D:\ti\ccs7\ccsv7\tools\compiler\ti-cgt-c2000_16.9.1.LTS\lib\rts2800_fpu32.lib
       boot28.obj      86     0                  0                 
       exit.obj        41     14                 6                 
       cpy_tbl.obj     36     0                  0                 
       memcpy.obj      30     0                  0                 
       args_main.obj   25     0                  0                 
       _lock.obj       9      10                 4                 
       pre_init.obj    2      0                  0                 
       startup.obj     1      0                  0                 
    +--+---------------+------+------------------+--------------------+
       Total:          230    24                 10                
                                                                   
       Stack:          0      0                  1024              
    +--+---------------+------+------------------+--------------------+
       Grand Total:    2458   36                 1046              


GLOBAL DATA SYMBOLS: SORTED BY DATA PAGE

address     data page           name
--------    ----------------    ----
00013000     4c0 (00013000)     _adcBResult1
00013001     4c0 (00013000)     _p_t
00013002     4c0 (00013000)     _adcBResult0
00013003     4c0 (00013000)     _p_s
00013004     4c0 (00013000)     _adcAResult0
00013005     4c0 (00013000)     _adcAResult1
00013006     4c0 (00013000)     _p
00013008     4c0 (00013000)     _data_t
0001300c     4c0 (00013000)     ___TI_enable_exit_profile_output
0001300e     4c0 (00013000)     ___TI_cleanup_ptr
00013010     4c0 (00013000)     ___TI_dtors_ptr
00013012     4c0 (00013000)     __lock
00013014     4c0 (00013000)     __unlock

00019000     640 (00019000)     __stack


GLOBAL SYMBOLS: SORTED ALPHABETICALLY BY Name 

page  address   name                                      
----  -------   ----                                      
abs   ffffffff  .text                                     
0     000003cb  C$$EXIT                                   
0     00000302  _ADC_setMode                              
0     00000399  _ADC_setPPBTripLimits                     
0     0000019b  _Device_enableAllPeripherals              
0     000002e5  _Device_enableUnbondedGPIOPullups         
0     000002c2  _Device_enableUnbondedGPIOPullupsFor100Pin
0     000002ab  _Device_enableUnbondedGPIOPullupsFor176Pin
0     0000018e  _Device_init                              
0     0000028a  _Device_initGPIO                          
0     0000b462  _Interrupt_disable                        
0     0000b42f  _Interrupt_enable                         
0     0000b3bb  _Interrupt_initModule                     
0     0000b40f  _Interrupt_initVectorTable                
0     00000148  _SysCtl_delay                             
0     0000b082  _SysCtl_getAuxClock                       
0     0000b014  _SysCtl_getClock                          
0     0000b2ab  _SysCtl_getDeviceParametric               
0     0000b291  _SysCtl_getLowSpeedClock                  
0     0000b262  _SysCtl_selectOscSource                   
0     0000b173  _SysCtl_setAuxClock                       
0     0000b0c7  _SysCtl_setClock                          
1     00019400  __STACK_END                               
abs   00000400  __STACK_SIZE                              
1     0001300e  ___TI_cleanup_ptr                         
1     00013010  ___TI_dtors_ptr                           
1     0001300c  ___TI_enable_exit_profile_output          
abs   ffffffff  ___TI_pprof_out_hndl                      
abs   ffffffff  ___TI_prof_data_size                      
abs   ffffffff  ___TI_prof_data_start                     
abs   ffffffff  ___binit__                                
abs   ffffffff  ___c_args__                               
0     00000122  ___cinit__                                
0     000002fb  ___error__                                
abs   ffffffff  ___etext__                                
abs   ffffffff  ___pinit__                                
abs   ffffffff  ___text__                                 
0     0000b6c9  __args_main                               
1     00013012  __lock                                    
0     000003fc  __nop                                     
0     000003f8  __register_lock                           
0     000003f4  __register_unlock                         
1     00019000  __stack                                   
0     000003ff  __system_post_cinit                       
0     000003fd  __system_pre_init                         
1     00013014  __unlock                                  
0     000003cb  _abort                                    
1     00013004  _adcAResult0                              
1     00013005  _adcAResult1                              
1     00013002  _adcBResult0                              
1     00013000  _adcBResult1                              
0     0000b631  _c_int00                                  
0     0000b687  _copy_in                                  
1     00013008  _data_t                                   
0     000003cd  _exit                                     
0     0000b5e8  _initADCSOCs                              
0     0000b5b2  _initADCs                                 
0     0000b554  _main                                     
0     0000b6ab  _memcpy                                   
1     00013006  _p                                        
1     00013003  _p_s                                      
1     00013001  _p_t                                      
0     0000b566  _startADC                                 
abs   ffffffff  binit                                     
0     00000122  cinit                                     
abs   ffffffff  etext                                     
abs   ffffffff  pinit                                     


GLOBAL SYMBOLS: SORTED BY Symbol Address 

page  address   name                                      
----  -------   ----                                      
0     00000122  ___cinit__                                
0     00000122  cinit                                     
0     00000148  _SysCtl_delay                             
0     0000018e  _Device_init                              
0     0000019b  _Device_enableAllPeripherals              
0     0000028a  _Device_initGPIO                          
0     000002ab  _Device_enableUnbondedGPIOPullupsFor176Pin
0     000002c2  _Device_enableUnbondedGPIOPullupsFor100Pin
0     000002e5  _Device_enableUnbondedGPIOPullups         
0     000002fb  ___error__                                
0     00000302  _ADC_setMode                              
0     00000399  _ADC_setPPBTripLimits                     
0     000003cb  C$$EXIT                                   
0     000003cb  _abort                                    
0     000003cd  _exit                                     
0     000003f4  __register_unlock                         
0     000003f8  __register_lock                           
0     000003fc  __nop                                     
0     000003fd  __system_pre_init                         
0     000003ff  __system_post_cinit                       
0     0000b014  _SysCtl_getClock                          
0     0000b082  _SysCtl_getAuxClock                       
0     0000b0c7  _SysCtl_setClock                          
0     0000b173  _SysCtl_setAuxClock                       
0     0000b262  _SysCtl_selectOscSource                   
0     0000b291  _SysCtl_getLowSpeedClock                  
0     0000b2ab  _SysCtl_getDeviceParametric               
0     0000b3bb  _Interrupt_initModule                     
0     0000b40f  _Interrupt_initVectorTable                
0     0000b42f  _Interrupt_enable                         
0     0000b462  _Interrupt_disable                        
0     0000b554  _main                                     
0     0000b566  _startADC                                 
0     0000b5b2  _initADCs                                 
0     0000b5e8  _initADCSOCs                              
0     0000b631  _c_int00                                  
0     0000b687  _copy_in                                  
0     0000b6ab  _memcpy                                   
0     0000b6c9  __args_main                               
1     00013000  _adcBResult1                              
1     00013001  _p_t                                      
1     00013002  _adcBResult0                              
1     00013003  _p_s                                      
1     00013004  _adcAResult0                              
1     00013005  _adcAResult1                              
1     00013006  _p                                        
1     00013008  _data_t                                   
1     0001300c  ___TI_enable_exit_profile_output          
1     0001300e  ___TI_cleanup_ptr                         
1     00013010  ___TI_dtors_ptr                           
1     00013012  __lock                                    
1     00013014  __unlock                                  
1     00019000  __stack                                   
1     00019400  __STACK_END                               
abs   00000400  __STACK_SIZE                              
abs   ffffffff  .text                                     
abs   ffffffff  ___TI_pprof_out_hndl                      
abs   ffffffff  ___TI_prof_data_size                      
abs   ffffffff  ___TI_prof_data_start                     
abs   ffffffff  ___binit__                                
abs   ffffffff  ___c_args__                               
abs   ffffffff  ___etext__                                
abs   ffffffff  ___pinit__                                
abs   ffffffff  ___text__                                 
abs   ffffffff  binit                                     
abs   ffffffff  etext                                     
abs   ffffffff  pinit                                     

[67 symbols]
