******************************************************************************
             TMS320C2000 Linker PC v16.9.1                     
******************************************************************************
>> Linked Tue Mar 28 16:19:59 2017

OUTPUT FILE NAME:   <led.out>
ENTRY POINT SYMBOL: "_c_int00"  address: 0000b662


MEMORY CONFIGURATION

         name            origin    length      used     unused   attr    fill
----------------------  --------  ---------  --------  --------  ----  --------
PAGE 0:
  BEGIN                 00000000   00000002  00000000  00000002  RWIX
  RAMM0                 00000122   000002de  000002db  00000003  RWIX
  RAMLS0                00008000   00000800  00000000  00000800  RWIX
  RAMLS1                00008800   00000800  00000000  00000800  RWIX
  RAMLS2                00009000   00000800  00000000  00000800  RWIX
  RAMLS3                00009800   00000800  00000000  00000800  RWIX
  RAMLS4                0000a000   00000800  00000000  00000800  RWIX
  RAMD0                 0000b000   00000800  00000745  000000bb  RWIX
  RESET                 003fffc0   00000002  00000000  00000002  RWIX

PAGE 1:
  BOOT_RSVD             00000002   00000120  00000000  00000120  RWIX
  RAMM1                 00000400   00000400  00000000  00000400  RWIX
  RAMLS5                0000a800   00000800  00000000  00000800  RWIX
  RAMD1                 0000b800   00000800  00000000  00000800  RWIX
  RAMGS0                0000c000   00001000  00000000  00001000  RWIX
  RAMGS1                0000d000   00001000  00000000  00001000  RWIX
  RAMGS2                0000e000   00001000  00000000  00001000  RWIX
  RAMGS3                0000f000   00001000  00000000  00001000  RWIX
  RAMGS4                00010000   00001000  00000000  00001000  RWIX
  RAMGS5                00011000   00001000  00000000  00001000  RWIX
  RAMGS6                00012000   00001000  00000000  00001000  RWIX
  RAMGS7                00013000   00001000  0000000a  00000ff6  RWIX
  RAMGS8                00014000   00001000  00000000  00001000  RWIX
  RAMGS9                00015000   00001000  00000000  00001000  RWIX
  RAMGS10               00016000   00001000  00000000  00001000  RWIX
  RAMGS11               00017000   00001000  00000000  00001000  RWIX
  RAMGS12               00018000   00001000  00000000  00001000  RWIX
  RAMGS13               00019000   00001000  00000400  00000c00  RWIX
  RAMGS14               0001a000   00001000  00000000  00001000  RWIX
  RAMGS15               0001b000   00001000  00000000  00001000  RWIX
  CPU2TOCPU1RAM         0003f800   00000400  00000000  00000400  RWIX
  CPU1TOCPU2RAM         0003fc00   00000400  00000000  00000400  RWIX
  CANA_MSG_RAM          00049000   00000800  00000000  00000800  RWIX
  CANB_MSG_RAM          0004b000   00000800  00000000  00000800  RWIX


SECTION ALLOCATION MAP

 output                                  attributes/
section   page    origin      length       input sections
--------  ----  ----------  ----------   ----------------
.cinit     0    00000122    0000001a     
                  00000122    0000000e     rts2800_fpu32.lib : exit.obj (.cinit)
                  00000130    00000005                       : _lock.obj (.cinit:__lock)
                  00000135    00000005                       : _lock.obj (.cinit:__unlock)
                  0000013a    00000002     --HOLE-- [fill = 0]

.pinit     0    00000122    00000000     UNINITIALIZED

.reset     0    003fffc0    00000002     DSECT
                  003fffc0    00000002     rts2800_fpu32.lib : boot28.obj (.reset)

.TI.ramfunc 
*          0    0000013c    00000004     
                  0000013c    00000004     lib_cpu1.lib : sysctl.obj (.TI.ramfunc)

.text.1    0    00000140    000002bd     
                  00000140    000001eb     lib_cpu1.lib : gpio.obj (.text)
                  0000032b    000000cf     main.obj (.text)
                  000003fa    00000002     rts2800_fpu32.lib : pre_init.obj (.text)
                  000003fc    00000001                       : startup.obj (.text)

.text.2    0    0000b000    00000745     
                  0000b000    00000310     lib_cpu1.lib : sysctl.obj (.text)
                  0000b310    000001b6                  : device.obj (.text)
                  0000b4c6    0000019c                  : interrupt.obj (.text)
                  0000b662    00000056     rts2800_fpu32.lib : boot28.obj (.text)
                  0000b6b8    00000029                       : exit.obj (.text)
                  0000b6e1    00000024                       : cpy_tbl.obj (.text)
                  0000b705    0000001e                       : memcpy.obj (.text)
                  0000b723    00000019                       : args_main.obj (.text)
                  0000b73c    00000009                       : _lock.obj (.text)

.ebss      1    00013000    0000000a     UNINITIALIZED
                  00013000    00000006     rts2800_fpu32.lib : exit.obj (.ebss)
                  00013006    00000002                       : _lock.obj (.ebss:__lock)
                  00013008    00000002                       : _lock.obj (.ebss:__unlock)

.stack     1    00019000    00000400     UNINITIALIZED
                  00019000    00000400     --HOLE--

GETBUFFER 
*          0    0003f800    00000000     DSECT

GETWRITEIDX 
*          0    0003f800    00000000     DSECT

PUTREADIDX 
*          0    0003f800    00000000     DSECT

MODULE SUMMARY

       Module          code   initialized data   uninitialized data
       ------          ----   ----------------   ------------------
    .\
       main.obj        207    0                  0                 
    +--+---------------+------+------------------+--------------------+
       Total:          207    0                  0                 
                                                                   
    ../../../Library/lib_cpu1.lib
       sysctl.obj      788    0                  0                 
       gpio.obj        491    0                  0                 
       device.obj      438    0                  0                 
       interrupt.obj   412    0                  0                 
    +--+---------------+------+------------------+--------------------+
       Total:          2129   0                  0                 
                                                                   
    D:\ti\ccs7\ccsv7\tools\compiler\ti-cgt-c2000_16.9.1.LTS\lib\rts2800_fpu32.lib
       boot28.obj      86     0                  0                 
       exit.obj        41     14                 6                 
       cpy_tbl.obj     36     0                  0                 
       memcpy.obj      30     0                  0                 
       args_main.obj   25     0                  0                 
       _lock.obj       9      10                 4                 
       pre_init.obj    2      0                  0                 
       startup.obj     1      0                  0                 
    +--+---------------+------+------------------+--------------------+
       Total:          230    24                 10                
                                                                   
       Stack:          0      0                  1024              
    +--+---------------+------+------------------+--------------------+
       Grand Total:    2566   24                 1034              


GLOBAL DATA SYMBOLS: SORTED BY DATA PAGE

address     data page           name
--------    ----------------    ----
00013000     4c0 (00013000)     ___TI_enable_exit_profile_output
00013002     4c0 (00013000)     ___TI_cleanup_ptr
00013004     4c0 (00013000)     ___TI_dtors_ptr
00013006     4c0 (00013000)     __lock
00013008     4c0 (00013000)     __unlock

00019000     640 (00019000)     __stack


GLOBAL SYMBOLS: SORTED ALPHABETICALLY BY Name 

page  address   name                                      
----  -------   ----                                      
abs   ffffffff  .text                                     
0     0000b6b8  C$$EXIT                                   
0     0000b35f  _Device_enableAllPeripherals              
0     0000b4a9  _Device_enableUnbondedGPIOPullups         
0     0000b486  _Device_enableUnbondedGPIOPullupsFor100Pin
0     0000b46f  _Device_enableUnbondedGPIOPullupsFor176Pin
0     0000b352  _Device_init                              
0     0000b44e  _Device_initGPIO                          
0     00000174  _GPIO_getDirectionMode                    
0     000001fd  _GPIO_getPadConfig                        
0     0000025d  _GPIO_getQualificationMode                
0     000002cc  _GPIO_setAnalogMode                       
0     0000014d  _GPIO_setDirectionMode                    
0     0000018a  _GPIO_setInterruptPin                     
0     000002a0  _GPIO_setMasterCore                       
0     000001b5  _GPIO_setPadConfig                        
0     000002f4  _GPIO_setPinConfig                        
0     00000231  _GPIO_setQualificationMode                
0     0000027e  _GPIO_setQualificationPeriod              
0     000003a7  _GPIO_setup                               
0     0000b618  _Interrupt_disable                        
0     0000b5e5  _Interrupt_enable                         
0     0000b571  _Interrupt_initModule                     
0     0000b5c5  _Interrupt_initVectorTable                
0     0000013c  _SysCtl_delay                             
0     0000b082  _SysCtl_getAuxClock                       
0     0000b014  _SysCtl_getClock                          
0     0000b2ab  _SysCtl_getDeviceParametric               
0     0000b291  _SysCtl_getLowSpeedClock                  
0     0000b262  _SysCtl_selectOscSource                   
0     0000b173  _SysCtl_setAuxClock                       
0     0000b0c7  _SysCtl_setClock                          
1     00019400  __STACK_END                               
abs   00000400  __STACK_SIZE                              
1     00013002  ___TI_cleanup_ptr                         
1     00013004  ___TI_dtors_ptr                           
1     00013000  ___TI_enable_exit_profile_output          
abs   ffffffff  ___TI_pprof_out_hndl                      
abs   ffffffff  ___TI_prof_data_size                      
abs   ffffffff  ___TI_prof_data_start                     
abs   ffffffff  ___binit__                                
abs   ffffffff  ___c_args__                               
0     00000122  ___cinit__                                
0     0000b4bf  ___error__                                
abs   ffffffff  ___etext__                                
abs   ffffffff  ___pinit__                                
abs   ffffffff  ___text__                                 
0     0000b723  __args_main                               
1     00013006  __lock                                    
0     0000b744  __nop                                     
0     0000b740  __register_lock                           
0     0000b73c  __register_unlock                         
1     00019000  __stack                                   
0     000003fc  __system_post_cinit                       
0     000003fa  __system_pre_init                         
1     00013008  __unlock                                  
0     0000b6b8  _abort                                    
0     0000b662  _c_int00                                  
0     0000b6e1  _copy_in                                  
0     0000b6ba  _exit                                     
0     0000035b  _main                                     
0     0000b705  _memcpy                                   
abs   ffffffff  binit                                     
0     00000122  cinit                                     
abs   ffffffff  etext                                     
abs   ffffffff  pinit                                     


GLOBAL SYMBOLS: SORTED BY Symbol Address 

page  address   name                                      
----  -------   ----                                      
0     00000122  ___cinit__                                
0     00000122  cinit                                     
0     0000013c  _SysCtl_delay                             
0     0000014d  _GPIO_setDirectionMode                    
0     00000174  _GPIO_getDirectionMode                    
0     0000018a  _GPIO_setInterruptPin                     
0     000001b5  _GPIO_setPadConfig                        
0     000001fd  _GPIO_getPadConfig                        
0     00000231  _GPIO_setQualificationMode                
0     0000025d  _GPIO_getQualificationMode                
0     0000027e  _GPIO_setQualificationPeriod              
0     000002a0  _GPIO_setMasterCore                       
0     000002cc  _GPIO_setAnalogMode                       
0     000002f4  _GPIO_setPinConfig                        
0     0000035b  _main                                     
0     000003a7  _GPIO_setup                               
0     000003fa  __system_pre_init                         
0     000003fc  __system_post_cinit                       
0     0000b014  _SysCtl_getClock                          
0     0000b082  _SysCtl_getAuxClock                       
0     0000b0c7  _SysCtl_setClock                          
0     0000b173  _SysCtl_setAuxClock                       
0     0000b262  _SysCtl_selectOscSource                   
0     0000b291  _SysCtl_getLowSpeedClock                  
0     0000b2ab  _SysCtl_getDeviceParametric               
0     0000b352  _Device_init                              
0     0000b35f  _Device_enableAllPeripherals              
0     0000b44e  _Device_initGPIO                          
0     0000b46f  _Device_enableUnbondedGPIOPullupsFor176Pin
0     0000b486  _Device_enableUnbondedGPIOPullupsFor100Pin
0     0000b4a9  _Device_enableUnbondedGPIOPullups         
0     0000b4bf  ___error__                                
0     0000b571  _Interrupt_initModule                     
0     0000b5c5  _Interrupt_initVectorTable                
0     0000b5e5  _Interrupt_enable                         
0     0000b618  _Interrupt_disable                        
0     0000b662  _c_int00                                  
0     0000b6b8  C$$EXIT                                   
0     0000b6b8  _abort                                    
0     0000b6ba  _exit                                     
0     0000b6e1  _copy_in                                  
0     0000b705  _memcpy                                   
0     0000b723  __args_main                               
0     0000b73c  __register_unlock                         
0     0000b740  __register_lock                           
0     0000b744  __nop                                     
1     00013000  ___TI_enable_exit_profile_output          
1     00013002  ___TI_cleanup_ptr                         
1     00013004  ___TI_dtors_ptr                           
1     00013006  __lock                                    
1     00013008  __unlock                                  
1     00019000  __stack                                   
1     00019400  __STACK_END                               
abs   00000400  __STACK_SIZE                              
abs   ffffffff  .text                                     
abs   ffffffff  ___TI_pprof_out_hndl                      
abs   ffffffff  ___TI_prof_data_size                      
abs   ffffffff  ___TI_prof_data_start                     
abs   ffffffff  ___binit__                                
abs   ffffffff  ___c_args__                               
abs   ffffffff  ___etext__                                
abs   ffffffff  ___pinit__                                
abs   ffffffff  ___text__                                 
abs   ffffffff  binit                                     
abs   ffffffff  etext                                     
abs   ffffffff  pinit                                     

[66 symbols]
