******************************************************************************
             TMS320C2000 Linker PC v16.9.1                     
******************************************************************************
>> Linked Sat Apr 01 14:36:54 2017

OUTPUT FILE NAME:   <mcbsp.out>
ENTRY POINT SYMBOL: "_c_int00"  address: 0000b73b


MEMORY CONFIGURATION

         name            origin    length      used     unused   attr    fill
----------------------  --------  ---------  --------  --------  ----  --------
PAGE 0:
  BEGIN                 00000000   00000002  00000000  00000002  RWIX
  RAMM0                 00000122   000002de  000002d8  00000006  RWIX
  RAMLS0                00008000   00000800  000006ca  00000136  RWIX
  RAMLS1                00008800   00000800  0000019c  00000664  RWIX
  RAMLS2                00009000   00000800  00000000  00000800  RWIX
  RAMLS3                00009800   00000800  00000000  00000800  RWIX
  RAMLS4                0000a000   00000800  00000000  00000800  RWIX
  RAMD0                 0000b000   00000800  000007fc  00000004  RWIX
  RESET                 003fffc0   00000002  00000000  00000002  RWIX

PAGE 1:
  BOOT_RSVD             00000002   00000120  00000000  00000120  RWIX
  RAMM1                 00000400   00000400  00000200  00000200  RWIX
  RAMLS5                0000a800   00000800  00000012  000007ee  RWIX
  RAMD1                 0000b800   00000800  00000000  00000800  RWIX
  RAMGS0                0000c000   00001000  00000000  00001000  RWIX
  RAMGS1                0000d000   00001000  00000000  00001000  RWIX
  RAMGS2                0000e000   00001000  00000000  00001000  RWIX
  RAMGS3                0000f000   00001000  00000000  00001000  RWIX
  RAMGS4                00010000   00001000  00000000  00001000  RWIX
  RAMGS5                00011000   00001000  00000000  00001000  RWIX
  RAMGS6                00012000   00001000  00000000  00001000  RWIX
  RAMGS7                00013000   00001000  00000000  00001000  RWIX
  RAMGS8                00014000   00001000  00000000  00001000  RWIX
  RAMGS9                00015000   00001000  00000000  00001000  RWIX
  RAMGS10               00016000   00001000  00000000  00001000  RWIX
  RAMGS11               00017000   00001000  00000000  00001000  RWIX
  RAMGS12               00018000   00001000  00000000  00001000  RWIX
  RAMGS13               00019000   00001000  00000000  00001000  RWIX
  RAMGS14               0001a000   00001000  00000000  00001000  RWIX
  RAMGS15               0001b000   00001000  00000000  00001000  RWIX
  CPU2TOCPU1RAM         0003f800   00000400  00000000  00000400  RWIX
  CPU1TOCPU2RAM         0003fc00   00000400  00000000  00000400  RWIX
  CANA_MSG_RAM          00049000   00000800  00000000  00000800  RWIX
  CANB_MSG_RAM          0004b000   00000800  00000000  00000800  RWIX


SECTION ALLOCATION MAP

 output                                  attributes/
section   page    origin      length       input sections
--------  ----  ----------  ----------   ----------------
.cinit     0    00000122    0000002f     
                  00000122    00000015     mcbsp_ex1_loopback.obj (.cinit)
                  00000137    0000000e     rts2800_fpu32.lib : exit.obj (.cinit)
                  00000145    00000005                       : _lock.obj (.cinit:__lock)
                  0000014a    00000005                       : _lock.obj (.cinit:__unlock)
                  0000014f    00000002     --HOLE-- [fill = 0]

.pinit     0    00000122    00000000     UNINITIALIZED

.reset     0    003fffc0    00000002     DSECT
                  003fffc0    00000002     rts2800_fpu32.lib : boot28.obj (.reset)

.TI.ramfunc 
*          0    00000151    00000004     
                  00000151    00000004     lib_cpu1.lib : sysctl.obj (.TI.ramfunc)

.text.1    0    00000155    000002a5     
                  00000155    00000299     mcbsp_ex1_loopback.obj (.text)
                  000003ee    00000009     rts2800_fpu32.lib : _lock.obj (.text)
                  000003f7    00000002                       : pre_init.obj (.text)
                  000003f9    00000001                       : startup.obj (.text)

.text.2    0    00008000    000006ca     
                  00008000    00000310     lib_cpu1.lib : sysctl.obj (.text)
                  00008310    000001eb                  : gpio.obj (.text)
                  000084fb    000001b6                  : device.obj (.text)
                  000086b1    00000019     rts2800_fpu32.lib : args_main.obj (.text)

.text.3    0    00008800    0000019c     
                  00008800    0000019c     lib_cpu1.lib : interrupt.obj (.text)

.text.4    0    0000b000    000007fc     
                  0000b000    000006cd     lib_cpu1.lib : mcbsp.obj (.text)
                  0000b6cd    0000006e     mcbsp_pin_setup.obj (.text)
                  0000b73b    00000056     rts2800_fpu32.lib : boot28.obj (.text)
                  0000b791    00000029                       : exit.obj (.text)
                  0000b7ba    00000024                       : cpy_tbl.obj (.text)
                  0000b7de    0000001e                       : memcpy.obj (.text)

.stack     1    00000400    00000200     UNINITIALIZED
                  00000400    00000200     --HOLE--

.ebss      1    0000a800    00000012     UNINITIALIZED
                  0000a800    00000008     mcbsp_ex1_loopback.obj (.ebss)
                  0000a808    00000006     rts2800_fpu32.lib : exit.obj (.ebss)
                  0000a80e    00000002                       : _lock.obj (.ebss:__lock)
                  0000a810    00000002                       : _lock.obj (.ebss:__unlock)

GETBUFFER 
*          0    0003f800    00000000     DSECT

GETWRITEIDX 
*          0    0003f800    00000000     DSECT

PUTREADIDX 
*          0    0003f800    00000000     DSECT

MODULE SUMMARY

       Module                   code   initialized data   uninitialized data
       ------                   ----   ----------------   ------------------
    .\
       mcbsp_ex1_loopback.obj   665    21                 8                 
       mcbsp_pin_setup.obj      110    0                  0                 
    +--+------------------------+------+------------------+--------------------+
       Total:                   775    21                 8                 
                                                                            
    ../../../Library/lib_cpu1.lib
       mcbsp.obj                1741   0                  0                 
       sysctl.obj               788    0                  0                 
       gpio.obj                 491    0                  0                 
       device.obj               438    0                  0                 
       interrupt.obj            412    0                  0                 
    +--+------------------------+------+------------------+--------------------+
       Total:                   3870   0                  0                 
                                                                            
    D:\ti\ccs7\ccsv7\tools\compiler\ti-cgt-c2000_16.9.1.LTS\lib\rts2800_fpu32.lib
       boot28.obj               86     0                  0                 
       exit.obj                 41     14                 6                 
       cpy_tbl.obj              36     0                  0                 
       memcpy.obj               30     0                  0                 
       args_main.obj            25     0                  0                 
       _lock.obj                9      10                 4                 
       pre_init.obj             2      0                  0                 
       startup.obj              1      0                  0                 
    +--+------------------------+------+------------------+--------------------+
       Total:                   230    24                 10                
                                                                            
       Stack:                   0      0                  512               
    +--+------------------------+------+------------------+--------------------+
       Grand Total:             4875   45                 530               


GLOBAL DATA SYMBOLS: SORTED BY DATA PAGE

address     data page           name
--------    ----------------    ----
00000400      10 (00000400)     __stack

0000a800     2a0 (0000a800)     _txData1
0000a801     2a0 (0000a800)     _rxData2
0000a802     2a0 (0000a800)     _txData2
0000a803     2a0 (0000a800)     _rxData1
0000a804     2a0 (0000a800)     _dataSize
0000a806     2a0 (0000a800)     _errCountGlobal
0000a808     2a0 (0000a800)     ___TI_enable_exit_profile_output
0000a80a     2a0 (0000a800)     ___TI_cleanup_ptr
0000a80c     2a0 (0000a800)     ___TI_dtors_ptr
0000a80e     2a0 (0000a800)     __lock
0000a810     2a0 (0000a800)     __unlock


GLOBAL SYMBOLS: SORTED ALPHABETICALLY BY Name 

page  address   name                                      
----  -------   ----                                      
abs   ffffffff  .text                                     
0     0000b791  C$$EXIT                                   
0     0000854a  _Device_enableAllPeripherals              
0     00008694  _Device_enableUnbondedGPIOPullups         
0     00008671  _Device_enableUnbondedGPIOPullupsFor100Pin
0     0000865a  _Device_enableUnbondedGPIOPullupsFor176Pin
0     0000853d  _Device_init                              
0     00008639  _Device_initGPIO                          
0     00008344  _GPIO_getDirectionMode                    
0     000083cd  _GPIO_getPadConfig                        
0     0000842d  _GPIO_getQualificationMode                
0     0000849c  _GPIO_setAnalogMode                       
0     0000831d  _GPIO_setDirectionMode                    
0     0000835a  _GPIO_setInterruptPin                     
0     00008470  _GPIO_setMasterCore                       
0     00008385  _GPIO_setPadConfig                        
0     000084c4  _GPIO_setPinConfig                        
0     00008401  _GPIO_setQualificationMode                
0     0000844e  _GPIO_setQualificationPeriod              
0     00008952  _Interrupt_disable                        
0     0000891f  _Interrupt_enable                         
0     000088ab  _Interrupt_initModule                     
0     000088ff  _Interrupt_initVectorTable                
0     0000b431  _McBSP_configureRxClock                   
0     0000b4f7  _McBSP_configureRxDataFormat              
0     0000b484  _McBSP_configureRxFrameSync               
0     0000b5b4  _McBSP_configureRxMultichannel            
0     0000b62c  _McBSP_configureSPIMasterMode             
0     0000b680  _McBSP_configureSPISlaveMode              
0     0000b404  _McBSP_configureTxClock                   
0     0000b4ab  _McBSP_configureTxDataFormat              
0     0000b454  _McBSP_configureTxFrameSync               
0     0000b53e  _McBSP_configureTxMultichannel            
0     0000b346  _McBSP_disableRxChannel                   
0     0000b3a5  _McBSP_disableTxChannel                   
0     0000b376  _McBSP_enableRxChannel                    
0     0000b3d5  _McBSP_enableTxChannel                    
0     0000b2dd  _McBSP_receive16BitDataBlocking           
0     0000b2d4  _McBSP_receive16BitDataNonBlocking        
0     0000b2f5  _McBSP_receive32BitDataBlocking           
0     0000b2ec  _McBSP_receive32BitDataNonBlocking        
0     0000b304  _McBSP_setRxDataSize                      
0     0000b31f  _McBSP_setTxDataSize                      
0     0000b2af  _McBSP_transmit16BitDataBlocking          
0     0000b2a8  _McBSP_transmit16BitDataNonBlocking       
0     0000b2c6  _McBSP_transmit32BitDataBlocking          
0     0000b2bd  _McBSP_transmit32BitDataNonBlocking       
0     00000151  _SysCtl_delay                             
0     00008082  _SysCtl_getAuxClock                       
0     00008014  _SysCtl_getClock                          
0     000082ab  _SysCtl_getDeviceParametric               
0     00008291  _SysCtl_getLowSpeedClock                  
0     00008262  _SysCtl_selectOscSource                   
0     00008173  _SysCtl_setAuxClock                       
0     000080c7  _SysCtl_setClock                          
1     00000600  __STACK_END                               
abs   00000200  __STACK_SIZE                              
1     0000a80a  ___TI_cleanup_ptr                         
1     0000a80c  ___TI_dtors_ptr                           
1     0000a808  ___TI_enable_exit_profile_output          
abs   ffffffff  ___TI_pprof_out_hndl                      
abs   ffffffff  ___TI_prof_data_size                      
abs   ffffffff  ___TI_prof_data_start                     
abs   ffffffff  ___binit__                                
abs   ffffffff  ___c_args__                               
0     00000122  ___cinit__                                
0     000086aa  ___error__                                
abs   ffffffff  ___etext__                                
abs   ffffffff  ___pinit__                                
abs   ffffffff  ___text__                                 
0     000086b1  __args_main                               
1     0000a80e  __lock                                    
0     000003f6  __nop                                     
0     000003f2  __register_lock                           
0     000003ee  __register_unlock                         
1     00000400  __stack                                   
0     000003f9  __system_post_cinit                       
0     000003f7  __system_pre_init                         
1     0000a810  __unlock                                  
0     0000b791  _abort                                    
0     0000b73b  _c_int00                                  
0     0000b7ba  _copy_in                                  
1     0000a804  _dataSize                                 
1     0000a806  _errCountGlobal                           
0     0000b793  _exit                                     
0     00000348  _initMcBSPLoopback                        
0     00000295  _main                                     
0     0000b7de  _memcpy                                   
1     0000a803  _rxData1                                  
1     0000a801  _rxData2                                  
0     0000b6cd  _setupMcBSPAPinmux                        
0     0000b704  _setupMcBSPBPinmux                        
1     0000a800  _txData1                                  
1     0000a802  _txData2                                  
abs   ffffffff  binit                                     
0     00000122  cinit                                     
abs   ffffffff  etext                                     
abs   ffffffff  pinit                                     


GLOBAL SYMBOLS: SORTED BY Symbol Address 

page  address   name                                      
----  -------   ----                                      
0     00000122  ___cinit__                                
0     00000122  cinit                                     
0     00000151  _SysCtl_delay                             
0     00000295  _main                                     
0     00000348  _initMcBSPLoopback                        
0     000003ee  __register_unlock                         
0     000003f2  __register_lock                           
0     000003f6  __nop                                     
0     000003f7  __system_pre_init                         
0     000003f9  __system_post_cinit                       
0     00008014  _SysCtl_getClock                          
0     00008082  _SysCtl_getAuxClock                       
0     000080c7  _SysCtl_setClock                          
0     00008173  _SysCtl_setAuxClock                       
0     00008262  _SysCtl_selectOscSource                   
0     00008291  _SysCtl_getLowSpeedClock                  
0     000082ab  _SysCtl_getDeviceParametric               
0     0000831d  _GPIO_setDirectionMode                    
0     00008344  _GPIO_getDirectionMode                    
0     0000835a  _GPIO_setInterruptPin                     
0     00008385  _GPIO_setPadConfig                        
0     000083cd  _GPIO_getPadConfig                        
0     00008401  _GPIO_setQualificationMode                
0     0000842d  _GPIO_getQualificationMode                
0     0000844e  _GPIO_setQualificationPeriod              
0     00008470  _GPIO_setMasterCore                       
0     0000849c  _GPIO_setAnalogMode                       
0     000084c4  _GPIO_setPinConfig                        
0     0000853d  _Device_init                              
0     0000854a  _Device_enableAllPeripherals              
0     00008639  _Device_initGPIO                          
0     0000865a  _Device_enableUnbondedGPIOPullupsFor176Pin
0     00008671  _Device_enableUnbondedGPIOPullupsFor100Pin
0     00008694  _Device_enableUnbondedGPIOPullups         
0     000086aa  ___error__                                
0     000086b1  __args_main                               
0     000088ab  _Interrupt_initModule                     
0     000088ff  _Interrupt_initVectorTable                
0     0000891f  _Interrupt_enable                         
0     00008952  _Interrupt_disable                        
0     0000b2a8  _McBSP_transmit16BitDataNonBlocking       
0     0000b2af  _McBSP_transmit16BitDataBlocking          
0     0000b2bd  _McBSP_transmit32BitDataNonBlocking       
0     0000b2c6  _McBSP_transmit32BitDataBlocking          
0     0000b2d4  _McBSP_receive16BitDataNonBlocking        
0     0000b2dd  _McBSP_receive16BitDataBlocking           
0     0000b2ec  _McBSP_receive32BitDataNonBlocking        
0     0000b2f5  _McBSP_receive32BitDataBlocking           
0     0000b304  _McBSP_setRxDataSize                      
0     0000b31f  _McBSP_setTxDataSize                      
0     0000b346  _McBSP_disableRxChannel                   
0     0000b376  _McBSP_enableRxChannel                    
0     0000b3a5  _McBSP_disableTxChannel                   
0     0000b3d5  _McBSP_enableTxChannel                    
0     0000b404  _McBSP_configureTxClock                   
0     0000b431  _McBSP_configureRxClock                   
0     0000b454  _McBSP_configureTxFrameSync               
0     0000b484  _McBSP_configureRxFrameSync               
0     0000b4ab  _McBSP_configureTxDataFormat              
0     0000b4f7  _McBSP_configureRxDataFormat              
0     0000b53e  _McBSP_configureTxMultichannel            
0     0000b5b4  _McBSP_configureRxMultichannel            
0     0000b62c  _McBSP_configureSPIMasterMode             
0     0000b680  _McBSP_configureSPISlaveMode              
0     0000b6cd  _setupMcBSPAPinmux                        
0     0000b704  _setupMcBSPBPinmux                        
0     0000b73b  _c_int00                                  
0     0000b791  C$$EXIT                                   
0     0000b791  _abort                                    
0     0000b793  _exit                                     
0     0000b7ba  _copy_in                                  
0     0000b7de  _memcpy                                   
1     00000400  __stack                                   
1     00000600  __STACK_END                               
1     0000a800  _txData1                                  
1     0000a801  _rxData2                                  
1     0000a802  _txData2                                  
1     0000a803  _rxData1                                  
1     0000a804  _dataSize                                 
1     0000a806  _errCountGlobal                           
1     0000a808  ___TI_enable_exit_profile_output          
1     0000a80a  ___TI_cleanup_ptr                         
1     0000a80c  ___TI_dtors_ptr                           
1     0000a80e  __lock                                    
1     0000a810  __unlock                                  
abs   00000200  __STACK_SIZE                              
abs   ffffffff  .text                                     
abs   ffffffff  ___TI_pprof_out_hndl                      
abs   ffffffff  ___TI_prof_data_size                      
abs   ffffffff  ___TI_prof_data_start                     
abs   ffffffff  ___binit__                                
abs   ffffffff  ___c_args__                               
abs   ffffffff  ___etext__                                
abs   ffffffff  ___pinit__                                
abs   ffffffff  ___text__                                 
abs   ffffffff  binit                                     
abs   ffffffff  etext                                     
abs   ffffffff  pinit                                     

[98 symbols]
