******************************************************************************
             TMS320C2000 Linker PC v16.9.1                     
******************************************************************************
>> Linked Mon Mar 19 15:04:47 2018

OUTPUT FILE NAME:   <eeprom.out>
ENTRY POINT SYMBOL: "_c_int00"  address: 0000037e


MEMORY CONFIGURATION

         name            origin    length      used     unused   attr    fill
----------------------  --------  ---------  --------  --------  ----  --------
PAGE 0:
  BEGIN                 00000000   00000002  00000000  00000002  RWIX
  RAMM0                 00000122   000002de  000002de  00000000  RWIX
  RAMLS0                00008000   00000800  0000022b  000005d5  RWIX
  RAMLS1                00008800   00000800  00000000  00000800  RWIX
  RAMLS2                00009000   00000800  00000000  00000800  RWIX
  RAMLS3                00009800   00000800  00000000  00000800  RWIX
  RAMLS4                0000a000   00000800  00000000  00000800  RWIX
  RAMD0                 0000b000   00000800  000007d7  00000029  RWIX
  EMIF1_CS2n            00100000   00200000  00000000  00200000  RWIX
  RESET                 003fffc0   00000002  00000000  00000002  RWIX

PAGE 1:
  BOOT_RSVD             00000002   00000120  00000000  00000120  RWIX
  RAMM1                 00000400   00000400  00000400  00000000  RWIX
  RAMLS5                0000a800   00000800  00000000  00000800  RWIX
  RAMD1                 0000b800   00000800  00000000  00000800  RWIX
  RAMGS0                0000c000   00001000  00000000  00001000  RWIX
  RAMGS1                0000d000   00001000  00000000  00001000  RWIX
  RAMGS2                0000e000   00001000  00000000  00001000  RWIX
  RAMGS3                0000f000   00001000  00000000  00001000  RWIX
  RAMGS4                00010000   00001000  00000000  00001000  RWIX
  RAMGS5                00011000   00005000  00000032  00004fce  RWIX
  RAMGS12               00018000   00001000  00000000  00001000  RWIX
  RAMGS13               00019000   00001000  00000000  00001000  RWIX
  RAMGS14               0001a000   00001000  00000000  00001000  RWIX
  RAMGS15               0001b000   00001000  00000000  00001000  RWIX
  CPU2TOCPU1RAM         0003f800   00000400  00000000  00000400  RWIX
  CPU1TOCPU2RAM         0003fc00   00000400  00000000  00000400  RWIX
  CANA_MSG_RAM          00049000   00000800  00000000  00000800  RWIX
  CANB_MSG_RAM          0004b000   00000800  00000000  00000800  RWIX


SECTION ALLOCATION MAP

 output                                  attributes/
section   page    origin      length       input sections
--------  ----  ----------  ----------   ----------------
.cinit     0    00000122    00000032     
                  00000122    00000018     main.obj (.cinit)
                  0000013a    0000000e     rts2800_fpu32.lib : exit.obj (.cinit)
                  00000148    00000005                       : _lock.obj (.cinit:__lock)
                  0000014d    00000005                       : _lock.obj (.cinit:__unlock)
                  00000152    00000002     --HOLE-- [fill = 0]

.TI.ramfunc 
*          0    00000154    00000004     
                  00000154    00000004     lib_cpu1.lib : sysctl.obj (.TI.ramfunc)

.pinit     0    00000122    00000000     UNINITIALIZED

.text.1    0    00000158    000002a8     
                  00000158    00000226     main.obj (.text)
                  0000037e    00000056     rts2800_fpu32.lib : boot28.obj (.text)
                  000003d4    00000029                       : exit.obj (.text)
                  000003fd    00000002                       : pre_init.obj (.text)
                  000003ff    00000001                       : startup.obj (.text)

.text.2    0    00008000    0000022b     
                  00008000    0000019c     lib_cpu1.lib : interrupt.obj (.text)
                  0000819c    0000008f     main.obj (.text:retain)

.text.3    0    0000b000    000007d7     
                  0000b000    00000310     lib_cpu1.lib : sysctl.obj (.text)
                  0000b310    000001eb                  : gpio.obj (.text)
                  0000b4fb    000001b6                  : device.obj (.text)
                  0000b6b1    000000c2                  : i2c.obj (.text)
                  0000b773    00000024     rts2800_fpu32.lib : cpy_tbl.obj (.text)
                  0000b797    0000001e                       : memcpy.obj (.text)
                  0000b7b5    00000019                       : args_main.obj (.text)
                  0000b7ce    00000009                       : _lock.obj (.text)

xintffuncs 
*          0    00100000    00000000     UNINITIALIZED

.reset     0    003fffc0    00000002     DSECT
                  003fffc0    00000002     rts2800_fpu32.lib : boot28.obj (.reset)

.stack     1    00000400    00000400     UNINITIALIZED
                  00000400    00000400     --HOLE--

.ebss      1    00011000    00000032     UNINITIALIZED
                  00011000    00000028     main.obj (.ebss)
                  00011028    00000006     rts2800_fpu32.lib : exit.obj (.ebss)
                  0001102e    00000002                       : _lock.obj (.ebss:__lock)
                  00011030    00000002                       : _lock.obj (.ebss:__unlock)

GETBUFFER 
*          0    0003f800    00000000     DSECT

GETWRITEIDX 
*          0    0003f800    00000000     DSECT

PUTREADIDX 
*          0    0003f800    00000000     DSECT

MODULE SUMMARY

       Module          code   initialized data   uninitialized data
       ------          ----   ----------------   ------------------
    .\
       main.obj        693    24                 40                
    +--+---------------+------+------------------+--------------------+
       Total:          693    24                 40                
                                                                   
    ../../../Library/lib_cpu1.lib
       sysctl.obj      788    0                  0                 
       gpio.obj        491    0                  0                 
       device.obj      438    0                  0                 
       interrupt.obj   412    0                  0                 
       i2c.obj         194    0                  0                 
    +--+---------------+------+------------------+--------------------+
       Total:          2323   0                  0                 
                                                                   
    D:\ti\ccsv7\tools\compiler\ti-cgt-c2000_16.9.1.LTS\lib\rts2800_fpu32.lib
       boot28.obj      86     0                  0                 
       exit.obj        41     14                 6                 
       cpy_tbl.obj     36     0                  0                 
       memcpy.obj      30     0                  0                 
       args_main.obj   25     0                  0                 
       _lock.obj       9      10                 4                 
       pre_init.obj    2      0                  0                 
       startup.obj     1      0                  0                 
    +--+---------------+------+------------------+--------------------+
       Total:          230    24                 10                
                                                                   
       Stack:          0      0                  1024              
    +--+---------------+------+------------------+--------------------+
       Grand Total:    3246   48                 1074              


GLOBAL DATA SYMBOLS: SORTED BY DATA PAGE

address     data page           name
--------    ----------------    ----
00000400      10 (00000400)     __stack

00011000     440 (00011000)     _currentMsgPtr
00011002     440 (00011000)     _i2cMsgOut
00011015     440 (00011000)     _i2cMsgIn
00011028     440 (00011000)     ___TI_enable_exit_profile_output
0001102a     440 (00011000)     ___TI_cleanup_ptr
0001102c     440 (00011000)     ___TI_dtors_ptr
0001102e     440 (00011000)     __lock
00011030     440 (00011000)     __unlock


GLOBAL SYMBOLS: SORTED ALPHABETICALLY BY Name 

page  address   name                                      
----  -------   ----                                      
abs   ffffffff  .text                                     
0     000003d4  C$$EXIT                                   
0     0000b54a  _Device_enableAllPeripherals              
0     0000b694  _Device_enableUnbondedGPIOPullups         
0     0000b671  _Device_enableUnbondedGPIOPullupsFor100Pin
0     0000b65a  _Device_enableUnbondedGPIOPullupsFor176Pin
0     0000b53d  _Device_init                              
0     0000b639  _Device_initGPIO                          
0     0000b344  _GPIO_getDirectionMode                    
0     0000b3cd  _GPIO_getPadConfig                        
0     0000b42d  _GPIO_getQualificationMode                
0     0000b49c  _GPIO_setAnalogMode                       
0     0000b31d  _GPIO_setDirectionMode                    
0     0000b35a  _GPIO_setInterruptPin                     
0     0000b470  _GPIO_setMasterCore                       
0     0000b385  _GPIO_setPadConfig                        
0     0000b4c4  _GPIO_setPinConfig                        
0     0000b401  _GPIO_setQualificationMode                
0     0000b44e  _GPIO_setQualificationPeriod              
0     0000819c  _I2C_A_ISR                                
0     0000b75b  _I2C_clearInterruptStatus                 
0     0000b720  _I2C_disableInterrupt                     
0     0000b6fe  _I2C_enableInterrupt                      
0     0000b743  _I2C_getInterruptStatus                   
0     0000b6b1  _I2C_initMaster                           
0     0000035d  _I2C_receive                              
0     0000034c  _I2C_send                                 
0     00000256  _Init_I2C                                 
0     00008152  _Interrupt_disable                        
0     0000811f  _Interrupt_enable                         
0     000080ab  _Interrupt_initModule                     
0     000080ff  _Interrupt_initVectorTable                
0     000002f8  _ReadDate                                 
0     00000154  _SysCtl_delay                             
0     0000b082  _SysCtl_getAuxClock                       
0     0000b014  _SysCtl_getClock                          
0     0000b2ab  _SysCtl_getDeviceParametric               
0     0000b291  _SysCtl_getLowSpeedClock                  
0     0000b262  _SysCtl_selectOscSource                   
0     0000b173  _SysCtl_setAuxClock                       
0     0000b0c7  _SysCtl_setClock                          
0     000002af  _WriteData                                
0     00100000  _XintffuncsLoadEnd                        
0     00100000  _XintffuncsLoadStart                      
0     00100000  _XintffuncsRunStart                       
1     00000800  __STACK_END                               
abs   00000400  __STACK_SIZE                              
1     0001102a  ___TI_cleanup_ptr                         
1     0001102c  ___TI_dtors_ptr                           
1     00011028  ___TI_enable_exit_profile_output          
abs   ffffffff  ___TI_pprof_out_hndl                      
abs   ffffffff  ___TI_prof_data_size                      
abs   ffffffff  ___TI_prof_data_start                     
abs   ffffffff  ___binit__                                
abs   ffffffff  ___c_args__                               
0     00000122  ___cinit__                                
0     0000b6aa  ___error__                                
abs   ffffffff  ___etext__                                
abs   ffffffff  ___pinit__                                
abs   ffffffff  ___text__                                 
0     0000b7b5  __args_main                               
1     0001102e  __lock                                    
0     0000b7d6  __nop                                     
0     0000b7d2  __register_lock                           
0     0000b7ce  __register_unlock                         
1     00000400  __stack                                   
0     000003ff  __system_post_cinit                       
0     000003fd  __system_pre_init                         
1     00011030  __unlock                                  
0     000003d4  _abort                                    
0     0000037e  _c_int00                                  
0     0000b773  _copy_in                                  
1     00011000  _currentMsgPtr                            
0     000003d6  _exit                                     
1     00011015  _i2cMsgIn                                 
1     00011002  _i2cMsgOut                                
0     0000022b  _main                                     
0     0000b797  _memcpy                                   
abs   ffffffff  binit                                     
0     00000122  cinit                                     
abs   ffffffff  etext                                     
abs   ffffffff  pinit                                     


GLOBAL SYMBOLS: SORTED BY Symbol Address 

page  address   name                                      
----  -------   ----                                      
0     00000122  ___cinit__                                
0     00000122  cinit                                     
0     00000154  _SysCtl_delay                             
0     0000022b  _main                                     
0     00000256  _Init_I2C                                 
0     000002af  _WriteData                                
0     000002f8  _ReadDate                                 
0     0000034c  _I2C_send                                 
0     0000035d  _I2C_receive                              
0     0000037e  _c_int00                                  
0     000003d4  C$$EXIT                                   
0     000003d4  _abort                                    
0     000003d6  _exit                                     
0     000003fd  __system_pre_init                         
0     000003ff  __system_post_cinit                       
0     000080ab  _Interrupt_initModule                     
0     000080ff  _Interrupt_initVectorTable                
0     0000811f  _Interrupt_enable                         
0     00008152  _Interrupt_disable                        
0     0000819c  _I2C_A_ISR                                
0     0000b014  _SysCtl_getClock                          
0     0000b082  _SysCtl_getAuxClock                       
0     0000b0c7  _SysCtl_setClock                          
0     0000b173  _SysCtl_setAuxClock                       
0     0000b262  _SysCtl_selectOscSource                   
0     0000b291  _SysCtl_getLowSpeedClock                  
0     0000b2ab  _SysCtl_getDeviceParametric               
0     0000b31d  _GPIO_setDirectionMode                    
0     0000b344  _GPIO_getDirectionMode                    
0     0000b35a  _GPIO_setInterruptPin                     
0     0000b385  _GPIO_setPadConfig                        
0     0000b3cd  _GPIO_getPadConfig                        
0     0000b401  _GPIO_setQualificationMode                
0     0000b42d  _GPIO_getQualificationMode                
0     0000b44e  _GPIO_setQualificationPeriod              
0     0000b470  _GPIO_setMasterCore                       
0     0000b49c  _GPIO_setAnalogMode                       
0     0000b4c4  _GPIO_setPinConfig                        
0     0000b53d  _Device_init                              
0     0000b54a  _Device_enableAllPeripherals              
0     0000b639  _Device_initGPIO                          
0     0000b65a  _Device_enableUnbondedGPIOPullupsFor176Pin
0     0000b671  _Device_enableUnbondedGPIOPullupsFor100Pin
0     0000b694  _Device_enableUnbondedGPIOPullups         
0     0000b6aa  ___error__                                
0     0000b6b1  _I2C_initMaster                           
0     0000b6fe  _I2C_enableInterrupt                      
0     0000b720  _I2C_disableInterrupt                     
0     0000b743  _I2C_getInterruptStatus                   
0     0000b75b  _I2C_clearInterruptStatus                 
0     0000b773  _copy_in                                  
0     0000b797  _memcpy                                   
0     0000b7b5  __args_main                               
0     0000b7ce  __register_unlock                         
0     0000b7d2  __register_lock                           
0     0000b7d6  __nop                                     
0     00100000  _XintffuncsLoadEnd                        
0     00100000  _XintffuncsLoadStart                      
0     00100000  _XintffuncsRunStart                       
1     00000400  __stack                                   
1     00000800  __STACK_END                               
1     00011000  _currentMsgPtr                            
1     00011002  _i2cMsgOut                                
1     00011015  _i2cMsgIn                                 
1     00011028  ___TI_enable_exit_profile_output          
1     0001102a  ___TI_cleanup_ptr                         
1     0001102c  ___TI_dtors_ptr                           
1     0001102e  __lock                                    
1     00011030  __unlock                                  
abs   00000400  __STACK_SIZE                              
abs   ffffffff  .text                                     
abs   ffffffff  ___TI_pprof_out_hndl                      
abs   ffffffff  ___TI_prof_data_size                      
abs   ffffffff  ___TI_prof_data_start                     
abs   ffffffff  ___binit__                                
abs   ffffffff  ___c_args__                               
abs   ffffffff  ___etext__                                
abs   ffffffff  ___pinit__                                
abs   ffffffff  ___text__                                 
abs   ffffffff  binit                                     
abs   ffffffff  etext                                     
abs   ffffffff  pinit                                     

[82 symbols]
