******************************************************************************
             TMS320C2000 Linker PC v16.9.1                     
******************************************************************************
>> Linked Tue Aug 22 11:05:46 2017

OUTPUT FILE NAME:   <hbhk_cpu1.out>
ENTRY POINT SYMBOL: "_c_int00"  address: 000831f7


MEMORY CONFIGURATION

         name            origin    length      used     unused   attr    fill
----------------------  --------  ---------  --------  --------  ----  --------
PAGE 0:
  RAMM0                 00000122   000002de  00000000  000002de  RWIX
  RAMLS4                0000a000   00000800  00000000  00000800  RWIX
  RAMLS5                0000a800   00000800  0000005e  000007a2  RWIX
  RAMD0                 0000b000   00000800  00000000  00000800  RWIX
  RAMGS14               0001a000   00001000  000000b3  00000f4d  RWIX
  RAMGS15               0001b000   00001000  00000334  00000ccc  RWIX
  BEGIN                 00080000   00000002  00000002  00000000  RWIX
  FLASHA                00080002   00001ffe  00000000  00001ffe  RWIX
  FLASHB                00082000   00002000  000015e5  00000a1b  RWIX
  FLASHC                00084000   00002000  00000000  00002000  RWIX
  FLASHD                00086000   00002000  00000445  00001bbb  RWIX
  FLASHE                00088000   00008000  00000000  00008000  RWIX
  FLASHF                00090000   00008000  00000000  00008000  RWIX
  FLASHG                00098000   00008000  00000000  00008000  RWIX
  FLASHH                000a0000   00008000  00000000  00008000  RWIX
  FLASHI                000a8000   00008000  00000000  00008000  RWIX
  FLASHJ                000b0000   00008000  00000000  00008000  RWIX
  FLASHK                000b8000   00002000  00000000  00002000  RWIX
  FLASHL                000ba000   00002000  00000000  00002000  RWIX
  FLASHM                000bc000   00002000  00000000  00002000  RWIX
  FLASHN                000be000   00002000  00000000  00002000  RWIX
  RESET                 003fffc0   00000002  00000000  00000002  RWIX

PAGE 1:
  BOOT_RSVD             00000002   00000120  00000000  00000120  RWIX
  RAMM1                 00000400   00000400  00000200  00000200  RWIX
  ADCA_RESULT           00000b00   00000020  00000018  00000008  RWIX
  ADCB_RESULT           00000b20   00000020  00000018  00000008  RWIX
  ADCC_RESULT           00000b40   00000020  00000018  00000008  RWIX
  ADCD_RESULT           00000b60   00000020  00000018  00000008  RWIX
  CPU_TIMER0            00000c00   00000008  00000008  00000000  RWIX
  CPU_TIMER1            00000c08   00000008  00000008  00000000  RWIX
  CPU_TIMER2            00000c10   00000008  00000008  00000000  RWIX
  PIE_CTRL              00000ce0   00000020  0000001a  00000006  RWIX
  PIE_VECT              00000d00   00000200  000001c0  00000040  RWIX
  DMA                   00001000   00000200  000000e0  00000120  RWIX
  CLA1                  00001400   00000040  0000003e  00000002  RWIX
  CLA1_MSGRAMLOW        00001480   00000080  00000002  0000007e  RWIX
  CLA1_MSGRAMHIGH       00001500   00000080  00000002  0000007e  RWIX
  EPWM1                 00004000   00000100  00000100  00000000  RWIX
  EPWM2                 00004100   00000100  00000100  00000000  RWIX
  EPWM3                 00004200   00000100  00000100  00000000  RWIX
  EPWM4                 00004300   00000100  00000100  00000000  RWIX
  EPWM5                 00004400   00000100  00000100  00000000  RWIX
  EPWM6                 00004500   00000100  00000100  00000000  RWIX
  EPWM7                 00004600   00000100  00000100  00000000  RWIX
  EPWM8                 00004700   00000100  00000100  00000000  RWIX
  EPWM9                 00004800   00000100  00000100  00000000  RWIX
  EPWM10                00004900   00000100  00000100  00000000  RWIX
  EPWM11                00004a00   00000100  00000100  00000000  RWIX
  EPWM12                00004b00   00000100  00000100  00000000  RWIX
  ECAP1                 00005000   00000020  00000020  00000000  RWIX
  ECAP2                 00005020   00000020  00000020  00000000  RWIX
  ECAP3                 00005040   00000020  00000020  00000000  RWIX
  ECAP4                 00005060   00000020  00000020  00000000  RWIX
  ECAP5                 00005080   00000020  00000020  00000000  RWIX
  ECAP6                 000050a0   00000020  00000020  00000000  RWIX
  EQEP1                 00005100   00000040  00000022  0000001e  RWIX
  EQEP2                 00005140   00000040  00000022  0000001e  RWIX
  EQEP3                 00005180   00000040  00000022  0000001e  RWIX
  DACA                  00005c00   00000010  00000008  00000008  RWIX
  DACB                  00005c10   00000010  00000008  00000008  RWIX
  DACC                  00005c20   00000010  00000008  00000008  RWIX
  CMPSS1                00005c80   00000020  00000020  00000000  RWIX
  CMPSS2                00005ca0   00000020  00000020  00000000  RWIX
  CMPSS3                00005cc0   00000020  00000020  00000000  RWIX
  CMPSS4                00005ce0   00000020  00000020  00000000  RWIX
  CMPSS5                00005d00   00000020  00000020  00000000  RWIX
  CMPSS6                00005d20   00000020  00000020  00000000  RWIX
  CMPSS7                00005d40   00000020  00000020  00000000  RWIX
  CMPSS8                00005d60   00000020  00000020  00000000  RWIX
  SDFM1                 00005e00   00000080  00000080  00000000  RWIX
  SDFM2                 00005e80   00000080  00000080  00000000  RWIX
  MCBSPA                00006000   00000040  00000024  0000001c  RWIX
  MCBSPB                00006040   00000040  00000024  0000001c  RWIX
  SPIA                  00006100   00000010  00000010  00000000  RWIX
  SPIB                  00006110   00000010  00000010  00000000  RWIX
  SPIC                  00006120   00000010  00000010  00000000  RWIX
  SPID                  00006130   00000010  00000000  00000010  RWIX
  UPP                   00006200   00000100  00000048  000000b8  RWIX
  WD                    00007000   00000040  0000002b  00000015  RWIX
  NMIINTRUPT            00007060   00000010  00000007  00000009  RWIX
  XINT                  00007070   00000010  0000000b  00000005  RWIX
  SCIA                  00007200   00000010  00000010  00000000  RWIX
  SCIB                  00007210   00000010  00000010  00000000  RWIX
  SCIC                  00007220   00000010  00000010  00000000  RWIX
  SCID                  00007230   00000010  00000010  00000000  RWIX
  I2CA                  00007300   00000040  00000022  0000001e  RWIX
  I2CB                  00007340   00000040  00000022  0000001e  RWIX
  ADCA                  00007400   00000080  00000080  00000000  RWIX
  ADCB                  00007480   00000080  00000080  00000000  RWIX
  ADCC                  00007500   00000080  00000080  00000000  RWIX
  ADCD                  00007580   00000080  00000080  00000000  RWIX
  INPUT_XBAR            00007900   00000020  00000020  00000000  RWIX
  XBAR                  00007920   00000020  00000020  00000000  RWIX
  SYNC_SOC              00007940   00000010  00000006  0000000a  RWIX
  DMACLASRCSEL          00007980   00000040  0000001a  00000026  RWIX
  EPWM_XBAR             00007a00   00000040  00000040  00000000  RWIX
  CLB_XBAR              00007a40   00000040  00000000  00000040  RWIX
  OUTPUT_XBAR           00007a80   00000040  00000040  00000000  RWIX
  GPIOCTRL              00007c00   00000180  00000180  00000000  RWIX
  GPIODAT               00007f00   00000030  00000030  00000000  RWIX
  RAMLS0                00008000   00000800  00000000  00000800  RWIX
  RAMLS1                00008800   00000800  00000000  00000800  RWIX
  RAMLS2                00009000   00000800  00000000  00000800  RWIX
  RAMLS3                00009800   00000800  00000000  00000800  RWIX
  RAMGS0                0000c000   00001000  00000000  00001000  RWIX
  RAMGS1                0000d000   00001000  00000000  00001000  RWIX
  RAMGS2                0000e000   00001000  00000274  00000d8c  RWIX
  RAMGS3                0000f000   00001000  00000000  00001000  RWIX
  RAMGS4                00010000   00001000  00000000  00001000  RWIX
  RAMGS5                00011000   00001000  00000000  00001000  RWIX
  RAMGS6                00012000   00001000  00000000  00001000  RWIX
  RAMGS7                00013000   00001000  00000000  00001000  RWIX
  RAMGS8                00014000   00001000  00000000  00001000  RWIX
  RAMGS9                00015000   00001000  00000000  00001000  RWIX
  RAMGS10               00016000   00001000  00000000  00001000  RWIX
  RAMGS11               00017000   00001000  00000000  00001000  RWIX
  RAMGS12               00018000   00001000  00000000  00001000  RWIX
  RAMGS13               00019000   00001000  00000000  00001000  RWIX
  EMIF1                 00047000   00000800  00000070  00000790  RWIX
  EMIF2                 00047800   00000800  00000070  00000790  RWIX
  IPC                   00050000   00000024  00000024  00000000  RWIX
  FLASHPUMPSEMAPHORE    00050024   00000002  00000002  00000000  RWIX
  DEV_CFG               0005d000   00000180  0000012e  00000052  RWIX
  ANALOG_SUBSYS         0005d180   00000080  00000048  00000038  RWIX
  CLK_CFG               0005d200   00000100  00000032  000000ce  RWIX
  CPU_SYS               0005d300   00000100  00000082  0000007e  RWIX
  ROMPREFETCH           0005e608   00000002  00000002  00000000  RWIX
  DCSM_Z1               0005f000   00000030  00000024  0000000c  RWIX
  DCSM_Z2               0005f040   00000030  00000024  0000000c  RWIX
  DCSM_COMMON           0005f070   00000010  00000008  00000008  RWIX
  MEMCFG                0005f400   00000080  00000080  00000000  RWIX
  EMIF1CONFIG           0005f480   00000020  00000020  00000000  RWIX
  EMIF2CONFIG           0005f4a0   00000020  00000020  00000000  RWIX
  ACCESSPROTECTION      0005f4c0   00000040  00000040  00000000  RWIX
  MEMORYERROR           0005f500   00000040  00000040  00000000  RWIX
  ROMWAITSTATE          0005f540   00000002  00000002  00000000  RWIX
  FLASH0_CTRL           0005f800   00000300  00000182  0000017e  RWIX
  FLASH0_ECC            0005fb00   00000040  00000028  00000018  RWIX
  DCSM_Z1_OTP           00078000   00000020  00000020  00000000  RWIX
  DCSM_Z2_OTP           00078200   00000020  00000020  00000000  RWIX


SECTION ALLOCATION MAP

 output                                  attributes/
section   page    origin      length       input sections
--------  ----  ----------  ----------   ----------------
codestart 
*          0    00080000    00000002     
                  00080000    00000002     F2837xD_CodeStartBranch.obj (codestart)

.text      0    00082000    00001390     
                  00082000    00000585     F2837xD_DefaultISR.obj (.text:retain)
                  00082585    000002c3     F2837xD_SysCtrl.obj (.text)
                  00082848    000002a2     copydata.obj (.text)
                  00082aea    00000244     F2837xD_Gpio.obj (.text)
                  00082d2e    00000166     F2837xD_Ipc_Driver_Util.obj (.text)
                  00082e94    00000103     F2837xD_EPwm.obj (.text)
                  00082f97    00000087     sica.obj (.text)
                  0008301e    0000007c     cla_sqrt.obj (.text:retain)
                  0008309a    0000007b     pinmux.obj (.text)
                  00083115    00000075     main.obj (.text)
                  0008318a    0000006d     cla_sqrt.obj (.text)
                  000831f7    00000056     rts2800_fpu32.lib : boot28.obj (.text)
                  0008324d    00000045     sica.obj (.text:retain)
                  00083292    00000029     rts2800_fpu32.lib : exit.obj (.text)
                  000832bb    00000028     F2837xD_PieCtrl.obj (.text)
                  000832e3    00000026     F2837xD_PieVect.obj (.text)
                  00083309    00000024     rts2800_fpu32.lib : cpy_tbl.obj (.text)
                  0008332d    0000001e                       : memcpy.obj (.text)
                  0008334b    00000019                       : args_main.obj (.text)
                  00083364    00000018                       : ll_aox28.obj (.text)
                  0008337c    00000009                       : _lock.obj (.text)
                  00083385    00000008     F2837xD_CodeStartBranch.obj (.text)
                  0008338d    00000002     rts2800_fpu32.lib : pre_init.obj (.text)
                  0008338f    00000001                       : startup.obj (.text)

.econst    0    00083390    00000221     
                  00083390    000001c0     F2837xD_PieVect.obj (.econst:_PieVectTableInit)
                  00083550    00000061     sica.obj (.econst:.string)

.cinit     0    000835b4    00000034     
                  000835b4    0000001a     copydata.obj (.cinit)
                  000835ce    0000000e     rts2800_fpu32.lib : exit.obj (.cinit)
                  000835dc    00000005                       : _lock.obj (.cinit:__lock)
                  000835e1    00000005                       : _lock.obj (.cinit:__unlock)
                  000835e6    00000002     --HOLE-- [fill = 0]

.pinit     0    00082000    00000000     UNINITIALIZED

ramfuncs   0    00086000    00000334     RUN ADDR = 0001b000
                  00086000    0000019d     F021_API_F2837xD_FPU32.lib : Program.obj (.text:_Fapi_issueProgrammingCommand)
                  0008619d    00000088                                : Read.obj (.text:__Fapi_loopRegionForValue)
                  00086225    00000042                                : BlankCheck.obj (.text:_Fapi_doBlankCheck)
                  00086267    0000002d                                : FlashStateMachine.obj (.text:__Fapi_issueFsmCommand)
                  00086294    00000022                                : FlashStateMachine.obj (.text:_Fapi_isAddressEcc)
                  000862b6    00000022                                : FlashStateMachine.obj (.text:__Fapi_setupSectorsForWrite)
                  000862d8    00000020                                : Async.obj (.text:_Fapi_issueAsyncCommandWithAddress)
                  000862f8    0000001a                                : Utilities.obj (.text:_Fapi_waitDelay)
                  00086312    00000016                                : Read.obj (.text:_Fapi_flushPipeline)
                  00086328    0000000c                                : Init.obj (.ebss) [fill = 0]

Cla1Prog   0    00086334    0000005e     RUN ADDR = 0000a800
                  00086334    00000026     sqrt.obj (Cla1Prog:_Cla1Task1)
                  0008635a    00000008     sqrt.obj (Cla1Prog:_Cla1Task2)
                  00086362    00000008     sqrt.obj (Cla1Prog:_Cla1Task3)
                  0008636a    00000008     sqrt.obj (Cla1Prog:_Cla1Task4)
                  00086372    00000008     sqrt.obj (Cla1Prog:_Cla1Task5)
                  0008637a    00000008     sqrt.obj (Cla1Prog:_Cla1Task6)
                  00086382    00000008     sqrt.obj (Cla1Prog:_Cla1Task7)
                  0008638a    00000008     sqrt.obj (Cla1Prog:_Cla1Task8)

ramfuncs   0    00086394    000000b3     RUN ADDR = 0001a000
                  00086394    00000078     Fapi_UserDefinedFunctions.obj (ramfuncs)
                  0008640c    00000037     F2837xD_SysCtrl.obj (ramfuncs)
                  00086443    00000004     F2837xD_usDelay.obj (ramfuncs)

.stack     1    00000400    00000200     UNINITIALIZED
                  00000400    00000200     --HOLE--

.ebss      1    0000e000    00000274     UNINITIALIZED
                  0000e000    00000140     copydata.obj (.ebss)
                  0000e140    00000108     main.obj (.ebss)
                  0000e248    0000001e     flash_program_test.obj (.ebss)
                  0000e266    00000006     rts2800_fpu32.lib : exit.obj (.ebss)
                  0000e26c    00000004     sica.obj (.ebss)
                  0000e270    00000002     rts2800_fpu32.lib : _lock.obj (.ebss:__lock)
                  0000e272    00000002                       : _lock.obj (.ebss:__unlock)

.reset     0    003fffc0    00000002     DSECT
                  003fffc0    00000002     rts2800_fpu32.lib : boot28.obj (.reset)

AdcaResultFile 
*          1    00000b00    00000018     UNINITIALIZED
                  00000b00    00000018     F2837xD_GlobalVariableDefs.obj (AdcaResultFile)

AdcbResultFile 
*          1    00000b20    00000018     UNINITIALIZED
                  00000b20    00000018     F2837xD_GlobalVariableDefs.obj (AdcbResultFile)

AdccResultFile 
*          1    00000b40    00000018     UNINITIALIZED
                  00000b40    00000018     F2837xD_GlobalVariableDefs.obj (AdccResultFile)

AdcdResultFile 
*          1    00000b60    00000018     UNINITIALIZED
                  00000b60    00000018     F2837xD_GlobalVariableDefs.obj (AdcdResultFile)

CpuTimer0RegsFile 
*          1    00000c00    00000008     UNINITIALIZED
                  00000c00    00000008     F2837xD_GlobalVariableDefs.obj (CpuTimer0RegsFile)

CpuTimer1RegsFile 
*          1    00000c08    00000008     UNINITIALIZED
                  00000c08    00000008     F2837xD_GlobalVariableDefs.obj (CpuTimer1RegsFile)

CpuTimer2RegsFile 
*          1    00000c10    00000008     UNINITIALIZED
                  00000c10    00000008     F2837xD_GlobalVariableDefs.obj (CpuTimer2RegsFile)

PieCtrlRegsFile 
*          1    00000ce0    0000001a     UNINITIALIZED
                  00000ce0    0000001a     F2837xD_GlobalVariableDefs.obj (PieCtrlRegsFile)

PieVectTableFile 
*          1    00000d00    000001c0     UNINITIALIZED
                  00000d00    000001c0     F2837xD_GlobalVariableDefs.obj (PieVectTableFile)

EmuKeyVar 
*          1    00000d00    00000001     UNINITIALIZED
                  00000d00    00000001     F2837xD_GlobalVariableDefs.obj (EmuKeyVar)

EmuBModeVar 
*          1    00000d01    00000001     UNINITIALIZED
                  00000d01    00000001     F2837xD_GlobalVariableDefs.obj (EmuBModeVar)

FlashCallbackVar 
*          1    00000d02    00000000     UNINITIALIZED

FlashScalingVar 
*          1    00000d02    00000000     UNINITIALIZED

DmaRegsFile 
*          1    00001000    000000e0     UNINITIALIZED
                  00001000    000000e0     F2837xD_GlobalVariableDefs.obj (DmaRegsFile)

Cla1RegsFile 
*          1    00001400    0000003e     UNINITIALIZED
                  00001400    0000003e     F2837xD_GlobalVariableDefs.obj (Cla1RegsFile)

Cla1ToCpuMsgRAM 
*          1    00001480    00000002     UNINITIALIZED
                  00001480    00000002     main.obj (Cla1ToCpuMsgRAM)

CpuToCla1MsgRAM 
*          1    00001500    00000002     UNINITIALIZED
                  00001500    00000002     main.obj (CpuToCla1MsgRAM)

EPwm1RegsFile 
*          1    00004000    00000100     UNINITIALIZED
                  00004000    00000100     F2837xD_GlobalVariableDefs.obj (EPwm1RegsFile)

EPwm2RegsFile 
*          1    00004100    00000100     UNINITIALIZED
                  00004100    00000100     F2837xD_GlobalVariableDefs.obj (EPwm2RegsFile)

EPwm3RegsFile 
*          1    00004200    00000100     UNINITIALIZED
                  00004200    00000100     F2837xD_GlobalVariableDefs.obj (EPwm3RegsFile)

EPwm4RegsFile 
*          1    00004300    00000100     UNINITIALIZED
                  00004300    00000100     F2837xD_GlobalVariableDefs.obj (EPwm4RegsFile)

EPwm5RegsFile 
*          1    00004400    00000100     UNINITIALIZED
                  00004400    00000100     F2837xD_GlobalVariableDefs.obj (EPwm5RegsFile)

EPwm6RegsFile 
*          1    00004500    00000100     UNINITIALIZED
                  00004500    00000100     F2837xD_GlobalVariableDefs.obj (EPwm6RegsFile)

EPwm7RegsFile 
*          1    00004600    00000100     UNINITIALIZED
                  00004600    00000100     F2837xD_GlobalVariableDefs.obj (EPwm7RegsFile)

EPwm8RegsFile 
*          1    00004700    00000100     UNINITIALIZED
                  00004700    00000100     F2837xD_GlobalVariableDefs.obj (EPwm8RegsFile)

EPwm9RegsFile 
*          1    00004800    00000100     UNINITIALIZED
                  00004800    00000100     F2837xD_GlobalVariableDefs.obj (EPwm9RegsFile)

EPwm10RegsFile 
*          1    00004900    00000100     UNINITIALIZED
                  00004900    00000100     F2837xD_GlobalVariableDefs.obj (EPwm10RegsFile)

EPwm11RegsFile 
*          1    00004a00    00000100     UNINITIALIZED
                  00004a00    00000100     F2837xD_GlobalVariableDefs.obj (EPwm11RegsFile)

EPwm12RegsFile 
*          1    00004b00    00000100     UNINITIALIZED
                  00004b00    00000100     F2837xD_GlobalVariableDefs.obj (EPwm12RegsFile)

ECap1RegsFile 
*          1    00005000    00000020     UNINITIALIZED
                  00005000    00000020     F2837xD_GlobalVariableDefs.obj (ECap1RegsFile)

ECap2RegsFile 
*          1    00005020    00000020     UNINITIALIZED
                  00005020    00000020     F2837xD_GlobalVariableDefs.obj (ECap2RegsFile)

ECap3RegsFile 
*          1    00005040    00000020     UNINITIALIZED
                  00005040    00000020     F2837xD_GlobalVariableDefs.obj (ECap3RegsFile)

ECap4RegsFile 
*          1    00005060    00000020     UNINITIALIZED
                  00005060    00000020     F2837xD_GlobalVariableDefs.obj (ECap4RegsFile)

ECap5RegsFile 
*          1    00005080    00000020     UNINITIALIZED
                  00005080    00000020     F2837xD_GlobalVariableDefs.obj (ECap5RegsFile)

ECap6RegsFile 
*          1    000050a0    00000020     UNINITIALIZED
                  000050a0    00000020     F2837xD_GlobalVariableDefs.obj (ECap6RegsFile)

EQep1RegsFile 
*          1    00005100    00000022     UNINITIALIZED
                  00005100    00000022     F2837xD_GlobalVariableDefs.obj (EQep1RegsFile)

EQep2RegsFile 
*          1    00005140    00000022     UNINITIALIZED
                  00005140    00000022     F2837xD_GlobalVariableDefs.obj (EQep2RegsFile)

EQep3RegsFile 
*          1    00005180    00000022     UNINITIALIZED
                  00005180    00000022     F2837xD_GlobalVariableDefs.obj (EQep3RegsFile)

DacaRegsFile 
*          1    00005c00    00000008     UNINITIALIZED
                  00005c00    00000008     F2837xD_GlobalVariableDefs.obj (DacaRegsFile)

DacbRegsFile 
*          1    00005c10    00000008     UNINITIALIZED
                  00005c10    00000008     F2837xD_GlobalVariableDefs.obj (DacbRegsFile)

DaccRegsFile 
*          1    00005c20    00000008     UNINITIALIZED
                  00005c20    00000008     F2837xD_GlobalVariableDefs.obj (DaccRegsFile)

Cmpss1RegsFile 
*          1    00005c80    00000020     UNINITIALIZED
                  00005c80    00000020     F2837xD_GlobalVariableDefs.obj (Cmpss1RegsFile)

Cmpss2RegsFile 
*          1    00005ca0    00000020     UNINITIALIZED
                  00005ca0    00000020     F2837xD_GlobalVariableDefs.obj (Cmpss2RegsFile)

Cmpss3RegsFile 
*          1    00005cc0    00000020     UNINITIALIZED
                  00005cc0    00000020     F2837xD_GlobalVariableDefs.obj (Cmpss3RegsFile)

Cmpss4RegsFile 
*          1    00005ce0    00000020     UNINITIALIZED
                  00005ce0    00000020     F2837xD_GlobalVariableDefs.obj (Cmpss4RegsFile)

Cmpss5RegsFile 
*          1    00005d00    00000020     UNINITIALIZED
                  00005d00    00000020     F2837xD_GlobalVariableDefs.obj (Cmpss5RegsFile)

Cmpss6RegsFile 
*          1    00005d20    00000020     UNINITIALIZED
                  00005d20    00000020     F2837xD_GlobalVariableDefs.obj (Cmpss6RegsFile)

Cmpss7RegsFile 
*          1    00005d40    00000020     UNINITIALIZED
                  00005d40    00000020     F2837xD_GlobalVariableDefs.obj (Cmpss7RegsFile)

Cmpss8RegsFile 
*          1    00005d60    00000020     UNINITIALIZED
                  00005d60    00000020     F2837xD_GlobalVariableDefs.obj (Cmpss8RegsFile)

AdcaRegsFile 
*          1    00007400    00000080     UNINITIALIZED
                  00007400    00000080     F2837xD_GlobalVariableDefs.obj (AdcaRegsFile)

AdcbRegsFile 
*          1    00007480    00000080     UNINITIALIZED
                  00007480    00000080     F2837xD_GlobalVariableDefs.obj (AdcbRegsFile)

AdccRegsFile 
*          1    00007500    00000080     UNINITIALIZED
                  00007500    00000080     F2837xD_GlobalVariableDefs.obj (AdccRegsFile)

AdcdRegsFile 
*          1    00007580    00000080     UNINITIALIZED
                  00007580    00000080     F2837xD_GlobalVariableDefs.obj (AdcdRegsFile)

AnalogSubsysRegsFile 
*          1    0005d180    00000048     UNINITIALIZED
                  0005d180    00000048     F2837xD_GlobalVariableDefs.obj (AnalogSubsysRegsFile)

Cla1SoftIntRegsFile 
*          1    00000ce0    00000004     DSECT
                  00000ce0    00000004     F2837xD_GlobalVariableDefs.obj (Cla1SoftIntRegsFile)

Sdfm1RegsFile 
*          1    00005e00    00000080     UNINITIALIZED
                  00005e00    00000080     F2837xD_GlobalVariableDefs.obj (Sdfm1RegsFile)

Sdfm2RegsFile 
*          1    00005e80    00000080     UNINITIALIZED
                  00005e80    00000080     F2837xD_GlobalVariableDefs.obj (Sdfm2RegsFile)

McbspaRegsFile 
*          1    00006000    00000024     UNINITIALIZED
                  00006000    00000024     F2837xD_GlobalVariableDefs.obj (McbspaRegsFile)

McbspbRegsFile 
*          1    00006040    00000024     UNINITIALIZED
                  00006040    00000024     F2837xD_GlobalVariableDefs.obj (McbspbRegsFile)

SpiaRegsFile 
*          1    00006100    00000010     UNINITIALIZED
                  00006100    00000010     F2837xD_GlobalVariableDefs.obj (SpiaRegsFile)

SpibRegsFile 
*          1    00006110    00000010     UNINITIALIZED
                  00006110    00000010     F2837xD_GlobalVariableDefs.obj (SpibRegsFile)

SpicRegsFile 
*          1    00006120    00000010     UNINITIALIZED
                  00006120    00000010     F2837xD_GlobalVariableDefs.obj (SpicRegsFile)

UppRegsFile 
*          1    00006200    00000048     UNINITIALIZED
                  00006200    00000048     F2837xD_GlobalVariableDefs.obj (UppRegsFile)

WdRegsFile 
*          1    00007000    0000002b     UNINITIALIZED
                  00007000    0000002b     F2837xD_GlobalVariableDefs.obj (WdRegsFile)

NmiIntruptRegsFile 
*          1    00007060    00000007     UNINITIALIZED
                  00007060    00000007     F2837xD_GlobalVariableDefs.obj (NmiIntruptRegsFile)

XintRegsFile 
*          1    00007070    0000000b     UNINITIALIZED
                  00007070    0000000b     F2837xD_GlobalVariableDefs.obj (XintRegsFile)

SciaRegsFile 
*          1    00007200    00000010     UNINITIALIZED
                  00007200    00000010     F2837xD_GlobalVariableDefs.obj (SciaRegsFile)

ScibRegsFile 
*          1    00007210    00000010     UNINITIALIZED
                  00007210    00000010     F2837xD_GlobalVariableDefs.obj (ScibRegsFile)

ScicRegsFile 
*          1    00007220    00000010     UNINITIALIZED
                  00007220    00000010     F2837xD_GlobalVariableDefs.obj (ScicRegsFile)

ScidRegsFile 
*          1    00007230    00000010     UNINITIALIZED
                  00007230    00000010     F2837xD_GlobalVariableDefs.obj (ScidRegsFile)

I2caRegsFile 
*          1    00007300    00000022     UNINITIALIZED
                  00007300    00000022     F2837xD_GlobalVariableDefs.obj (I2caRegsFile)

I2cbRegsFile 
*          1    00007340    00000022     UNINITIALIZED
                  00007340    00000022     F2837xD_GlobalVariableDefs.obj (I2cbRegsFile)

InputXbarRegsFile 
*          1    00007900    00000020     UNINITIALIZED
                  00007900    00000020     F2837xD_GlobalVariableDefs.obj (InputXbarRegsFile)

XbarRegsFile 
*          1    00007920    00000020     UNINITIALIZED
                  00007920    00000020     F2837xD_GlobalVariableDefs.obj (XbarRegsFile)

SyncSocRegsFile 
*          1    00007940    00000006     UNINITIALIZED
                  00007940    00000006     F2837xD_GlobalVariableDefs.obj (SyncSocRegsFile)

DmaClaSrcSelRegsFile 
*          1    00007980    0000001a     UNINITIALIZED
                  00007980    0000001a     F2837xD_GlobalVariableDefs.obj (DmaClaSrcSelRegsFile)

EPwmXbarRegsFile 
*          1    00007a00    00000040     UNINITIALIZED
                  00007a00    00000040     F2837xD_GlobalVariableDefs.obj (EPwmXbarRegsFile)

OutputXbarRegsFile 
*          1    00007a80    00000040     UNINITIALIZED
                  00007a80    00000040     F2837xD_GlobalVariableDefs.obj (OutputXbarRegsFile)

GpioCtrlRegsFile 
*          1    00007c00    00000180     UNINITIALIZED
                  00007c00    00000180     F2837xD_GlobalVariableDefs.obj (GpioCtrlRegsFile)

GpioDataRegsFile 
*          1    00007f00    00000030     UNINITIALIZED
                  00007f00    00000030     F2837xD_GlobalVariableDefs.obj (GpioDataRegsFile)

Emif1RegsFile 
*          1    00047000    00000070     UNINITIALIZED
                  00047000    00000070     F2837xD_GlobalVariableDefs.obj (Emif1RegsFile)

Emif2RegsFile 
*          1    00047800    00000070     UNINITIALIZED
                  00047800    00000070     F2837xD_GlobalVariableDefs.obj (Emif2RegsFile)

IpcRegsFile 
*          1    00050000    00000024     UNINITIALIZED
                  00050000    00000024     F2837xD_GlobalVariableDefs.obj (IpcRegsFile)

FlashPumpSemaphoreRegsFile 
*          1    00050024    00000002     UNINITIALIZED
                  00050024    00000002     F2837xD_GlobalVariableDefs.obj (FlashPumpSemaphoreRegsFile)

DevCfgRegsFile 
*          1    0005d000    0000012e     UNINITIALIZED
                  0005d000    0000012e     F2837xD_GlobalVariableDefs.obj (DevCfgRegsFile)

ClkCfgRegsFile 
*          1    0005d200    00000032     UNINITIALIZED
                  0005d200    00000032     F2837xD_GlobalVariableDefs.obj (ClkCfgRegsFile)

CpuSysRegsFile 
*          1    0005d300    00000082     UNINITIALIZED
                  0005d300    00000082     F2837xD_GlobalVariableDefs.obj (CpuSysRegsFile)

RomPrefetchRegsFile 
*          1    0005e608    00000002     UNINITIALIZED
                  0005e608    00000002     F2837xD_GlobalVariableDefs.obj (RomPrefetchRegsFile)

DcsmZ1RegsFile 
*          1    0005f000    00000024     UNINITIALIZED
                  0005f000    00000024     F2837xD_GlobalVariableDefs.obj (DcsmZ1RegsFile)

DcsmZ2RegsFile 
*          1    0005f040    00000024     UNINITIALIZED
                  0005f040    00000024     F2837xD_GlobalVariableDefs.obj (DcsmZ2RegsFile)

DcsmCommonRegsFile 
*          1    0005f070    00000008     UNINITIALIZED
                  0005f070    00000008     F2837xD_GlobalVariableDefs.obj (DcsmCommonRegsFile)

MemCfgRegsFile 
*          1    0005f400    00000080     UNINITIALIZED
                  0005f400    00000080     F2837xD_GlobalVariableDefs.obj (MemCfgRegsFile)

Emif1ConfigRegsFile 
*          1    0005f480    00000020     UNINITIALIZED
                  0005f480    00000020     F2837xD_GlobalVariableDefs.obj (Emif1ConfigRegsFile)

Emif2ConfigRegsFile 
*          1    0005f4a0    00000020     UNINITIALIZED
                  0005f4a0    00000020     F2837xD_GlobalVariableDefs.obj (Emif2ConfigRegsFile)

AccessProtectionRegsFile 
*          1    0005f4c0    00000040     UNINITIALIZED
                  0005f4c0    00000040     F2837xD_GlobalVariableDefs.obj (AccessProtectionRegsFile)

MemoryErrorRegsFile 
*          1    0005f500    00000040     UNINITIALIZED
                  0005f500    00000040     F2837xD_GlobalVariableDefs.obj (MemoryErrorRegsFile)

RomWaitStateRegsFile 
*          1    0005f540    00000002     UNINITIALIZED
                  0005f540    00000002     F2837xD_GlobalVariableDefs.obj (RomWaitStateRegsFile)

Flash0CtrlRegsFile 
*          1    0005f800    00000182     UNINITIALIZED
                  0005f800    00000182     F2837xD_GlobalVariableDefs.obj (Flash0CtrlRegsFile)

Flash0EccRegsFile 
*          1    0005fb00    00000028     UNINITIALIZED
                  0005fb00    00000028     F2837xD_GlobalVariableDefs.obj (Flash0EccRegsFile)

DcsmZ1OtpFile 
*          1    00078000    00000020     NOLOAD SECTION
                  00078000    00000020     F2837xD_GlobalVariableDefs.obj (DcsmZ1OtpFile)

DcsmZ2OtpFile 
*          1    00078200    00000020     NOLOAD SECTION
                  00078200    00000020     F2837xD_GlobalVariableDefs.obj (DcsmZ2OtpFile)

MODULE SUMMARY

       Module                           code   initialized data   uninitialized data
       ------                           ----   ----------------   ------------------
    .\
       F2837xD_GlobalVariableDefs.obj   0      0                  8047              
       F2837xD_DefaultISR.obj           1413   0                  0                 
       F2837xD_SysCtrl.obj              817    0                  0                 
       F2837xD_Gpio.obj                 580    0                  0                 
       F2837xD_PieVect.obj              38     448                0                 
       main.obj                         117    0                  268               
       F2837xD_Ipc_Driver_Util.obj      358    0                  0                 
       sica.obj                         204    97                 4                 
       F2837xD_EPwm.obj                 259    0                  0                 
       pinmux.obj                       123    0                  0                 
       F2837xD_PieCtrl.obj              40     0                  0                 
       F2837xD_CodeStartBranch.obj      10     0                  0                 
       F2837xD_usDelay.obj              8      0                  0                 
    +--+--------------------------------+------+------------------+--------------------+
       Total:                           3967   545                8319              
                                                                                    
    .\cla\
       cla_sqrt.obj                     233    0                  0                 
       sqrt.obj                         188    0                  0                 
    +--+--------------------------------+------+------------------+--------------------+
       Total:                           421    0                  0                 
                                                                                    
    .\flashburn\
       copydata.obj                     674    26                 320               
       Fapi_UserDefinedFunctions.obj    240    0                  0                 
       flash_program_test.obj           0      0                  30                
    +--+--------------------------------+------+------------------+--------------------+
       Total:                           914    26                 350               
                                                                                    
    ../../../F2837xD_common/lib/F021_API_F2837xD_FPU32.lib
       Program.obj                      826    0                  0                 
       Read.obj                         316    0                  0                 
       FlashStateMachine.obj            226    0                  0                 
       BlankCheck.obj                   132    0                  0                 
       Async.obj                        64     0                  0                 
       Utilities.obj                    52     0                  0                 
       Init.obj                         0      24                 0                 
    +--+--------------------------------+------+------------------+--------------------+
       Total:                           1616   24                 0                 
                                                                                    
    D:\ti\ccsv7\tools\compiler\ti-cgt-c2000_16.9.1.LTS\lib\rts2800_fpu32.lib
       boot28.obj                       86     0                  0                 
       exit.obj                         41     14                 6                 
       cpy_tbl.obj                      36     0                  0                 
       memcpy.obj                       30     0                  0                 
       args_main.obj                    25     0                  0                 
       ll_aox28.obj                     24     0                  0                 
       _lock.obj                        9      10                 4                 
       pre_init.obj                     2      0                  0                 
       startup.obj                      1      0                  0                 
    +--+--------------------------------+------+------------------+--------------------+
       Total:                           254    24                 10                
                                                                                    
       Stack:                           0      0                  512               
    +--+--------------------------------+------+------------------+--------------------+
       Grand Total:                     7172   619                9191              


GLOBAL DATA SYMBOLS: SORTED BY DATA PAGE

address     data page           name
--------    ----------------    ----
00000400      10 (00000400)     __stack

00000b00      2c (00000b00)     _AdcaResultRegs
00000b20      2c (00000b00)     _AdcbResultRegs

00000b40      2d (00000b40)     _AdccResultRegs
00000b60      2d (00000b40)     _AdcdResultRegs

00000c00      30 (00000c00)     _CpuTimer0Regs
00000c08      30 (00000c00)     _CpuTimer1Regs
00000c10      30 (00000c00)     _CpuTimer2Regs

00000ce0      33 (00000cc0)     _Cla1SoftIntRegs
00000ce0      33 (00000cc0)     _PieCtrlRegs

00000d00      34 (00000d00)     _EmuKey
00000d00      34 (00000d00)     _PieVectTable
00000d01      34 (00000d00)     _EmuBMode

00001000      40 (00001000)     _DmaRegs

00001400      50 (00001400)     _Cla1Regs

00001480      52 (00001480)     _fResult

00001500      54 (00001500)     _fVal

00004000     100 (00004000)     _EPwm1Regs

00004100     104 (00004100)     _EPwm2Regs

00004200     108 (00004200)     _EPwm3Regs

00004300     10c (00004300)     _EPwm4Regs

00004400     110 (00004400)     _EPwm5Regs

00004500     114 (00004500)     _EPwm6Regs

00004600     118 (00004600)     _EPwm7Regs

00004700     11c (00004700)     _EPwm8Regs

00004800     120 (00004800)     _EPwm9Regs

00004900     124 (00004900)     _EPwm10Regs

00004a00     128 (00004a00)     _EPwm11Regs

00004b00     12c (00004b00)     _EPwm12Regs

00005000     140 (00005000)     _ECap1Regs
00005020     140 (00005000)     _ECap2Regs

00005040     141 (00005040)     _ECap3Regs
00005060     141 (00005040)     _ECap4Regs

00005080     142 (00005080)     _ECap5Regs
000050a0     142 (00005080)     _ECap6Regs

00005100     144 (00005100)     _EQep1Regs

00005140     145 (00005140)     _EQep2Regs

00005180     146 (00005180)     _EQep3Regs

00005c00     170 (00005c00)     _DacaRegs
00005c10     170 (00005c00)     _DacbRegs
00005c20     170 (00005c00)     _DaccRegs

00005c80     172 (00005c80)     _Cmpss1Regs
00005ca0     172 (00005c80)     _Cmpss2Regs

00005cc0     173 (00005cc0)     _Cmpss3Regs
00005ce0     173 (00005cc0)     _Cmpss4Regs

00005d00     174 (00005d00)     _Cmpss5Regs
00005d20     174 (00005d00)     _Cmpss6Regs

00005d40     175 (00005d40)     _Cmpss7Regs
00005d60     175 (00005d40)     _Cmpss8Regs

00005e00     178 (00005e00)     _Sdfm1Regs

00005e80     17a (00005e80)     _Sdfm2Regs

00006000     180 (00006000)     _McbspaRegs

00006040     181 (00006040)     _McbspbRegs

00006100     184 (00006100)     _SpiaRegs
00006110     184 (00006100)     _SpibRegs
00006120     184 (00006100)     _SpicRegs

00006200     188 (00006200)     _UppRegs

00007000     1c0 (00007000)     _WdRegs

00007060     1c1 (00007040)     _NmiIntruptRegs
00007070     1c1 (00007040)     _XintRegs

00007200     1c8 (00007200)     _SciaRegs
00007210     1c8 (00007200)     _ScibRegs
00007220     1c8 (00007200)     _ScicRegs
00007230     1c8 (00007200)     _ScidRegs

00007300     1cc (00007300)     _I2caRegs

00007340     1cd (00007340)     _I2cbRegs

00007400     1d0 (00007400)     _AdcaRegs

00007480     1d2 (00007480)     _AdcbRegs

00007500     1d4 (00007500)     _AdccRegs

00007580     1d6 (00007580)     _AdcdRegs

00007900     1e4 (00007900)     _InputXbarRegs
00007920     1e4 (00007900)     _XbarRegs

00007940     1e5 (00007940)     _SyncSocRegs

00007980     1e6 (00007980)     _DmaClaSrcSelRegs

00007a00     1e8 (00007a00)     _EPwmXbarRegs

00007a80     1ea (00007a80)     _OutputXbarRegs

00007c00     1f0 (00007c00)     _GpioCtrlRegs

00007f00     1fc (00007f00)     _GpioDataRegs

0000e000     380 (0000e000)     _key
0000e001     380 (0000e000)     _oReturnCheck
0000e002     380 (0000e000)     _fail
0000e004     380 (0000e000)     _longData2
0000e006     380 (0000e000)     _longData1
0000e008     380 (0000e000)     _p
0000e00a     380 (0000e000)     _entrypoint
0000e00c     380 (0000e000)     _BlockHeader
0000e010     380 (0000e000)     _statusCode
0000e014     380 (0000e000)     _oFlashStatusWord
0000e01c     380 (0000e000)     _ReadReserve
0000e026     380 (0000e000)     _Reserved
0000e030     380 (0000e000)     _erasedAlready

0000e040     381 (0000e040)     _Buffer

0000e140     385 (0000e140)     _pass
0000e141     385 (0000e140)     _fail_cla

0000e180     386 (0000e180)     _y

0000e248     389 (0000e240)     _buffer_convert_1
0000e266     389 (0000e240)     ___TI_enable_exit_profile_output
0000e268     389 (0000e240)     ___TI_cleanup_ptr
0000e26a     389 (0000e240)     ___TI_dtors_ptr
0000e26c     389 (0000e240)     _ReceivedChar
0000e26e     389 (0000e240)     _msg
0000e270     389 (0000e240)     __lock
0000e272     389 (0000e240)     __unlock

0001b000     6c0 (0001b000)     _Fapi_issueProgrammingCommand

0001b19d     6c6 (0001b180)     __Fapi_loopRegionForValue

0001b225     6c8 (0001b200)     _Fapi_doBlankCheck

0001b267     6c9 (0001b240)     __Fapi_issueFsmCommand

0001b294     6ca (0001b280)     _Fapi_isAddressEcc
0001b2b6     6ca (0001b280)     __Fapi_setupSectorsForWrite

0001b2d8     6cb (0001b2c0)     _Fapi_issueAsyncCommandWithAddress
0001b2f8     6cb (0001b2c0)     _Fapi_waitDelay

0001b312     6cc (0001b300)     _Fapi_flushPipeline
0001b328     6cc (0001b300)     _Fapi_GlobalInit

00047000    11c0 (00047000)     _Emif1Regs

00047800    11e0 (00047800)     _Emif2Regs

00050000    1400 (00050000)     _IpcRegs
00050024    1400 (00050000)     _FlashPumpSemaphoreRegs

0005d000    1740 (0005d000)     _DevCfgRegs

0005d180    1746 (0005d180)     _AnalogSubsysRegs

0005d200    1748 (0005d200)     _ClkCfgRegs

0005d300    174c (0005d300)     _CpuSysRegs

0005e608    1798 (0005e600)     _RomPrefetchRegs

0005f000    17c0 (0005f000)     _DcsmZ1Regs

0005f040    17c1 (0005f040)     _DcsmZ2Regs
0005f070    17c1 (0005f040)     _DcsmCommonRegs

0005f400    17d0 (0005f400)     _MemCfgRegs

0005f480    17d2 (0005f480)     _Emif1ConfigRegs
0005f4a0    17d2 (0005f480)     _Emif2ConfigRegs

0005f4c0    17d3 (0005f4c0)     _AccessProtectionRegs

0005f500    17d4 (0005f500)     _MemoryErrorRegs

0005f540    17d5 (0005f540)     _RomWaitStateRegs

0005f800    17e0 (0005f800)     _Flash0CtrlRegs

0005fb00    17ec (0005fb00)     _Flash0EccRegs

00078000    1e00 (00078000)     _DcsmZ1Otp

00078200    1e08 (00078200)     _DcsmZ2Otp

00083390    20ce (00083380)     _PieVectTableInit


GLOBAL SYMBOLS: SORTED ALPHABETICALLY BY Name 

page  address   name                                  
----  -------   ----                                  
0     00082000  .text                                 
0     00083292  C$$EXIT                               
0     00083364  LL$$AND                               
0     0008336c  LL$$OR                                
0     00083374  LL$$XOR                               
0     000820be  _ADCA1_ISR                            
0     0008233e  _ADCA2_ISR                            
0     00082348  _ADCA3_ISR                            
0     00082352  _ADCA4_ISR                            
0     00082334  _ADCA_EVT_ISR                         
0     000820c8  _ADCB1_ISR                            
0     00082366  _ADCB2_ISR                            
0     00082370  _ADCB3_ISR                            
0     0008237a  _ADCB4_ISR                            
0     0008235c  _ADCB_EVT_ISR                         
0     000820d2  _ADCC1_ISR                            
0     000824ce  _ADCC2_ISR                            
0     000824d8  _ADCC3_ISR                            
0     000824e2  _ADCC4_ISR                            
0     000824c4  _ADCC_EVT_ISR                         
0     000820f0  _ADCD1_ISR                            
0     000824f6  _ADCD2_ISR                            
0     00082500  _ADCD3_ISR                            
0     0008250a  _ADCD4_ISR                            
0     000824ec  _ADCD_EVT_ISR                         
0     00082546  _AUX_PLL_SLIP_ISR                     
1     0005f4c0  _AccessProtectionRegs                 
1     00007400  _AdcaRegs                             
1     00000b00  _AdcaResultRegs                       
1     00007480  _AdcbRegs                             
1     00000b20  _AdcbResultRegs                       
1     00007500  _AdccRegs                             
1     00000b40  _AdccResultRegs                       
1     00007580  _AdcdRegs                             
1     00000b60  _AdcdResultRegs                       
1     0005d180  _AnalogSubsysRegs                     
0     000827f4  _AuxAuxClkSel                         
0     000827de  _AuxIntOsc2Sel                        
0     000827e8  _AuxXtalOscSel                        
1     0000e00c  _BlockHeader                          
1     0000e040  _Buffer                               
0     0008230c  _CANA0_ISR                            
0     00082316  _CANA1_ISR                            
0     00082320  _CANB0_ISR                            
0     0008232a  _CANB1_ISR                            
0     00082384  _CLA1_1_ISR                           
0     0008238e  _CLA1_2_ISR                           
0     00082398  _CLA1_3_ISR                           
0     000823a2  _CLA1_4_ISR                           
0     000823ac  _CLA1_5_ISR                           
0     000823b6  _CLA1_6_ISR                           
0     000823c0  _CLA1_7_ISR                           
0     000823ca  _CLA1_8_ISR                           
0     00082550  _CLA_OVERFLOW_ISR                     
0     0008255a  _CLA_UNDERFLOW_ISR                    
0     0008318a  _CLA_configClaMemory                  
0     000831d1  _CLA_initCpu1Cla1                     
0     00083178  _CLA_runTest                          
1     00001400  _Cla1Regs                             
0     00000ce0  _Cla1SoftIntRegs                      
0     0000a800  _Cla1Task1                            
0     0000a826  _Cla1Task2                            
0     0000a82e  _Cla1Task3                            
0     0000a836  _Cla1Task4                            
0     0000a83e  _Cla1Task5                            
0     0000a846  _Cla1Task6                            
0     0000a84e  _Cla1Task7                            
0     0000a856  _Cla1Task8                            
0     00086392  _Cla1funcsLoadEnd                     
abs   0000005e  _Cla1funcsLoadSize                    
0     00086334  _Cla1funcsLoadStart                   
0     0000a800  _Cla1funcsRunStart                    
1     0005d200  _ClkCfgRegs                           
1     00005c80  _Cmpss1Regs                           
1     00005ca0  _Cmpss2Regs                           
1     00005cc0  _Cmpss3Regs                           
1     00005ce0  _Cmpss4Regs                           
1     00005d00  _Cmpss5Regs                           
1     00005d20  _Cmpss6Regs                           
1     00005d40  _Cmpss7Regs                           
1     00005d60  _Cmpss8Regs                           
0     00082851  _CopyData                             
1     0005d300  _CpuSysRegs                           
1     00000c00  _CpuTimer0Regs                        
1     00000c08  _CpuTimer1Regs                        
1     00000c10  _CpuTimer2Regs                        
0     0008279d  _CsmUnlock                            
0     00082014  _DATALOG_ISR                          
0     00082258  _DMA_CH1_ISR                          
0     00082262  _DMA_CH2_ISR                          
0     0008226c  _DMA_CH3_ISR                          
0     00082276  _DMA_CH4_ISR                          
0     00082280  _DMA_CH5_ISR                          
0     0008228a  _DMA_CH6_ISR                          
1     00005c00  _DacaRegs                             
1     00005c10  _DacbRegs                             
1     00005c20  _DaccRegs                             
1     0005f070  _DcsmCommonRegs                       
1     00078000  _DcsmZ1Otp                            
1     0005f000  _DcsmZ1Regs                           
1     00078200  _DcsmZ2Otp                            
1     0005f040  _DcsmZ2Regs                           
1     0005d000  _DevCfgRegs                           
0     00082679  _DisableDog                           
0     0008263a  _DisablePeripheralClocks              
1     00007980  _DmaClaSrcSelRegs                     
1     00001000  _DmaRegs                              
0     000821ae  _ECAP1_ISR                            
0     000821b8  _ECAP2_ISR                            
0     000821c2  _ECAP3_ISR                            
0     000821cc  _ECAP4_ISR                            
0     000821d6  _ECAP5_ISR                            
0     000821e0  _ECAP6_ISR                            
1     00005000  _ECap1Regs                            
1     00005020  _ECap2Regs                            
1     00005040  _ECap3Regs                            
1     00005060  _ECap4Regs                            
1     00005080  _ECap5Regs                            
1     000050a0  _ECap6Regs                            
0     00082514  _EMIF_ERROR_ISR                       
0     0008256e  _EMPTY_ISR                            
0     00082028  _EMU_ISR                              
0     0008246a  _EPWM10_ISR                           
0     00082442  _EPWM10_TZ_ISR                        
0     00082474  _EPWM11_ISR                           
0     0008244c  _EPWM11_TZ_ISR                        
0     0008247e  _EPWM12_ISR                           
0     00082456  _EPWM12_TZ_ISR                        
0     0008215e  _EPWM1_ISR                            
0     0008210e  _EPWM1_TZ_ISR                         
0     00082168  _EPWM2_ISR                            
0     00082118  _EPWM2_TZ_ISR                         
0     00082172  _EPWM3_ISR                            
0     00082122  _EPWM3_TZ_ISR                         
0     0008217c  _EPWM4_ISR                            
0     0008212c  _EPWM4_TZ_ISR                         
0     00082186  _EPWM5_ISR                            
0     00082136  _EPWM5_TZ_ISR                         
0     00082190  _EPWM6_ISR                            
0     00082140  _EPWM6_TZ_ISR                         
0     0008219a  _EPWM7_ISR                            
0     0008214a  _EPWM7_TZ_ISR                         
0     000821a4  _EPWM8_ISR                            
0     00082154  _EPWM8_TZ_ISR                         
0     00082460  _EPWM9_ISR                            
0     00082438  _EPWM9_TZ_ISR                         
1     00004900  _EPwm10Regs                           
1     00004a00  _EPwm11Regs                           
1     00004b00  _EPwm12Regs                           
1     00004000  _EPwm1Regs                            
1     00004100  _EPwm2Regs                            
1     00004200  _EPwm3Regs                            
1     00004300  _EPwm4Regs                            
1     00004400  _EPwm5Regs                            
1     00004500  _EPwm6Regs                            
1     00004600  _EPwm7Regs                            
1     00004700  _EPwm8Regs                            
1     00004800  _EPwm9Regs                            
1     00007a00  _EPwmXbarRegs                         
0     000821ea  _EQEP1_ISR                            
0     000821f4  _EQEP2_ISR                            
0     000821fe  _EQEP3_ISR                            
1     00005100  _EQep1Regs                            
1     00005140  _EQep2Regs                            
1     00005180  _EQep3Regs                            
1     0005f480  _Emif1ConfigRegs                      
1     00047000  _Emif1Regs                            
1     0005f4a0  _Emif2ConfigRegs                      
1     00047800  _Emif2Regs                            
1     00000d01  _EmuBMode                             
1     00000d00  _EmuKey                               
0     000832da  _EnableInterrupts                     
0     0001a0af  _F28x_usDelay                         
0     00082528  _FLASH_CORRECTABLE_ERROR_ISR          
0     000823fc  _FPU_OVERFLOW_ISR                     
0     00082406  _FPU_UNDERFLOW_ISR                    
0     0001b328  _Fapi_GlobalInit                      
0     0001b225  _Fapi_doBlankCheck                    
0     0001b312  _Fapi_flushPipeline                   
0     0001b294  _Fapi_isAddressEcc                    
0     0001b2d8  _Fapi_issueAsyncCommandWithAddress    
0     0001b000  _Fapi_issueProgrammingCommand         
0     0001a000  _Fapi_serviceWatchdogTimer            
0     0001a055  _Fapi_setupBankSectorEnable           
0     0001a002  _Fapi_setupEepromSectorEnable         
0     0001b2f8  _Fapi_waitDelay                       
0     0008294b  _FindSector                           
0     00082a66  _FindSize                             
1     0005f800  _Flash0CtrlRegs                       
1     0005fb00  _Flash0EccRegs                        
0     0001a0a1  _FlashOff                             
1     00050024  _FlashPumpSemaphoreRegs               
0     00082ce3  _GPIO_EnableUnbondedIOPullups         
0     00082cbe  _GPIO_EnableUnbondedIOPullupsFor100Pin
0     00082ca5  _GPIO_EnableUnbondedIOPullupsFor176Pin
0     00082cf9  _GPIO_ReadPin                         
0     00082c4a  _GPIO_SetupLock                       
0     00082b2a  _GPIO_SetupPinMux                     
0     00082bb6  _GPIO_SetupPinOptions                 
0     00082c73  _GPIO_SetupXINT1Gpio                  
0     00082c7d  _GPIO_SetupXINT2Gpio                  
0     00082c87  _GPIO_SetupXINT3Gpio                  
0     00082c91  _GPIO_SetupXINT4Gpio                  
0     00082c9b  _GPIO_SetupXINT5Gpio                  
0     00082d10  _GPIO_WritePin                        
0     0008309a  _GPIO_setPinMuxConfig                 
0     00082848  _GetRamData                           
1     00007c00  _GpioCtrlRegs                         
1     00007f00  _GpioDataRegs                         
0     00083115  _Gpio_select                          
0     00082812  _HALT                                 
0     0008282b  _HIB                                  
0     0008229e  _I2CA_FIFO_ISR                        
0     00082294  _I2CA_ISR                             
0     000822b2  _I2CB_FIFO_ISR                        
0     000822a8  _I2CB_ISR                             
1     00007300  _I2caRegs                             
1     00007340  _I2cbRegs                             
0     000827fe  _IDLE                                 
0     0008203c  _ILLEGAL_ISR                          
0     00082410  _IPC0_ISR                             
0     0008241a  _IPC1_ISR                             
0     00082424  _IPC2_ISR                             
0     0008242e  _IPC3_ISR                             
0     00082d68  _IPCBootCPU2                          
0     00082d64  _IPCGetBootStatus                     
0     00082d45  _IPCLtoRFlagBusy                      
0     00082d5c  _IPCLtoRFlagClear                     
0     00082d54  _IPCLtoRFlagSet                       
0     00082d2e  _IPCRtoLFlagAcknowledge               
0     00082d36  _IPCRtoLFlagBusy                      
0     0008270b  _InitAuxPll                           
0     00082f5d  _InitEPwm10Gpio                       
0     00082f70  _InitEPwm11Gpio                       
0     00082f84  _InitEPwm12Gpio                       
0     00082ead  _InitEPwm1Gpio                        
0     00082ebf  _InitEPwm2Gpio                        
0     00082ed2  _InitEPwm3Gpio                        
0     00082ee6  _InitEPwm4Gpio                        
0     00082ef9  _InitEPwm5Gpio                        
0     00082f0b  _InitEPwm6Gpio                        
0     00082f1e  _InitEPwm7Gpio                        
0     00082f32  _InitEPwm8Gpio                        
0     00082f4b  _InitEPwm9Gpio                        
0     00082e94  _InitEPwmGpio                         
0     0001a078  _InitFlash                            
0     00082aea  _InitGpio                             
0     000825b6  _InitPeripheralClocks                 
0     000832bb  _InitPieCtrl                          
0     000832e3  _InitPieVectTable                     
0     00082585  _InitSysCtrl                          
0     00082687  _InitSysPll                           
1     00007900  _InputXbarRegs                        
1     00050000  _IpcRegs                              
0     00082230  _MCBSPA_RX_ISR                        
0     0008223a  _MCBSPA_TX_ISR                        
0     00082244  _MCBSPB_RX_ISR                        
0     0008224e  _MCBSPB_TX_ISR                        
1     00006000  _McbspaRegs                           
1     00006040  _McbspbRegs                           
1     0005f400  _MemCfgRegs                           
1     0005f500  _MemoryErrorRegs                      
0     00082032  _NMI_ISR                              
0     0008257b  _NOTUSED_ISR                          
1     00007060  _NmiIntruptRegs                       
1     00007a80  _OutputXbarRegs                       
0     00082564  _PIE_RESERVED_ISR                     
1     00000ce0  _PieCtrlRegs                          
1     00000d00  _PieVectTable                         
0     00083390  _PieVectTableInit                     
0     00082532  _RAM_ACCESS_VIOLATION_ISR             
0     0008251e  _RAM_CORRECTABLE_ERROR_ISR            
0     0008201e  _RTOS_ISR                             
0     00086447  _RamfuncsLoadEnd                      
abs   00086334  _RamfuncsLoadEnd_1                    
abs   000000b3  _RamfuncsLoadSize                     
abs   00000334  _RamfuncsLoadSize_1                   
0     00086394  _RamfuncsLoadStart                    
abs   00086000  _RamfuncsLoadStart_1                  
0     0001a0b3  _RamfuncsRunEnd                       
abs   0001b334  _RamfuncsRunEnd_1                     
abs   000000b3  _RamfuncsRunSize                      
abs   00000334  _RamfuncsRunSize_1                    
0     0001a000  _RamfuncsRunStart                     
abs   0001b000  _RamfuncsRunStart_1                   
1     0000e01c  _ReadReserve                          
0     00082adc  _ReadReservedFn                       
1     0000e26c  _ReceivedChar                         
0     00082661  _ReleaseFlashPump                     
1     0000e026  _Reserved                             
1     0005e608  _RomPrefetchRegs                      
1     0005f540  _RomWaitStateRegs                     
0     000822e4  _SCIA_RX_ISR                          
0     000822ee  _SCIA_TX_ISR                          
0     000822f8  _SCIB_RX_ISR                          
0     00082302  _SCIB_TX_ISR                          
0     000822bc  _SCIC_RX_ISR                          
0     000822c6  _SCIC_TX_ISR                          
0     000822d0  _SCID_RX_ISR                          
0     000822da  _SCID_TX_ISR                          
0     00082f97  _SCI_A                                
0     00082488  _SD1_ISR                              
0     00082492  _SD2_ISR                              
0     00082208  _SPIA_RX_ISR                          
0     00082212  _SPIA_TX_ISR                          
0     0008221c  _SPIB_RX_ISR                          
0     00082226  _SPIB_TX_ISR                          
0     0008249c  _SPIC_RX_ISR                          
0     000824a6  _SPIC_TX_ISR                          
0     00082807  _STANDBY                              
0     0008253c  _SYS_PLL_SLIP_ISR                     
1     00007200  _SciaRegs                             
1     00007210  _ScibRegs                             
1     00007220  _ScicRegs                             
1     00007230  _ScidRegs                             
1     00005e00  _Sdfm1Regs                            
1     00005e80  _Sdfm2Regs                            
0     00082652  _SeizeFlashPump                       
0     0008266b  _ServiceDog                           
1     00006100  _SpiaRegs                             
1     00006110  _SpibRegs                             
1     00006120  _SpicRegs                             
1     00007940  _SyncSocRegs                          
0     000827be  _SysIntOsc1Sel                        
0     000827c8  _SysIntOsc2Sel                        
0     000827d2  _SysXtalOscSel                        
0     000820fa  _TIMER0_ISR                           
0     00082000  _TIMER1_ISR                           
0     0008200a  _TIMER2_ISR                           
0     000824b0  _UPPA_ISR                             
0     000824ba  _USBA_ISR                             
0     000820a0  _USER10_ISR                           
0     000820aa  _USER11_ISR                           
0     000820b4  _USER12_ISR                           
0     00082046  _USER1_ISR                            
0     00082050  _USER2_ISR                            
0     0008205a  _USER3_ISR                            
0     00082064  _USER4_ISR                            
0     0008206e  _USER5_ISR                            
0     00082078  _USER6_ISR                            
0     00082082  _USER7_ISR                            
0     0008208c  _USER8_ISR                            
0     00082096  _USER9_ISR                            
1     00006200  _UppRegs                              
0     000823f2  _VCU_ISR                              
0     00082104  _WAKE_ISR                             
1     00007000  _WdRegs                               
0     000820dc  _XINT1_ISR                            
0     000820e6  _XINT2_ISR                            
0     000823d4  _XINT3_ISR                            
0     000823de  _XINT4_ISR                            
0     000823e8  _XINT5_ISR                            
1     00007920  _XbarRegs                             
1     00007070  _XintRegs                             
0     0001b267  __Fapi_issueFsmCommand                
0     0001b19d  __Fapi_loopRegionForValue             
0     0001b2b6  __Fapi_setupSectorsForWrite           
1     00000600  __STACK_END                           
abs   00000200  __STACK_SIZE                          
1     0000e268  ___TI_cleanup_ptr                     
1     0000e26a  ___TI_dtors_ptr                       
1     0000e266  ___TI_enable_exit_profile_output      
abs   ffffffff  ___TI_pprof_out_hndl                  
abs   ffffffff  ___TI_prof_data_size                  
abs   ffffffff  ___TI_prof_data_start                 
abs   ffffffff  ___binit__                            
abs   ffffffff  ___c_args__                           
0     000835b4  ___cinit__                            
0     00083390  ___etext__                            
abs   ffffffff  ___pinit__                            
0     00082000  ___text__                             
0     0008334b  __args_main                           
1     0000e270  __lock                                
0     00083384  __nop                                 
0     00083380  __register_lock                       
0     0008337c  __register_unlock                     
1     00000400  __stack                               
0     0008338f  __system_post_cinit                   
0     0008338d  __system_pre_init                     
1     0000e272  __unlock                              
0     00083292  _abort                                
1     0000e248  _buffer_convert_1                     
0     000831f7  _c_int00                              
0     0008301e  _cla1Isr1                             
0     0008302f  _cla1Isr2                             
0     0008303e  _cla1Isr3                             
0     0008304d  _cla1Isr4                             
0     0008305c  _cla1Isr5                             
0     0008306b  _cla1Isr6                             
0     0008307a  _cla1Isr7                             
0     00083089  _cla1Isr8                             
0     00083309  _copy_in                              
1     0000e00a  _entrypoint                           
1     0000e030  _erasedAlready                        
0     00083294  _exit                                 
1     00001480  _fResult                              
1     00001500  _fVal                                 
1     0000e002  _fail                                 
1     0000e141  _fail_cla                             
1     0000e000  _key                                  
1     0000e006  _longData1                            
1     0000e004  _longData2                            
0     00083123  _main                                 
0     0008332d  _memcpy                               
1     0000e26e  _msg                                  
1     0000e014  _oFlashStatusWord                     
1     0000e001  _oReturnCheck                         
1     0000e008  _p                                    
1     0000e140  _pass                                 
0     00082fc9  _pie_setup                            
0     0008324d  _sciaRxFifoIsr                        
0     00082ffd  _scia_fifo_init                       
0     00082fea  _scia_msg                             
0     00082fde  _scia_xmit                            
0     00082fba  _send_start_msg                       
1     0000e010  _statusCode                           
1     0000e180  _y                                    
abs   ffffffff  binit                                 
0     000835b4  cinit                                 
0     00080000  code_start                            
0     00083390  etext                                 
abs   ffffffff  pinit                                 


GLOBAL SYMBOLS: SORTED BY Symbol Address 

page  address   name                                  
----  -------   ----                                  
0     00000ce0  _Cla1SoftIntRegs                      
0     0000a800  _Cla1Task1                            
0     0000a800  _Cla1funcsRunStart                    
0     0000a826  _Cla1Task2                            
0     0000a82e  _Cla1Task3                            
0     0000a836  _Cla1Task4                            
0     0000a83e  _Cla1Task5                            
0     0000a846  _Cla1Task6                            
0     0000a84e  _Cla1Task7                            
0     0000a856  _Cla1Task8                            
0     0001a000  _Fapi_serviceWatchdogTimer            
0     0001a000  _RamfuncsRunStart                     
0     0001a002  _Fapi_setupEepromSectorEnable         
0     0001a055  _Fapi_setupBankSectorEnable           
0     0001a078  _InitFlash                            
0     0001a0a1  _FlashOff                             
0     0001a0af  _F28x_usDelay                         
0     0001a0b3  _RamfuncsRunEnd                       
0     0001b000  _Fapi_issueProgrammingCommand         
0     0001b19d  __Fapi_loopRegionForValue             
0     0001b225  _Fapi_doBlankCheck                    
0     0001b267  __Fapi_issueFsmCommand                
0     0001b294  _Fapi_isAddressEcc                    
0     0001b2b6  __Fapi_setupSectorsForWrite           
0     0001b2d8  _Fapi_issueAsyncCommandWithAddress    
0     0001b2f8  _Fapi_waitDelay                       
0     0001b312  _Fapi_flushPipeline                   
0     0001b328  _Fapi_GlobalInit                      
0     00080000  code_start                            
0     00082000  .text                                 
0     00082000  _TIMER1_ISR                           
0     00082000  ___text__                             
0     0008200a  _TIMER2_ISR                           
0     00082014  _DATALOG_ISR                          
0     0008201e  _RTOS_ISR                             
0     00082028  _EMU_ISR                              
0     00082032  _NMI_ISR                              
0     0008203c  _ILLEGAL_ISR                          
0     00082046  _USER1_ISR                            
0     00082050  _USER2_ISR                            
0     0008205a  _USER3_ISR                            
0     00082064  _USER4_ISR                            
0     0008206e  _USER5_ISR                            
0     00082078  _USER6_ISR                            
0     00082082  _USER7_ISR                            
0     0008208c  _USER8_ISR                            
0     00082096  _USER9_ISR                            
0     000820a0  _USER10_ISR                           
0     000820aa  _USER11_ISR                           
0     000820b4  _USER12_ISR                           
0     000820be  _ADCA1_ISR                            
0     000820c8  _ADCB1_ISR                            
0     000820d2  _ADCC1_ISR                            
0     000820dc  _XINT1_ISR                            
0     000820e6  _XINT2_ISR                            
0     000820f0  _ADCD1_ISR                            
0     000820fa  _TIMER0_ISR                           
0     00082104  _WAKE_ISR                             
0     0008210e  _EPWM1_TZ_ISR                         
0     00082118  _EPWM2_TZ_ISR                         
0     00082122  _EPWM3_TZ_ISR                         
0     0008212c  _EPWM4_TZ_ISR                         
0     00082136  _EPWM5_TZ_ISR                         
0     00082140  _EPWM6_TZ_ISR                         
0     0008214a  _EPWM7_TZ_ISR                         
0     00082154  _EPWM8_TZ_ISR                         
0     0008215e  _EPWM1_ISR                            
0     00082168  _EPWM2_ISR                            
0     00082172  _EPWM3_ISR                            
0     0008217c  _EPWM4_ISR                            
0     00082186  _EPWM5_ISR                            
0     00082190  _EPWM6_ISR                            
0     0008219a  _EPWM7_ISR                            
0     000821a4  _EPWM8_ISR                            
0     000821ae  _ECAP1_ISR                            
0     000821b8  _ECAP2_ISR                            
0     000821c2  _ECAP3_ISR                            
0     000821cc  _ECAP4_ISR                            
0     000821d6  _ECAP5_ISR                            
0     000821e0  _ECAP6_ISR                            
0     000821ea  _EQEP1_ISR                            
0     000821f4  _EQEP2_ISR                            
0     000821fe  _EQEP3_ISR                            
0     00082208  _SPIA_RX_ISR                          
0     00082212  _SPIA_TX_ISR                          
0     0008221c  _SPIB_RX_ISR                          
0     00082226  _SPIB_TX_ISR                          
0     00082230  _MCBSPA_RX_ISR                        
0     0008223a  _MCBSPA_TX_ISR                        
0     00082244  _MCBSPB_RX_ISR                        
0     0008224e  _MCBSPB_TX_ISR                        
0     00082258  _DMA_CH1_ISR                          
0     00082262  _DMA_CH2_ISR                          
0     0008226c  _DMA_CH3_ISR                          
0     00082276  _DMA_CH4_ISR                          
0     00082280  _DMA_CH5_ISR                          
0     0008228a  _DMA_CH6_ISR                          
0     00082294  _I2CA_ISR                             
0     0008229e  _I2CA_FIFO_ISR                        
0     000822a8  _I2CB_ISR                             
0     000822b2  _I2CB_FIFO_ISR                        
0     000822bc  _SCIC_RX_ISR                          
0     000822c6  _SCIC_TX_ISR                          
0     000822d0  _SCID_RX_ISR                          
0     000822da  _SCID_TX_ISR                          
0     000822e4  _SCIA_RX_ISR                          
0     000822ee  _SCIA_TX_ISR                          
0     000822f8  _SCIB_RX_ISR                          
0     00082302  _SCIB_TX_ISR                          
0     0008230c  _CANA0_ISR                            
0     00082316  _CANA1_ISR                            
0     00082320  _CANB0_ISR                            
0     0008232a  _CANB1_ISR                            
0     00082334  _ADCA_EVT_ISR                         
0     0008233e  _ADCA2_ISR                            
0     00082348  _ADCA3_ISR                            
0     00082352  _ADCA4_ISR                            
0     0008235c  _ADCB_EVT_ISR                         
0     00082366  _ADCB2_ISR                            
0     00082370  _ADCB3_ISR                            
0     0008237a  _ADCB4_ISR                            
0     00082384  _CLA1_1_ISR                           
0     0008238e  _CLA1_2_ISR                           
0     00082398  _CLA1_3_ISR                           
0     000823a2  _CLA1_4_ISR                           
0     000823ac  _CLA1_5_ISR                           
0     000823b6  _CLA1_6_ISR                           
0     000823c0  _CLA1_7_ISR                           
0     000823ca  _CLA1_8_ISR                           
0     000823d4  _XINT3_ISR                            
0     000823de  _XINT4_ISR                            
0     000823e8  _XINT5_ISR                            
0     000823f2  _VCU_ISR                              
0     000823fc  _FPU_OVERFLOW_ISR                     
0     00082406  _FPU_UNDERFLOW_ISR                    
0     00082410  _IPC0_ISR                             
0     0008241a  _IPC1_ISR                             
0     00082424  _IPC2_ISR                             
0     0008242e  _IPC3_ISR                             
0     00082438  _EPWM9_TZ_ISR                         
0     00082442  _EPWM10_TZ_ISR                        
0     0008244c  _EPWM11_TZ_ISR                        
0     00082456  _EPWM12_TZ_ISR                        
0     00082460  _EPWM9_ISR                            
0     0008246a  _EPWM10_ISR                           
0     00082474  _EPWM11_ISR                           
0     0008247e  _EPWM12_ISR                           
0     00082488  _SD1_ISR                              
0     00082492  _SD2_ISR                              
0     0008249c  _SPIC_RX_ISR                          
0     000824a6  _SPIC_TX_ISR                          
0     000824b0  _UPPA_ISR                             
0     000824ba  _USBA_ISR                             
0     000824c4  _ADCC_EVT_ISR                         
0     000824ce  _ADCC2_ISR                            
0     000824d8  _ADCC3_ISR                            
0     000824e2  _ADCC4_ISR                            
0     000824ec  _ADCD_EVT_ISR                         
0     000824f6  _ADCD2_ISR                            
0     00082500  _ADCD3_ISR                            
0     0008250a  _ADCD4_ISR                            
0     00082514  _EMIF_ERROR_ISR                       
0     0008251e  _RAM_CORRECTABLE_ERROR_ISR            
0     00082528  _FLASH_CORRECTABLE_ERROR_ISR          
0     00082532  _RAM_ACCESS_VIOLATION_ISR             
0     0008253c  _SYS_PLL_SLIP_ISR                     
0     00082546  _AUX_PLL_SLIP_ISR                     
0     00082550  _CLA_OVERFLOW_ISR                     
0     0008255a  _CLA_UNDERFLOW_ISR                    
0     00082564  _PIE_RESERVED_ISR                     
0     0008256e  _EMPTY_ISR                            
0     0008257b  _NOTUSED_ISR                          
0     00082585  _InitSysCtrl                          
0     000825b6  _InitPeripheralClocks                 
0     0008263a  _DisablePeripheralClocks              
0     00082652  _SeizeFlashPump                       
0     00082661  _ReleaseFlashPump                     
0     0008266b  _ServiceDog                           
0     00082679  _DisableDog                           
0     00082687  _InitSysPll                           
0     0008270b  _InitAuxPll                           
0     0008279d  _CsmUnlock                            
0     000827be  _SysIntOsc1Sel                        
0     000827c8  _SysIntOsc2Sel                        
0     000827d2  _SysXtalOscSel                        
0     000827de  _AuxIntOsc2Sel                        
0     000827e8  _AuxXtalOscSel                        
0     000827f4  _AuxAuxClkSel                         
0     000827fe  _IDLE                                 
0     00082807  _STANDBY                              
0     00082812  _HALT                                 
0     0008282b  _HIB                                  
0     00082848  _GetRamData                           
0     00082851  _CopyData                             
0     0008294b  _FindSector                           
0     00082a66  _FindSize                             
0     00082adc  _ReadReservedFn                       
0     00082aea  _InitGpio                             
0     00082b2a  _GPIO_SetupPinMux                     
0     00082bb6  _GPIO_SetupPinOptions                 
0     00082c4a  _GPIO_SetupLock                       
0     00082c73  _GPIO_SetupXINT1Gpio                  
0     00082c7d  _GPIO_SetupXINT2Gpio                  
0     00082c87  _GPIO_SetupXINT3Gpio                  
0     00082c91  _GPIO_SetupXINT4Gpio                  
0     00082c9b  _GPIO_SetupXINT5Gpio                  
0     00082ca5  _GPIO_EnableUnbondedIOPullupsFor176Pin
0     00082cbe  _GPIO_EnableUnbondedIOPullupsFor100Pin
0     00082ce3  _GPIO_EnableUnbondedIOPullups         
0     00082cf9  _GPIO_ReadPin                         
0     00082d10  _GPIO_WritePin                        
0     00082d2e  _IPCRtoLFlagAcknowledge               
0     00082d36  _IPCRtoLFlagBusy                      
0     00082d45  _IPCLtoRFlagBusy                      
0     00082d54  _IPCLtoRFlagSet                       
0     00082d5c  _IPCLtoRFlagClear                     
0     00082d64  _IPCGetBootStatus                     
0     00082d68  _IPCBootCPU2                          
0     00082e94  _InitEPwmGpio                         
0     00082ead  _InitEPwm1Gpio                        
0     00082ebf  _InitEPwm2Gpio                        
0     00082ed2  _InitEPwm3Gpio                        
0     00082ee6  _InitEPwm4Gpio                        
0     00082ef9  _InitEPwm5Gpio                        
0     00082f0b  _InitEPwm6Gpio                        
0     00082f1e  _InitEPwm7Gpio                        
0     00082f32  _InitEPwm8Gpio                        
0     00082f4b  _InitEPwm9Gpio                        
0     00082f5d  _InitEPwm10Gpio                       
0     00082f70  _InitEPwm11Gpio                       
0     00082f84  _InitEPwm12Gpio                       
0     00082f97  _SCI_A                                
0     00082fba  _send_start_msg                       
0     00082fc9  _pie_setup                            
0     00082fde  _scia_xmit                            
0     00082fea  _scia_msg                             
0     00082ffd  _scia_fifo_init                       
0     0008301e  _cla1Isr1                             
0     0008302f  _cla1Isr2                             
0     0008303e  _cla1Isr3                             
0     0008304d  _cla1Isr4                             
0     0008305c  _cla1Isr5                             
0     0008306b  _cla1Isr6                             
0     0008307a  _cla1Isr7                             
0     00083089  _cla1Isr8                             
0     0008309a  _GPIO_setPinMuxConfig                 
0     00083115  _Gpio_select                          
0     00083123  _main                                 
0     00083178  _CLA_runTest                          
0     0008318a  _CLA_configClaMemory                  
0     000831d1  _CLA_initCpu1Cla1                     
0     000831f7  _c_int00                              
0     0008324d  _sciaRxFifoIsr                        
0     00083292  C$$EXIT                               
0     00083292  _abort                                
0     00083294  _exit                                 
0     000832bb  _InitPieCtrl                          
0     000832da  _EnableInterrupts                     
0     000832e3  _InitPieVectTable                     
0     00083309  _copy_in                              
0     0008332d  _memcpy                               
0     0008334b  __args_main                           
0     00083364  LL$$AND                               
0     0008336c  LL$$OR                                
0     00083374  LL$$XOR                               
0     0008337c  __register_unlock                     
0     00083380  __register_lock                       
0     00083384  __nop                                 
0     0008338d  __system_pre_init                     
0     0008338f  __system_post_cinit                   
0     00083390  _PieVectTableInit                     
0     00083390  ___etext__                            
0     00083390  etext                                 
0     000835b4  ___cinit__                            
0     000835b4  cinit                                 
0     00086334  _Cla1funcsLoadStart                   
0     00086392  _Cla1funcsLoadEnd                     
0     00086394  _RamfuncsLoadStart                    
0     00086447  _RamfuncsLoadEnd                      
1     00000400  __stack                               
1     00000600  __STACK_END                           
1     00000b00  _AdcaResultRegs                       
1     00000b20  _AdcbResultRegs                       
1     00000b40  _AdccResultRegs                       
1     00000b60  _AdcdResultRegs                       
1     00000c00  _CpuTimer0Regs                        
1     00000c08  _CpuTimer1Regs                        
1     00000c10  _CpuTimer2Regs                        
1     00000ce0  _PieCtrlRegs                          
1     00000d00  _EmuKey                               
1     00000d00  _PieVectTable                         
1     00000d01  _EmuBMode                             
1     00001000  _DmaRegs                              
1     00001400  _Cla1Regs                             
1     00001480  _fResult                              
1     00001500  _fVal                                 
1     00004000  _EPwm1Regs                            
1     00004100  _EPwm2Regs                            
1     00004200  _EPwm3Regs                            
1     00004300  _EPwm4Regs                            
1     00004400  _EPwm5Regs                            
1     00004500  _EPwm6Regs                            
1     00004600  _EPwm7Regs                            
1     00004700  _EPwm8Regs                            
1     00004800  _EPwm9Regs                            
1     00004900  _EPwm10Regs                           
1     00004a00  _EPwm11Regs                           
1     00004b00  _EPwm12Regs                           
1     00005000  _ECap1Regs                            
1     00005020  _ECap2Regs                            
1     00005040  _ECap3Regs                            
1     00005060  _ECap4Regs                            
1     00005080  _ECap5Regs                            
1     000050a0  _ECap6Regs                            
1     00005100  _EQep1Regs                            
1     00005140  _EQep2Regs                            
1     00005180  _EQep3Regs                            
1     00005c00  _DacaRegs                             
1     00005c10  _DacbRegs                             
1     00005c20  _DaccRegs                             
1     00005c80  _Cmpss1Regs                           
1     00005ca0  _Cmpss2Regs                           
1     00005cc0  _Cmpss3Regs                           
1     00005ce0  _Cmpss4Regs                           
1     00005d00  _Cmpss5Regs                           
1     00005d20  _Cmpss6Regs                           
1     00005d40  _Cmpss7Regs                           
1     00005d60  _Cmpss8Regs                           
1     00005e00  _Sdfm1Regs                            
1     00005e80  _Sdfm2Regs                            
1     00006000  _McbspaRegs                           
1     00006040  _McbspbRegs                           
1     00006100  _SpiaRegs                             
1     00006110  _SpibRegs                             
1     00006120  _SpicRegs                             
1     00006200  _UppRegs                              
1     00007000  _WdRegs                               
1     00007060  _NmiIntruptRegs                       
1     00007070  _XintRegs                             
1     00007200  _SciaRegs                             
1     00007210  _ScibRegs                             
1     00007220  _ScicRegs                             
1     00007230  _ScidRegs                             
1     00007300  _I2caRegs                             
1     00007340  _I2cbRegs                             
1     00007400  _AdcaRegs                             
1     00007480  _AdcbRegs                             
1     00007500  _AdccRegs                             
1     00007580  _AdcdRegs                             
1     00007900  _InputXbarRegs                        
1     00007920  _XbarRegs                             
1     00007940  _SyncSocRegs                          
1     00007980  _DmaClaSrcSelRegs                     
1     00007a00  _EPwmXbarRegs                         
1     00007a80  _OutputXbarRegs                       
1     00007c00  _GpioCtrlRegs                         
1     00007f00  _GpioDataRegs                         
1     0000e000  _key                                  
1     0000e001  _oReturnCheck                         
1     0000e002  _fail                                 
1     0000e004  _longData2                            
1     0000e006  _longData1                            
1     0000e008  _p                                    
1     0000e00a  _entrypoint                           
1     0000e00c  _BlockHeader                          
1     0000e010  _statusCode                           
1     0000e014  _oFlashStatusWord                     
1     0000e01c  _ReadReserve                          
1     0000e026  _Reserved                             
1     0000e030  _erasedAlready                        
1     0000e040  _Buffer                               
1     0000e140  _pass                                 
1     0000e141  _fail_cla                             
1     0000e180  _y                                    
1     0000e248  _buffer_convert_1                     
1     0000e266  ___TI_enable_exit_profile_output      
1     0000e268  ___TI_cleanup_ptr                     
1     0000e26a  ___TI_dtors_ptr                       
1     0000e26c  _ReceivedChar                         
1     0000e26e  _msg                                  
1     0000e270  __lock                                
1     0000e272  __unlock                              
1     00047000  _Emif1Regs                            
1     00047800  _Emif2Regs                            
1     00050000  _IpcRegs                              
1     00050024  _FlashPumpSemaphoreRegs               
1     0005d000  _DevCfgRegs                           
1     0005d180  _AnalogSubsysRegs                     
1     0005d200  _ClkCfgRegs                           
1     0005d300  _CpuSysRegs                           
1     0005e608  _RomPrefetchRegs                      
1     0005f000  _DcsmZ1Regs                           
1     0005f040  _DcsmZ2Regs                           
1     0005f070  _DcsmCommonRegs                       
1     0005f400  _MemCfgRegs                           
1     0005f480  _Emif1ConfigRegs                      
1     0005f4a0  _Emif2ConfigRegs                      
1     0005f4c0  _AccessProtectionRegs                 
1     0005f500  _MemoryErrorRegs                      
1     0005f540  _RomWaitStateRegs                     
1     0005f800  _Flash0CtrlRegs                       
1     0005fb00  _Flash0EccRegs                        
1     00078000  _DcsmZ1Otp                            
1     00078200  _DcsmZ2Otp                            
abs   0000005e  _Cla1funcsLoadSize                    
abs   000000b3  _RamfuncsLoadSize                     
abs   000000b3  _RamfuncsRunSize                      
abs   00000200  __STACK_SIZE                          
abs   00000334  _RamfuncsLoadSize_1                   
abs   00000334  _RamfuncsRunSize_1                    
abs   0001b000  _RamfuncsRunStart_1                   
abs   0001b334  _RamfuncsRunEnd_1                     
abs   00086000  _RamfuncsLoadStart_1                  
abs   00086334  _RamfuncsLoadEnd_1                    
abs   ffffffff  ___TI_pprof_out_hndl                  
abs   ffffffff  ___TI_prof_data_size                  
abs   ffffffff  ___TI_prof_data_start                 
abs   ffffffff  ___binit__                            
abs   ffffffff  ___c_args__                           
abs   ffffffff  ___pinit__                            
abs   ffffffff  binit                                 
abs   ffffffff  pinit                                 

[422 symbols]
