******************************************************************************
             TMS320C2000 Linker PC v16.9.1                     
******************************************************************************
>> Linked Fri Mar 31 08:52:17 2017

OUTPUT FILE NAME:   <dac.out>
ENTRY POINT SYMBOL: "_c_int00"  address: 0000b74f


MEMORY CONFIGURATION

         name            origin    length      used     unused   attr    fill
----------------------  --------  ---------  --------  --------  ----  --------
PAGE 0:
  BEGIN                 00000000   00000002  00000000  00000002  RWIX
  RAMM0                 00000122   000002de  000002dd  00000001  RWIX
  RAMLS0                00008000   00000800  00000050  000007b0  RWIX
  RAMLS1                00008800   00000800  00000000  00000800  RWIX
  RAMLS2                00009000   00000800  00000000  00000800  RWIX
  RAMLS3                00009800   00000800  00000000  00000800  RWIX
  RAMLS4                0000a000   00000800  00000000  00000800  RWIX
  RAMD0                 0000b000   00000800  00000800  00000000  RWIX
  RESET                 003fffc0   00000002  00000000  00000002  RWIX

PAGE 1:
  BOOT_RSVD             00000002   00000120  00000000  00000120  RWIX
  RAMM1                 00000400   00000400  00000320  000000e0  RWIX
  RAMLS5                0000a800   00000800  00000016  000007ea  RWIX
  RAMD1                 0000b800   00000800  00000000  00000800  RWIX
  RAMGS0                0000c000   00001000  00000000  00001000  RWIX
  RAMGS1                0000d000   00001000  00000000  00001000  RWIX
  RAMGS2                0000e000   00001000  00000000  00001000  RWIX
  RAMGS3                0000f000   00001000  00000000  00001000  RWIX
  RAMGS4                00010000   00001000  00000000  00001000  RWIX
  RAMGS5                00011000   00001000  00000000  00001000  RWIX
  RAMGS6                00012000   00001000  00000000  00001000  RWIX
  RAMGS7                00013000   00001000  00000000  00001000  RWIX
  RAMGS8                00014000   00001000  00000000  00001000  RWIX
  RAMGS9                00015000   00001000  00000000  00001000  RWIX
  RAMGS10               00016000   00001000  00000000  00001000  RWIX
  RAMGS11               00017000   00001000  00000000  00001000  RWIX
  RAMGS12               00018000   00001000  00000000  00001000  RWIX
  RAMGS13               00019000   00001000  00000000  00001000  RWIX
  RAMGS14               0001a000   00001000  00000000  00001000  RWIX
  RAMGS15               0001b000   00001000  00000000  00001000  RWIX
  CPU2TOCPU1RAM         0003f800   00000400  00000000  00000400  RWIX
  CPU1TOCPU2RAM         0003fc00   00000400  00000000  00000400  RWIX
  CANA_MSG_RAM          00049000   00000800  00000000  00000800  RWIX
  CANB_MSG_RAM          0004b000   00000800  00000000  00000800  RWIX


SECTION ALLOCATION MAP

 output                                  attributes/
section   page    origin      length       input sections
--------  ----  ----------  ----------   ----------------
.cinit     0    00000122    00000027     
                  00000122    0000000e     rts2800_fpu32.lib : exit.obj (.cinit)
                  00000130    00000008     main.obj (.cinit)
                  00000138    00000005     rts2800_fpu32.lib : _lock.obj (.cinit:__lock)
                  0000013d    00000005                       : _lock.obj (.cinit:__unlock)
                  00000142    00000005                       : rand.obj (.cinit)
                  00000147    00000002     --HOLE-- [fill = 0]

.pinit     0    00000122    00000000     UNINITIALIZED

.reset     0    003fffc0    00000002     DSECT
                  003fffc0    00000002     rts2800_fpu32.lib : boot28.obj (.reset)

.TI.ramfunc 
*          0    00000149    00000004     
                  00000149    00000004     lib_cpu1.lib : sysctl.obj (.TI.ramfunc)

.text.1    0    0000014e    000002b2     
                  0000014e    0000027c     rts2800_fpu32.lib : trgdrv.obj (.text)
                  000003ca    0000002e                       : rand.obj (.text)
                  000003f8    00000008                       : strlen.obj (.text)

.text.2    0    00008000    00000050     
                  00008000    0000001e     rts2800_fpu32.lib : memcpy.obj (.text)
                  0000801e    00000019                       : args_main.obj (.text)
                  00008037    0000000b                       : u_div28.obj (.text)
                  00008042    00000009                       : _lock.obj (.text)
                  0000804b    00000005                       : strcpy.obj (.text)

.text.3    0    0000b000    00000800     
                  0000b000    00000310     lib_cpu1.lib : sysctl.obj (.text)
                  0000b310    000001b6                  : device.obj (.text)
                  0000b4c6    0000019c                  : interrupt.obj (.text)
                  0000b662    00000094     rts2800_fpu32.lib : trgmsg.obj (.text)
                  0000b6f6    00000059     main.obj (.text)
                  0000b74f    00000056     rts2800_fpu32.lib : boot28.obj (.text)
                  0000b7a5    00000029                       : exit.obj (.text)
                  0000b7ce    00000024                       : cpy_tbl.obj (.text)
                  0000b7f2    0000000b                       : time.obj (.text)
                  0000b7fd    00000002                       : pre_init.obj (.text)
                  0000b7ff    00000001                       : startup.obj (.text)

.stack     1    00000400    00000200     UNINITIALIZED
                  00000400    00000200     --HOLE--

.cio       1    00000600    00000120     UNINITIALIZED
                  00000600    00000120     rts2800_fpu32.lib : trgmsg.obj (.cio)

.ebss      1    0000a800    00000016     UNINITIALIZED
                  0000a800    00000008     rts2800_fpu32.lib : trgdrv.obj (.ebss)
                  0000a808    00000006                       : exit.obj (.ebss)
                  0000a80e    00000002                       : _lock.obj (.ebss:__lock)
                  0000a810    00000002                       : _lock.obj (.ebss:__unlock)
                  0000a812    00000002     main.obj (.ebss)
                  0000a814    00000002     rts2800_fpu32.lib : rand.obj (.ebss)

GETBUFFER 
*          0    0003f800    00000000     DSECT

GETWRITEIDX 
*          0    0003f800    00000000     DSECT

PUTREADIDX 
*          0    0003f800    00000000     DSECT

MODULE SUMMARY

       Module          code   initialized data   uninitialized data
       ------          ----   ----------------   ------------------
    .\
       main.obj        89     8                  2                 
    +--+---------------+------+------------------+--------------------+
       Total:          89     8                  2                 
                                                                   
    ../../../Library/lib_cpu1.lib
       sysctl.obj      788    0                  0                 
       device.obj      438    0                  0                 
       interrupt.obj   412    0                  0                 
    +--+---------------+------+------------------+--------------------+
       Total:          1638   0                  0                 
                                                                   
    D:\ti\ccs7\ccsv7\tools\compiler\ti-cgt-c2000_16.9.1.LTS\lib\rts2800_fpu32.lib
       trgdrv.obj      636    0                  8                 
       trgmsg.obj      148    0                  288               
       boot28.obj      86     0                  0                 
       exit.obj        41     14                 6                 
       rand.obj        46     5                  2                 
       cpy_tbl.obj     36     0                  0                 
       memcpy.obj      30     0                  0                 
       args_main.obj   25     0                  0                 
       _lock.obj       9      10                 4                 
       time.obj        11     0                  0                 
       u_div28.obj     11     0                  0                 
       strlen.obj      8      0                  0                 
       strcpy.obj      5      0                  0                 
       pre_init.obj    2      0                  0                 
       startup.obj     1      0                  0                 
    +--+---------------+------+------------------+--------------------+
       Total:          1095   29                 308               
                                                                   
       Stack:          0      0                  512               
    +--+---------------+------+------------------+--------------------+
       Grand Total:    2822   37                 822               


GLOBAL DATA SYMBOLS: SORTED BY DATA PAGE

address     data page           name
--------    ----------------    ----
00000400      10 (00000400)     __stack

00000600      18 (00000600)     __CIOBUF_

0000a808     2a0 (0000a800)     ___TI_enable_exit_profile_output
0000a80a     2a0 (0000a800)     ___TI_cleanup_ptr
0000a80c     2a0 (0000a800)     ___TI_dtors_ptr
0000a80e     2a0 (0000a800)     __lock
0000a810     2a0 (0000a800)     __unlock
0000a812     2a0 (0000a800)     _highLimit
0000a813     2a0 (0000a800)     _lowLimit


GLOBAL SYMBOLS: SORTED ALPHABETICALLY BY Name 

page  address   name                                      
----  -------   ----                                      
abs   ffffffff  .text                                     
0     0000b7a5  C$$EXIT                                   
0     0000b6b5  C$$IO$$                                   
0     00008037  U$$DIV                                    
0     0000803c  U$$MOD                                    
0     0000b35f  _Device_enableAllPeripherals              
0     0000b4a9  _Device_enableUnbondedGPIOPullups         
0     0000b486  _Device_enableUnbondedGPIOPullupsFor100Pin
0     0000b46f  _Device_enableUnbondedGPIOPullupsFor176Pin
0     0000b352  _Device_init                              
0     0000b44e  _Device_initGPIO                          
0     00000394  _HOSTclock                                
0     0000036b  _HOSTclose                                
0     00000343  _HOSTgetenv                               
0     000002e2  _HOSTlseek                                
0     000002a2  _HOSTopen                                 
0     00000263  _HOSTread                                 
0     00000225  _HOSTrename                               
0     000001ef  _HOSTtime                                 
0     000001aa  _HOSTtime64                               
0     00000186  _HOSTunlink                               
0     0000014e  _HOSTwrite                                
0     0000b618  _Interrupt_disable                        
0     0000b5e5  _Interrupt_enable                         
0     0000b571  _Interrupt_initModule                     
0     0000b5c5  _Interrupt_initVectorTable                
0     00000149  _SysCtl_delay                             
0     0000b082  _SysCtl_getAuxClock                       
0     0000b014  _SysCtl_getClock                          
0     0000b2ab  _SysCtl_getDeviceParametric               
0     0000b291  _SysCtl_getLowSpeedClock                  
0     0000b262  _SysCtl_selectOscSource                   
0     0000b173  _SysCtl_setAuxClock                       
0     0000b0c7  _SysCtl_setClock                          
1     00000600  __CIOBUF_                                 
1     00000600  __STACK_END                               
abs   00000200  __STACK_SIZE                              
1     0000a80a  ___TI_cleanup_ptr                         
1     0000a80c  ___TI_dtors_ptr                           
1     0000a808  ___TI_enable_exit_profile_output          
abs   ffffffff  ___TI_pprof_out_hndl                      
abs   ffffffff  ___TI_prof_data_size                      
abs   ffffffff  ___TI_prof_data_start                     
0     0000b6ba  ___TI_readmsg                             
0     0000b662  ___TI_writemsg                            
abs   ffffffff  ___binit__                                
abs   ffffffff  ___c_args__                               
0     00000122  ___cinit__                                
0     0000b4bf  ___error__                                
abs   ffffffff  ___etext__                                
abs   ffffffff  ___pinit__                                
abs   ffffffff  ___text__                                 
0     0000b7f2  ___time32                                 
0     0000801e  __args_main                               
1     0000a80e  __lock                                    
0     0000804a  __nop                                     
0     00008046  __register_lock                           
0     00008042  __register_unlock                         
1     00000400  __stack                                   
0     0000b7ff  __system_post_cinit                       
0     0000b7fd  __system_pre_init                         
1     0000a810  __unlock                                  
0     0000b7a5  _abort                                    
0     0000b74f  _c_int00                                  
0     0000b73a  _configureDAC                             
0     0000b7ce  _copy_in                                  
0     0000b7a7  _exit                                     
1     0000a812  _highLimit                                
1     0000a813  _lowLimit                                 
0     0000b719  _main                                     
0     00008000  _memcpy                                   
0     000003da  _rand                                     
0     000003ca  _srand                                    
0     0000804b  _strcpy                                   
0     000003f8  _strlen                                   
0     0000b7f2  _time                                     
abs   ffffffff  binit                                     
0     00000122  cinit                                     
abs   ffffffff  etext                                     
abs   ffffffff  pinit                                     


GLOBAL SYMBOLS: SORTED BY Symbol Address 

page  address   name                                      
----  -------   ----                                      
0     00000122  ___cinit__                                
0     00000122  cinit                                     
0     00000149  _SysCtl_delay                             
0     0000014e  _HOSTwrite                                
0     00000186  _HOSTunlink                               
0     000001aa  _HOSTtime64                               
0     000001ef  _HOSTtime                                 
0     00000225  _HOSTrename                               
0     00000263  _HOSTread                                 
0     000002a2  _HOSTopen                                 
0     000002e2  _HOSTlseek                                
0     00000343  _HOSTgetenv                               
0     0000036b  _HOSTclose                                
0     00000394  _HOSTclock                                
0     000003ca  _srand                                    
0     000003da  _rand                                     
0     000003f8  _strlen                                   
0     00008000  _memcpy                                   
0     0000801e  __args_main                               
0     00008037  U$$DIV                                    
0     0000803c  U$$MOD                                    
0     00008042  __register_unlock                         
0     00008046  __register_lock                           
0     0000804a  __nop                                     
0     0000804b  _strcpy                                   
0     0000b014  _SysCtl_getClock                          
0     0000b082  _SysCtl_getAuxClock                       
0     0000b0c7  _SysCtl_setClock                          
0     0000b173  _SysCtl_setAuxClock                       
0     0000b262  _SysCtl_selectOscSource                   
0     0000b291  _SysCtl_getLowSpeedClock                  
0     0000b2ab  _SysCtl_getDeviceParametric               
0     0000b352  _Device_init                              
0     0000b35f  _Device_enableAllPeripherals              
0     0000b44e  _Device_initGPIO                          
0     0000b46f  _Device_enableUnbondedGPIOPullupsFor176Pin
0     0000b486  _Device_enableUnbondedGPIOPullupsFor100Pin
0     0000b4a9  _Device_enableUnbondedGPIOPullups         
0     0000b4bf  ___error__                                
0     0000b571  _Interrupt_initModule                     
0     0000b5c5  _Interrupt_initVectorTable                
0     0000b5e5  _Interrupt_enable                         
0     0000b618  _Interrupt_disable                        
0     0000b662  ___TI_writemsg                            
0     0000b6b5  C$$IO$$                                   
0     0000b6ba  ___TI_readmsg                             
0     0000b719  _main                                     
0     0000b73a  _configureDAC                             
0     0000b74f  _c_int00                                  
0     0000b7a5  C$$EXIT                                   
0     0000b7a5  _abort                                    
0     0000b7a7  _exit                                     
0     0000b7ce  _copy_in                                  
0     0000b7f2  ___time32                                 
0     0000b7f2  _time                                     
0     0000b7fd  __system_pre_init                         
0     0000b7ff  __system_post_cinit                       
1     00000400  __stack                                   
1     00000600  __CIOBUF_                                 
1     00000600  __STACK_END                               
1     0000a808  ___TI_enable_exit_profile_output          
1     0000a80a  ___TI_cleanup_ptr                         
1     0000a80c  ___TI_dtors_ptr                           
1     0000a80e  __lock                                    
1     0000a810  __unlock                                  
1     0000a812  _highLimit                                
1     0000a813  _lowLimit                                 
abs   00000200  __STACK_SIZE                              
abs   ffffffff  .text                                     
abs   ffffffff  ___TI_pprof_out_hndl                      
abs   ffffffff  ___TI_prof_data_size                      
abs   ffffffff  ___TI_prof_data_start                     
abs   ffffffff  ___binit__                                
abs   ffffffff  ___c_args__                               
abs   ffffffff  ___etext__                                
abs   ffffffff  ___pinit__                                
abs   ffffffff  ___text__                                 
abs   ffffffff  binit                                     
abs   ffffffff  etext                                     
abs   ffffffff  pinit                                     

[80 symbols]
