******************************************************************************
             TMS320C2000 Linker PC v16.9.1                     
******************************************************************************
>> Linked Fri Mar 16 15:00:03 2018

OUTPUT FILE NAME:   <flash.out>
ENTRY POINT SYMBOL: "_c_int00"  address: 0000032b


MEMORY CONFIGURATION

         name            origin    length      used     unused   attr    fill
----------------------  --------  ---------  --------  --------  ----  --------
PAGE 0:
  BEGIN                 00000000   00000002  00000000  00000002  RWIX
  RAMM0                 00000122   000002de  000002d6  00000008  RWIX
  RAMLS0                00008000   00000800  00000352  000004ae  RWIX
  RAMLS1                00008800   00000800  00000000  00000800  RWIX
  RAMLS2                00009000   00000800  00000000  00000800  RWIX
  RAMLS3                00009800   00000800  00000000  00000800  RWIX
  RAMLS4                0000a000   00000800  00000000  00000800  RWIX
  RAMD0                 0000b000   00000800  000007e7  00000019  RWIX
  EMIF1_CS2n            00100000   00200000  00000000  00200000  RWIX
  RESET                 003fffc0   00000002  00000000  00000002  RWIX

PAGE 1:
  BOOT_RSVD             00000002   00000120  00000000  00000120  RWIX
  RAMM1                 00000400   00000400  00000400  00000000  RWIX
  RAMLS5                0000a800   00000800  00000000  00000800  RWIX
  RAMD1                 0000b800   00000800  00000000  00000800  RWIX
  RAMGS0                0000c000   00001000  00000000  00001000  RWIX
  RAMGS1                0000d000   00001000  00000000  00001000  RWIX
  RAMGS2                0000e000   00001000  00000000  00001000  RWIX
  RAMGS3                0000f000   00001000  00000000  00001000  RWIX
  RAMGS4                00010000   00001000  00000000  00001000  RWIX
  RAMGS5                00011000   00005000  0000404a  00000fb6  RWIX
  RAMGS12               00018000   00001000  00000000  00001000  RWIX
  RAMGS13               00019000   00001000  00000000  00001000  RWIX
  RAMGS14               0001a000   00001000  00000000  00001000  RWIX
  RAMGS15               0001b000   00001000  00000000  00001000  RWIX
  CPU2TOCPU1RAM         0003f800   00000400  00000000  00000400  RWIX
  CPU1TOCPU2RAM         0003fc00   00000400  00000000  00000400  RWIX
  CANA_MSG_RAM          00049000   00000800  00000000  00000800  RWIX
  CANB_MSG_RAM          0004b000   00000800  00000000  00000800  RWIX


SECTION ALLOCATION MAP

 output                                  attributes/
section   page    origin      length       input sections
--------  ----  ----------  ----------   ----------------
.cinit     0    00000122    0000001a     
                  00000122    0000000e     rts2800_fpu32.lib : exit.obj (.cinit)
                  00000130    00000005                       : _lock.obj (.cinit:__lock)
                  00000135    00000005                       : _lock.obj (.cinit:__unlock)
                  0000013a    00000002     --HOLE-- [fill = 0]

.TI.ramfunc 
*          0    0000013c    00000004     
                  0000013c    00000004     lib_cpu1.lib : sysctl.obj (.TI.ramfunc)

.pinit     0    00000122    00000000     UNINITIALIZED

.text.1    0    00000140    000002b8     
                  00000140    000001eb     lib_cpu1.lib : gpio.obj (.text)
                  0000032b    00000056     rts2800_fpu32.lib : boot28.obj (.text)
                  00000381    00000029                       : exit.obj (.text)
                  000003aa    00000024                       : cpy_tbl.obj (.text)
                  000003ce    0000001e                       : memcpy.obj (.text)
                  000003ec    00000009                       : _lock.obj (.text)
                  000003f5    00000002                       : pre_init.obj (.text)
                  000003f7    00000001                       : startup.obj (.text)

.text.2    0    00008000    00000352     
                  00008000    000001b6     lib_cpu1.lib : device.obj (.text)
                  000081b6    0000019c                  : interrupt.obj (.text)

.text.3    0    0000b000    000007e7     
                  0000b000    00000358     emif_asram_pin_setup.obj (.text)
                  0000b358    00000310     lib_cpu1.lib : sysctl.obj (.text)
                  0000b668    00000166     main.obj (.text)
                  0000b7ce    00000019     rts2800_fpu32.lib : args_main.obj (.text)

xintffuncs 
*          0    00100000    00000000     UNINITIALIZED

.reset     0    003fffc0    00000002     DSECT
                  003fffc0    00000002     rts2800_fpu32.lib : boot28.obj (.reset)

.stack     1    00000400    00000400     UNINITIALIZED
                  00000400    00000400     --HOLE--

.ebss      1    00011000    0000404a     UNINITIALIZED
                  00011000    00004040     main.obj (.ebss)
                  00015040    00000006     rts2800_fpu32.lib : exit.obj (.ebss)
                  00015046    00000002                       : _lock.obj (.ebss:__lock)
                  00015048    00000002                       : _lock.obj (.ebss:__unlock)

GETBUFFER 
*          0    0003f800    00000000     DSECT

GETWRITEIDX 
*          0    0003f800    00000000     DSECT

PUTREADIDX 
*          0    0003f800    00000000     DSECT

MODULE SUMMARY

       Module                     code   initialized data   uninitialized data
       ------                     ----   ----------------   ------------------
    .\
       main.obj                   358    0                  16448             
       emif_asram_pin_setup.obj   856    0                  0                 
    +--+--------------------------+------+------------------+--------------------+
       Total:                     1214   0                  16448             
                                                                              
    ../../../Library/lib_cpu1.lib
       sysctl.obj                 788    0                  0                 
       gpio.obj                   491    0                  0                 
       device.obj                 438    0                  0                 
       interrupt.obj              412    0                  0                 
    +--+--------------------------+------+------------------+--------------------+
       Total:                     2129   0                  0                 
                                                                              
    D:\ti\ccsv7\tools\compiler\ti-cgt-c2000_16.9.1.LTS\lib\rts2800_fpu32.lib
       boot28.obj                 86     0                  0                 
       exit.obj                   41     14                 6                 
       cpy_tbl.obj                36     0                  0                 
       memcpy.obj                 30     0                  0                 
       args_main.obj              25     0                  0                 
       _lock.obj                  9      10                 4                 
       pre_init.obj               2      0                  0                 
       startup.obj                1      0                  0                 
    +--+--------------------------+------+------------------+--------------------+
       Total:                     230    24                 10                
                                                                              
       Stack:                     0      0                  1024              
    +--+--------------------------+------+------------------+--------------------+
       Grand Total:               3573   24                 17482             


GLOBAL DATA SYMBOLS: SORTED BY DATA PAGE

address     data page           name
--------    ----------------    ----
00000400      10 (00000400)     __stack

00011000     440 (00011000)     _tparam

00011040     441 (00011040)     _r_data_b

00013040     4c1 (00013040)     _w_data_b

00015040     541 (00015040)     ___TI_enable_exit_profile_output
00015042     541 (00015040)     ___TI_cleanup_ptr
00015044     541 (00015040)     ___TI_dtors_ptr
00015046     541 (00015040)     __lock
00015048     541 (00015040)     __unlock


GLOBAL SYMBOLS: SORTED ALPHABETICALLY BY Name 

page  address   name                                      
----  -------   ----                                      
abs   ffffffff  .text                                     
0     00000381  C$$EXIT                                   
0     0000804f  _Device_enableAllPeripherals              
0     00008199  _Device_enableUnbondedGPIOPullups         
0     00008176  _Device_enableUnbondedGPIOPullupsFor100Pin
0     0000815f  _Device_enableUnbondedGPIOPullupsFor176Pin
0     00008042  _Device_init                              
0     0000813e  _Device_initGPIO                          
0     0000b754  _Emif_Init                                
0     00000174  _GPIO_getDirectionMode                    
0     000001fd  _GPIO_getPadConfig                        
0     0000025d  _GPIO_getQualificationMode                
0     000002cc  _GPIO_setAnalogMode                       
0     0000014d  _GPIO_setDirectionMode                    
0     0000018a  _GPIO_setInterruptPin                     
0     000002a0  _GPIO_setMasterCore                       
0     000001b5  _GPIO_setPadConfig                        
0     000002f4  _GPIO_setPinConfig                        
0     00000231  _GPIO_setQualificationMode                
0     0000027e  _GPIO_setQualificationPeriod              
0     00008308  _Interrupt_disable                        
0     000082d5  _Interrupt_enable                         
0     00008261  _Interrupt_initModule                     
0     000082b5  _Interrupt_initVectorTable                
0     0000b79b  _Read_RAM                                 
0     0000013c  _SysCtl_delay                             
0     0000b3da  _SysCtl_getAuxClock                       
0     0000b36c  _SysCtl_getClock                          
0     0000b603  _SysCtl_getDeviceParametric               
0     0000b5e9  _SysCtl_getLowSpeedClock                  
0     0000b5ba  _SysCtl_selectOscSource                   
0     0000b4cb  _SysCtl_setAuxClock                       
0     0000b41f  _SysCtl_setClock                          
0     0000b7b6  _Write_RAM                                
0     00100000  _XintffuncsLoadEnd                        
0     00100000  _XintffuncsLoadStart                      
0     00100000  _XintffuncsRunStart                       
1     00000800  __STACK_END                               
abs   00000400  __STACK_SIZE                              
1     00015042  ___TI_cleanup_ptr                         
1     00015044  ___TI_dtors_ptr                           
1     00015040  ___TI_enable_exit_profile_output          
abs   ffffffff  ___TI_pprof_out_hndl                      
abs   ffffffff  ___TI_prof_data_size                      
abs   ffffffff  ___TI_prof_data_start                     
abs   ffffffff  ___binit__                                
abs   ffffffff  ___c_args__                               
0     00000122  ___cinit__                                
0     000081af  ___error__                                
abs   ffffffff  ___etext__                                
abs   ffffffff  ___pinit__                                
abs   ffffffff  ___text__                                 
0     0000b7ce  __args_main                               
1     00015046  __lock                                    
0     000003f4  __nop                                     
0     000003f0  __register_lock                           
0     000003ec  __register_unlock                         
1     00000400  __stack                                   
0     000003f7  __system_post_cinit                       
0     000003f5  __system_pre_init                         
1     00015048  __unlock                                  
0     00000381  _abort                                    
0     0000032b  _c_int00                                  
0     000003aa  _copy_in                                  
0     00000383  _exit                                     
0     0000b72a  _main                                     
0     000003ce  _memcpy                                   
1     00011040  _r_data_b                                 
0     0000b000  _setupEMIF1PinmuxAsync16Bit               
0     0000b121  _setupEMIF1PinmuxAsync32Bit               
0     0000b274  _setupEMIF2PinmuxAsync16Bit               
1     00011000  _tparam                                   
1     00013040  _w_data_b                                 
abs   ffffffff  binit                                     
0     00000122  cinit                                     
abs   ffffffff  etext                                     
abs   ffffffff  pinit                                     


GLOBAL SYMBOLS: SORTED BY Symbol Address 

page  address   name                                      
----  -------   ----                                      
0     00000122  ___cinit__                                
0     00000122  cinit                                     
0     0000013c  _SysCtl_delay                             
0     0000014d  _GPIO_setDirectionMode                    
0     00000174  _GPIO_getDirectionMode                    
0     0000018a  _GPIO_setInterruptPin                     
0     000001b5  _GPIO_setPadConfig                        
0     000001fd  _GPIO_getPadConfig                        
0     00000231  _GPIO_setQualificationMode                
0     0000025d  _GPIO_getQualificationMode                
0     0000027e  _GPIO_setQualificationPeriod              
0     000002a0  _GPIO_setMasterCore                       
0     000002cc  _GPIO_setAnalogMode                       
0     000002f4  _GPIO_setPinConfig                        
0     0000032b  _c_int00                                  
0     00000381  C$$EXIT                                   
0     00000381  _abort                                    
0     00000383  _exit                                     
0     000003aa  _copy_in                                  
0     000003ce  _memcpy                                   
0     000003ec  __register_unlock                         
0     000003f0  __register_lock                           
0     000003f4  __nop                                     
0     000003f5  __system_pre_init                         
0     000003f7  __system_post_cinit                       
0     00008042  _Device_init                              
0     0000804f  _Device_enableAllPeripherals              
0     0000813e  _Device_initGPIO                          
0     0000815f  _Device_enableUnbondedGPIOPullupsFor176Pin
0     00008176  _Device_enableUnbondedGPIOPullupsFor100Pin
0     00008199  _Device_enableUnbondedGPIOPullups         
0     000081af  ___error__                                
0     00008261  _Interrupt_initModule                     
0     000082b5  _Interrupt_initVectorTable                
0     000082d5  _Interrupt_enable                         
0     00008308  _Interrupt_disable                        
0     0000b000  _setupEMIF1PinmuxAsync16Bit               
0     0000b121  _setupEMIF1PinmuxAsync32Bit               
0     0000b274  _setupEMIF2PinmuxAsync16Bit               
0     0000b36c  _SysCtl_getClock                          
0     0000b3da  _SysCtl_getAuxClock                       
0     0000b41f  _SysCtl_setClock                          
0     0000b4cb  _SysCtl_setAuxClock                       
0     0000b5ba  _SysCtl_selectOscSource                   
0     0000b5e9  _SysCtl_getLowSpeedClock                  
0     0000b603  _SysCtl_getDeviceParametric               
0     0000b72a  _main                                     
0     0000b754  _Emif_Init                                
0     0000b79b  _Read_RAM                                 
0     0000b7b6  _Write_RAM                                
0     0000b7ce  __args_main                               
0     00100000  _XintffuncsLoadEnd                        
0     00100000  _XintffuncsLoadStart                      
0     00100000  _XintffuncsRunStart                       
1     00000400  __stack                                   
1     00000800  __STACK_END                               
1     00011000  _tparam                                   
1     00011040  _r_data_b                                 
1     00013040  _w_data_b                                 
1     00015040  ___TI_enable_exit_profile_output          
1     00015042  ___TI_cleanup_ptr                         
1     00015044  ___TI_dtors_ptr                           
1     00015046  __lock                                    
1     00015048  __unlock                                  
abs   00000400  __STACK_SIZE                              
abs   ffffffff  .text                                     
abs   ffffffff  ___TI_pprof_out_hndl                      
abs   ffffffff  ___TI_prof_data_size                      
abs   ffffffff  ___TI_prof_data_start                     
abs   ffffffff  ___binit__                                
abs   ffffffff  ___c_args__                               
abs   ffffffff  ___etext__                                
abs   ffffffff  ___pinit__                                
abs   ffffffff  ___text__                                 
abs   ffffffff  binit                                     
abs   ffffffff  etext                                     
abs   ffffffff  pinit                                     

[77 symbols]
