******************************************************************************
             TMS320C2000 Linker PC v16.9.1                     
******************************************************************************
>> Linked Wed Mar 21 16:02:22 2018

OUTPUT FILE NAME:   <flash.out>
ENTRY POINT SYMBOL: "_c_int00"  address: 00000398


MEMORY CONFIGURATION

         name            origin    length      used     unused   attr    fill
----------------------  --------  ---------  --------  --------  ----  --------
PAGE 0:
  BEGIN                 00000000   00000002  00000000  00000002  RWIX
  RAMM0                 00000122   000002de  000002d8  00000006  RWIX
  RAMLS0                00008000   00000800  0000053d  000002c3  RWIX
  RAMLS1                00008800   00000800  00000000  00000800  RWIX
  RAMLS2                00009000   00000800  00000000  00000800  RWIX
  RAMLS3                00009800   00000800  00000000  00000800  RWIX
  RAMLS4                0000a000   00000800  00000000  00000800  RWIX
  RAMD0                 0000b000   00000800  000006ec  00000114  RWIX
  EMIF1_CS2n            00100000   00020000  00000000  00020000  RWIX
  RESET                 003fffc0   00000002  00000000  00000002  RWIX

PAGE 1:
  BOOT_RSVD             00000002   00000120  00000000  00000120  RWIX
  RAMM1                 00000400   00000400  00000400  00000000  RWIX
  RAMLS5                0000a800   00000800  00000000  00000800  RWIX
  RAMD1                 0000b800   00000800  00000000  00000800  RWIX
  RAMGS0                0000c000   00001000  00000000  00001000  RWIX
  RAMGS1                0000d000   00001000  00000000  00001000  RWIX
  RAMGS2                0000e000   00001000  00000000  00001000  RWIX
  RAMGS3                0000f000   00001000  00000000  00001000  RWIX
  RAMGS4                00010000   00001000  00000000  00001000  RWIX
  RAMGS5                00011000   00005000  0000404a  00000fb6  RWIX
  RAMGS12               00018000   00001000  00000000  00001000  RWIX
  RAMGS13               00019000   00001000  00000000  00001000  RWIX
  RAMGS14               0001a000   00001000  00000000  00001000  RWIX
  RAMGS15               0001b000   00001000  00000000  00001000  RWIX
  CPU2TOCPU1RAM         0003f800   00000400  00000000  00000400  RWIX
  CPU1TOCPU2RAM         0003fc00   00000400  00000000  00000400  RWIX
  CANA_MSG_RAM          00049000   00000800  00000000  00000800  RWIX
  CANB_MSG_RAM          0004b000   00000800  00000000  00000800  RWIX


SECTION ALLOCATION MAP

 output                                  attributes/
section   page    origin      length       input sections
--------  ----  ----------  ----------   ----------------
.cinit     0    00000122    0000001f     
                  00000122    0000000e     rts2800_fpu32.lib : exit.obj (.cinit)
                  00000130    00000005                       : _lock.obj (.cinit:__lock)
                  00000135    00000005                       : _lock.obj (.cinit:__unlock)
                  0000013a    00000005     main.obj (.cinit)
                  0000013f    00000002     --HOLE-- [fill = 0]

.TI.ramfunc 
*          0    00000141    00000004     
                  00000141    00000004     lib_cpu1.lib : sysctl.obj (.TI.ramfunc)

.pinit     0    00000122    00000000     UNINITIALIZED

.text.1    0    00000145    000002b5     
                  00000145    00000253     main.obj (.text)
                  00000398    00000056     rts2800_fpu32.lib : boot28.obj (.text)
                  000003ee    00000009                       : _lock.obj (.text)
                  000003f7    00000002                       : pre_init.obj (.text)
                  000003f9    00000001                       : startup.obj (.text)

.text.2    0    00008000    0000053d     
                  00008000    000001eb     lib_cpu1.lib : gpio.obj (.text)
                  000081eb    000001b6                  : device.obj (.text)
                  000083a1    0000019c                  : interrupt.obj (.text)

.text.3    0    0000b000    000006ec     
                  0000b000    00000358     emif_asram_pin_setup.obj (.text)
                  0000b358    00000310     lib_cpu1.lib : sysctl.obj (.text)
                  0000b668    00000029     rts2800_fpu32.lib : exit.obj (.text)
                  0000b691    00000024                       : cpy_tbl.obj (.text)
                  0000b6b5    0000001e                       : memcpy.obj (.text)
                  0000b6d3    00000019                       : args_main.obj (.text)

xintffuncs 
*          0    00100000    00000000     UNINITIALIZED

.reset     0    003fffc0    00000002     DSECT
                  003fffc0    00000002     rts2800_fpu32.lib : boot28.obj (.reset)

.stack     1    00000400    00000400     UNINITIALIZED
                  00000400    00000400     --HOLE--

.ebss      1    00011000    0000404a     UNINITIALIZED
                  00011000    00004040     main.obj (.ebss)
                  00015040    00000006     rts2800_fpu32.lib : exit.obj (.ebss)
                  00015046    00000002                       : _lock.obj (.ebss:__lock)
                  00015048    00000002                       : _lock.obj (.ebss:__unlock)

GETBUFFER 
*          0    0003f800    00000000     DSECT

GETWRITEIDX 
*          0    0003f800    00000000     DSECT

PUTREADIDX 
*          0    0003f800    00000000     DSECT

MODULE SUMMARY

       Module                     code   initialized data   uninitialized data
       ------                     ----   ----------------   ------------------
    .\
       main.obj                   595    5                  16448             
       emif_asram_pin_setup.obj   856    0                  0                 
    +--+--------------------------+------+------------------+--------------------+
       Total:                     1451   5                  16448             
                                                                              
    ../../../Library/lib_cpu1.lib
       sysctl.obj                 788    0                  0                 
       gpio.obj                   491    0                  0                 
       device.obj                 438    0                  0                 
       interrupt.obj              412    0                  0                 
    +--+--------------------------+------+------------------+--------------------+
       Total:                     2129   0                  0                 
                                                                              
    D:\ti\ccsv7\tools\compiler\ti-cgt-c2000_16.9.1.LTS\lib\rts2800_fpu32.lib
       boot28.obj                 86     0                  0                 
       exit.obj                   41     14                 6                 
       cpy_tbl.obj                36     0                  0                 
       memcpy.obj                 30     0                  0                 
       args_main.obj              25     0                  0                 
       _lock.obj                  9      10                 4                 
       pre_init.obj               2      0                  0                 
       startup.obj                1      0                  0                 
    +--+--------------------------+------+------------------+--------------------+
       Total:                     230    24                 10                
                                                                              
       Stack:                     0      0                  1024              
    +--+--------------------------+------+------------------+--------------------+
       Grand Total:               3810   29                 17482             


GLOBAL DATA SYMBOLS: SORTED BY DATA PAGE

address     data page           name
--------    ----------------    ----
00000400      10 (00000400)     __stack

00011000     440 (00011000)     _FlashStart
00011002     440 (00011000)     _tparam

00011040     441 (00011040)     _w_data_b

00013040     4c1 (00013040)     _r_data_b

00015040     541 (00015040)     ___TI_enable_exit_profile_output
00015042     541 (00015040)     ___TI_cleanup_ptr
00015044     541 (00015040)     ___TI_dtors_ptr
00015046     541 (00015040)     __lock
00015048     541 (00015040)     __unlock


GLOBAL SYMBOLS: SORTED ALPHABETICALLY BY Name 

page  address   name                                      
----  -------   ----                                      
abs   ffffffff  .text                                     
0     0000b668  C$$EXIT                                   
0     000002ca  _ChipErase                                
0     0000823a  _Device_enableAllPeripherals              
0     00008384  _Device_enableUnbondedGPIOPullups         
0     00008361  _Device_enableUnbondedGPIOPullupsFor100Pin
0     0000834a  _Device_enableUnbondedGPIOPullupsFor176Pin
0     0000822d  _Device_init                              
0     00008329  _Device_initGPIO                          
0     00000239  _Emif_Init                                
0     0000029f  _FlashReadId                              
0     00000282  _FlashReset                               
1     00011000  _FlashStart                               
0     00008034  _GPIO_getDirectionMode                    
0     000080bd  _GPIO_getPadConfig                        
0     0000811d  _GPIO_getQualificationMode                
0     0000818c  _GPIO_setAnalogMode                       
0     0000800d  _GPIO_setDirectionMode                    
0     0000804a  _GPIO_setInterruptPin                     
0     00008160  _GPIO_setMasterCore                       
0     00008075  _GPIO_setPadConfig                        
0     000081b4  _GPIO_setPinConfig                        
0     000080f1  _GPIO_setQualificationMode                
0     0000813e  _GPIO_setQualificationPeriod              
0     000084f3  _Interrupt_disable                        
0     000084c0  _Interrupt_enable                         
0     0000844c  _Interrupt_initModule                     
0     000084a0  _Interrupt_initVectorTable                
0     00000345  _Read_Flash                               
0     00000141  _SysCtl_delay                             
0     0000b3da  _SysCtl_getAuxClock                       
0     0000b36c  _SysCtl_getClock                          
0     0000b603  _SysCtl_getDeviceParametric               
0     0000b5e9  _SysCtl_getLowSpeedClock                  
0     0000b5ba  _SysCtl_selectOscSource                   
0     0000b4cb  _SysCtl_setAuxClock                       
0     0000b41f  _SysCtl_setClock                          
0     00000361  _Write_Flash                              
0     00100000  _XintffuncsLoadEnd                        
0     00100000  _XintffuncsLoadStart                      
0     00100000  _XintffuncsRunStart                       
1     00000800  __STACK_END                               
abs   00000400  __STACK_SIZE                              
1     00015042  ___TI_cleanup_ptr                         
1     00015044  ___TI_dtors_ptr                           
1     00015040  ___TI_enable_exit_profile_output          
abs   ffffffff  ___TI_pprof_out_hndl                      
abs   ffffffff  ___TI_prof_data_size                      
abs   ffffffff  ___TI_prof_data_start                     
abs   ffffffff  ___binit__                                
abs   ffffffff  ___c_args__                               
0     00000122  ___cinit__                                
0     0000839a  ___error__                                
abs   ffffffff  ___etext__                                
abs   ffffffff  ___pinit__                                
abs   ffffffff  ___text__                                 
0     0000b6d3  __args_main                               
1     00015046  __lock                                    
0     000003f6  __nop                                     
0     000003f2  __register_lock                           
0     000003ee  __register_unlock                         
1     00000400  __stack                                   
0     000003f9  __system_post_cinit                       
0     000003f7  __system_pre_init                         
1     00015048  __unlock                                  
0     0000b668  _abort                                    
0     00000398  _c_int00                                  
0     0000b691  _copy_in                                  
0     0000b66a  _exit                                     
0     00000207  _main                                     
0     0000b6b5  _memcpy                                   
1     00013040  _r_data_b                                 
0     0000b000  _setupEMIF1PinmuxAsync16Bit               
0     0000b121  _setupEMIF1PinmuxAsync32Bit               
0     0000b274  _setupEMIF2PinmuxAsync16Bit               
1     00011002  _tparam                                   
1     00011040  _w_data_b                                 
abs   ffffffff  binit                                     
0     00000122  cinit                                     
abs   ffffffff  etext                                     
abs   ffffffff  pinit                                     


GLOBAL SYMBOLS: SORTED BY Symbol Address 

page  address   name                                      
----  -------   ----                                      
0     00000122  ___cinit__                                
0     00000122  cinit                                     
0     00000141  _SysCtl_delay                             
0     00000207  _main                                     
0     00000239  _Emif_Init                                
0     00000282  _FlashReset                               
0     0000029f  _FlashReadId                              
0     000002ca  _ChipErase                                
0     00000345  _Read_Flash                               
0     00000361  _Write_Flash                              
0     00000398  _c_int00                                  
0     000003ee  __register_unlock                         
0     000003f2  __register_lock                           
0     000003f6  __nop                                     
0     000003f7  __system_pre_init                         
0     000003f9  __system_post_cinit                       
0     0000800d  _GPIO_setDirectionMode                    
0     00008034  _GPIO_getDirectionMode                    
0     0000804a  _GPIO_setInterruptPin                     
0     00008075  _GPIO_setPadConfig                        
0     000080bd  _GPIO_getPadConfig                        
0     000080f1  _GPIO_setQualificationMode                
0     0000811d  _GPIO_getQualificationMode                
0     0000813e  _GPIO_setQualificationPeriod              
0     00008160  _GPIO_setMasterCore                       
0     0000818c  _GPIO_setAnalogMode                       
0     000081b4  _GPIO_setPinConfig                        
0     0000822d  _Device_init                              
0     0000823a  _Device_enableAllPeripherals              
0     00008329  _Device_initGPIO                          
0     0000834a  _Device_enableUnbondedGPIOPullupsFor176Pin
0     00008361  _Device_enableUnbondedGPIOPullupsFor100Pin
0     00008384  _Device_enableUnbondedGPIOPullups         
0     0000839a  ___error__                                
0     0000844c  _Interrupt_initModule                     
0     000084a0  _Interrupt_initVectorTable                
0     000084c0  _Interrupt_enable                         
0     000084f3  _Interrupt_disable                        
0     0000b000  _setupEMIF1PinmuxAsync16Bit               
0     0000b121  _setupEMIF1PinmuxAsync32Bit               
0     0000b274  _setupEMIF2PinmuxAsync16Bit               
0     0000b36c  _SysCtl_getClock                          
0     0000b3da  _SysCtl_getAuxClock                       
0     0000b41f  _SysCtl_setClock                          
0     0000b4cb  _SysCtl_setAuxClock                       
0     0000b5ba  _SysCtl_selectOscSource                   
0     0000b5e9  _SysCtl_getLowSpeedClock                  
0     0000b603  _SysCtl_getDeviceParametric               
0     0000b668  C$$EXIT                                   
0     0000b668  _abort                                    
0     0000b66a  _exit                                     
0     0000b691  _copy_in                                  
0     0000b6b5  _memcpy                                   
0     0000b6d3  __args_main                               
0     00100000  _XintffuncsLoadEnd                        
0     00100000  _XintffuncsLoadStart                      
0     00100000  _XintffuncsRunStart                       
1     00000400  __stack                                   
1     00000800  __STACK_END                               
1     00011000  _FlashStart                               
1     00011002  _tparam                                   
1     00011040  _w_data_b                                 
1     00013040  _r_data_b                                 
1     00015040  ___TI_enable_exit_profile_output          
1     00015042  ___TI_cleanup_ptr                         
1     00015044  ___TI_dtors_ptr                           
1     00015046  __lock                                    
1     00015048  __unlock                                  
abs   00000400  __STACK_SIZE                              
abs   ffffffff  .text                                     
abs   ffffffff  ___TI_pprof_out_hndl                      
abs   ffffffff  ___TI_prof_data_size                      
abs   ffffffff  ___TI_prof_data_start                     
abs   ffffffff  ___binit__                                
abs   ffffffff  ___c_args__                               
abs   ffffffff  ___etext__                                
abs   ffffffff  ___pinit__                                
abs   ffffffff  ___text__                                 
abs   ffffffff  binit                                     
abs   ffffffff  etext                                     
abs   ffffffff  pinit                                     

[81 symbols]
