******************************************************************************
             TMS320C2000 Linker PC v16.9.1                     
******************************************************************************
>> Linked Thu Mar 22 09:16:00 2018

OUTPUT FILE NAME:   <sdfm.out>
ENTRY POINT SYMBOL: "_c_int00"  address: 00000333


MEMORY CONFIGURATION

         name            origin    length      used     unused   attr    fill
----------------------  --------  ---------  --------  --------  ----  --------
PAGE 0:
  BEGIN                 00000000   00000002  00000000  00000002  RWIX
  RAMM0                 00000122   000002de  000002de  00000000  RWIX
  RAMLS0                00008000   00000800  000003e3  0000041d  RWIX
  RAMLS1                00008800   00000800  00000000  00000800  RWIX
  RAMLS2                00009000   00000800  00000000  00000800  RWIX
  RAMLS3                00009800   00000800  00000000  00000800  RWIX
  RAMLS4                0000a000   00000800  00000000  00000800  RWIX
  RAMD0                 0000b000   00000800  000007d4  0000002c  RWIX
  RESET                 003fffc0   00000002  00000000  00000002  RWIX

PAGE 1:
  BOOT_RSVD             00000002   00000120  00000000  00000120  RWIX
  RAMM1                 00000400   00000400  00000200  00000200  RWIX
  RAMLS5                0000a800   00000800  00000010  000007f0  RWIX
  RAMD1                 0000b800   00000800  00000000  00000800  RWIX
  RAMGS0                0000c000   00001000  00000000  00001000  RWIX
  RAMGS1                0000d000   00001000  00000400  00000c00  RWIX
  RAMGS2                0000e000   00001000  00000400  00000c00  RWIX
  RAMGS3                0000f000   00001000  00000400  00000c00  RWIX
  RAMGS4                00010000   00001000  00000400  00000c00  RWIX
  RAMGS5                00011000   00001000  00000000  00001000  RWIX
  RAMGS6                00012000   00001000  00000000  00001000  RWIX
  RAMGS7                00013000   00001000  00000000  00001000  RWIX
  RAMGS8                00014000   00001000  00000000  00001000  RWIX
  RAMGS9                00015000   00001000  00000000  00001000  RWIX
  RAMGS10               00016000   00001000  00000000  00001000  RWIX
  RAMGS11               00017000   00001000  00000000  00001000  RWIX
  RAMGS12               00018000   00001000  00000000  00001000  RWIX
  RAMGS13               00019000   00001000  00000000  00001000  RWIX
  RAMGS14               0001a000   00001000  00000000  00001000  RWIX
  RAMGS15               0001b000   00001000  00000000  00001000  RWIX
  CPU2TOCPU1RAM         0003f800   00000400  00000000  00000400  RWIX
  CPU1TOCPU2RAM         0003fc00   00000400  00000000  00000400  RWIX
  CANA_MSG_RAM          00049000   00000800  00000000  00000800  RWIX
  CANB_MSG_RAM          0004b000   00000800  00000000  00000800  RWIX


SECTION ALLOCATION MAP

 output                                  attributes/
section   page    origin      length       input sections
--------  ----  ----------  ----------   ----------------
.cinit     0    00000122    00000022     
                  00000122    0000000e     rts2800_fpu32.lib : exit.obj (.cinit)
                  00000130    00000008     main.obj (.cinit)
                  00000138    00000005     rts2800_fpu32.lib : _lock.obj (.cinit:__lock)
                  0000013d    00000005                       : _lock.obj (.cinit:__unlock)
                  00000142    00000002     --HOLE-- [fill = 0]

.pinit     0    00000122    00000000     UNINITIALIZED

.reset     0    003fffc0    00000002     DSECT
                  003fffc0    00000002     rts2800_fpu32.lib : boot28.obj (.reset)

.stack     1    00000400    00000200     UNINITIALIZED
                  00000400    00000200     --HOLE--

.ebss      1    0000a800    00000010     UNINITIALIZED
                  0000a800    00000006     main.obj (.ebss)
                  0000a806    00000006     rts2800_fpu32.lib : exit.obj (.ebss)
                  0000a80c    00000002                       : _lock.obj (.ebss:__lock)
                  0000a80e    00000002                       : _lock.obj (.ebss:__unlock)

.TI.ramfunc 
*          0    00000144    00000004     
                  00000144    00000004     lib_cpu1.lib : sysctl.obj (.TI.ramfunc)

GETBUFFER 
*          0    0003f800    00000000     DSECT

GETWRITEIDX 
*          0    0003f800    00000000     DSECT

PUTREADIDX 
*          0    0003f800    00000000     DSECT

.text.1    0    00000148    000002b8     
                  00000148    000001eb     lib_cpu1.lib : gpio.obj (.text)
                  00000333    00000056     rts2800_fpu32.lib : boot28.obj (.text)
                  00000389    00000029                       : exit.obj (.text)
                  000003b2    00000024                       : cpy_tbl.obj (.text)
                  000003d6    0000001e                       : memcpy.obj (.text)
                  000003f4    00000009                       : _lock.obj (.text)
                  000003fd    00000002                       : pre_init.obj (.text)
                  000003ff    00000001                       : startup.obj (.text)

.text.2    0    00008000    000003e3     
                  00008000    0000019c     lib_cpu1.lib : interrupt.obj (.text)
                  0000819c    00000127                  : sdfm.obj (.text)
                  000082c3    00000120     main.obj (.text:retain)

.text.3    0    0000b000    000007d4     
                  0000b000    00000310     lib_cpu1.lib : sysctl.obj (.text)
                  0000b310    000002f5     main.obj (.text)
                  0000b605    000001b6     lib_cpu1.lib : device.obj (.text)
                  0000b7bb    00000019     rts2800_fpu32.lib : args_main.obj (.text)

Filter1_RegsFile 
*          1    0000d000    00000400     
                  0000d000    00000400     main.obj (Filter1_RegsFile) [fill = 1111]

Filter2_RegsFile 
*          1    0000e000    00000400     
                  0000e000    00000400     main.obj (Filter2_RegsFile) [fill = 2222]

Filter3_RegsFile 
*          1    0000f000    00000400     
                  0000f000    00000400     main.obj (Filter3_RegsFile) [fill = 3333]

Filter4_RegsFile 
*          1    00010000    00000400     
                  00010000    00000400     main.obj (Filter4_RegsFile) [fill = 4444]

MODULE SUMMARY

       Module          code   initialized data   uninitialized data
       ------          ----   ----------------   ------------------
    .\
       main.obj        1045   4104               6                 
    +--+---------------+------+------------------+--------------------+
       Total:          1045   4104               6                 
                                                                   
    ../../../Library/lib_cpu1.lib
       sysctl.obj      788    0                  0                 
       gpio.obj        491    0                  0                 
       device.obj      438    0                  0                 
       interrupt.obj   412    0                  0                 
       sdfm.obj        295    0                  0                 
    +--+---------------+------+------------------+--------------------+
       Total:          2424   0                  0                 
                                                                   
    D:\ti\ccsv7\tools\compiler\ti-cgt-c2000_16.9.1.LTS\lib\rts2800_fpu32.lib
       boot28.obj      86     0                  0                 
       exit.obj        41     14                 6                 
       cpy_tbl.obj     36     0                  0                 
       memcpy.obj      30     0                  0                 
       args_main.obj   25     0                  0                 
       _lock.obj       9      10                 4                 
       pre_init.obj    2      0                  0                 
       startup.obj     1      0                  0                 
    +--+---------------+------+------------------+--------------------+
       Total:          230    24                 10                
                                                                   
       Stack:          0      0                  512               
    +--+---------------+------+------------------+--------------------+
       Grand Total:    3699   4128               528               


GLOBAL DATA SYMBOLS: SORTED BY DATA PAGE

address     data page           name
--------    ----------------    ----
00000400      10 (00000400)     __stack

0000a800     2a0 (0000a800)     _llt
0000a801     2a0 (0000a800)     _hlt
0000a803     2a0 (0000a800)     _peripheralNumber
0000a805     2a0 (0000a800)     _pinMuxOption
0000a806     2a0 (0000a800)     ___TI_enable_exit_profile_output
0000a808     2a0 (0000a800)     ___TI_cleanup_ptr
0000a80a     2a0 (0000a800)     ___TI_dtors_ptr
0000a80c     2a0 (0000a800)     __lock
0000a80e     2a0 (0000a800)     __unlock

0000d000     340 (0000d000)     _filter1Result

0000e000     380 (0000e000)     _filter2Result

0000f000     3c0 (0000f000)     _filter3Result

00010000     400 (00010000)     _filter4Result


GLOBAL SYMBOLS: SORTED ALPHABETICALLY BY Name 

page  address   name                                      
----  -------   ----                                      
abs   ffffffff  .text                                     
0     00000389  C$$EXIT                                   
0     0000b654  _Device_enableAllPeripherals              
0     0000b79e  _Device_enableUnbondedGPIOPullups         
0     0000b77b  _Device_enableUnbondedGPIOPullupsFor100Pin
0     0000b764  _Device_enableUnbondedGPIOPullupsFor176Pin
0     0000b647  _Device_init                              
0     0000b743  _Device_initGPIO                          
0     0000017c  _GPIO_getDirectionMode                    
0     00000205  _GPIO_getPadConfig                        
0     00000265  _GPIO_getQualificationMode                
0     000002d4  _GPIO_setAnalogMode                       
0     00000155  _GPIO_setDirectionMode                    
0     00000192  _GPIO_setInterruptPin                     
0     000002a8  _GPIO_setMasterCore                       
0     000001bd  _GPIO_setPadConfig                        
0     000002fc  _GPIO_setPinConfig                        
0     00000239  _GPIO_setQualificationMode                
0     00000286  _GPIO_setQualificationPeriod              
0     00008152  _Interrupt_disable                        
0     0000811f  _Interrupt_enable                         
0     000080ab  _Interrupt_initModule                     
0     000080ff  _Interrupt_initVectorTable                
0     0000825e  _SDFM_configComparator                    
0     00008287  _SDFM_configDataFilter                    
0     00000144  _SysCtl_delay                             
0     0000b082  _SysCtl_getAuxClock                       
0     0000b014  _SysCtl_getClock                          
0     0000b2ab  _SysCtl_getDeviceParametric               
0     0000b291  _SysCtl_getLowSpeedClock                  
0     0000b262  _SysCtl_selectOscSource                   
0     0000b173  _SysCtl_setAuxClock                       
0     0000b0c7  _SysCtl_setClock                          
1     00000600  __STACK_END                               
abs   00000200  __STACK_SIZE                              
1     0000a808  ___TI_cleanup_ptr                         
1     0000a80a  ___TI_dtors_ptr                           
1     0000a806  ___TI_enable_exit_profile_output          
abs   ffffffff  ___TI_pprof_out_hndl                      
abs   ffffffff  ___TI_prof_data_size                      
abs   ffffffff  ___TI_prof_data_start                     
abs   ffffffff  ___binit__                                
abs   ffffffff  ___c_args__                               
0     00000122  ___cinit__                                
0     0000b7b4  ___error__                                
abs   ffffffff  ___etext__                                
abs   ffffffff  ___pinit__                                
abs   ffffffff  ___text__                                 
0     0000b7bb  __args_main                               
1     0000a80c  __lock                                    
0     000003fc  __nop                                     
0     000003f8  __register_lock                           
0     000003f4  __register_unlock                         
1     00000400  __stack                                   
0     000003ff  __system_post_cinit                       
0     000003fd  __system_pre_init                         
1     0000a80e  __unlock                                  
0     00000389  _abort                                    
0     00000333  _c_int00                                  
0     0000b3ef  _configureSDFMMode                        
0     0000b4a7  _configureSDFMPins                        
0     000003b2  _copy_in                                  
0     0000038b  _exit                                     
1     0000d000  _filter1Result                            
1     0000e000  _filter2Result                            
1     0000f000  _filter3Result                            
1     00010000  _filter4Result                            
1     0000a801  _hlt                                      
1     0000a800  _llt                                      
0     0000b3c4  _main                                     
0     000003d6  _memcpy                                   
1     0000a803  _peripheralNumber                         
1     0000a805  _pinMuxOption                             
0     000082c3  _sdfm1ISR                                 
0     00008353  _sdfm2ISR                                 
0     0000b50a  _setPinConfig1                            
0     0000b55b  _setPinConfig2                            
0     0000b5ab  _setPinConfig3                            
abs   ffffffff  binit                                     
0     00000122  cinit                                     
abs   ffffffff  etext                                     
abs   ffffffff  pinit                                     


GLOBAL SYMBOLS: SORTED BY Symbol Address 

page  address   name                                      
----  -------   ----                                      
0     00000122  ___cinit__                                
0     00000122  cinit                                     
0     00000144  _SysCtl_delay                             
0     00000155  _GPIO_setDirectionMode                    
0     0000017c  _GPIO_getDirectionMode                    
0     00000192  _GPIO_setInterruptPin                     
0     000001bd  _GPIO_setPadConfig                        
0     00000205  _GPIO_getPadConfig                        
0     00000239  _GPIO_setQualificationMode                
0     00000265  _GPIO_getQualificationMode                
0     00000286  _GPIO_setQualificationPeriod              
0     000002a8  _GPIO_setMasterCore                       
0     000002d4  _GPIO_setAnalogMode                       
0     000002fc  _GPIO_setPinConfig                        
0     00000333  _c_int00                                  
0     00000389  C$$EXIT                                   
0     00000389  _abort                                    
0     0000038b  _exit                                     
0     000003b2  _copy_in                                  
0     000003d6  _memcpy                                   
0     000003f4  __register_unlock                         
0     000003f8  __register_lock                           
0     000003fc  __nop                                     
0     000003fd  __system_pre_init                         
0     000003ff  __system_post_cinit                       
0     000080ab  _Interrupt_initModule                     
0     000080ff  _Interrupt_initVectorTable                
0     0000811f  _Interrupt_enable                         
0     00008152  _Interrupt_disable                        
0     0000825e  _SDFM_configComparator                    
0     00008287  _SDFM_configDataFilter                    
0     000082c3  _sdfm1ISR                                 
0     00008353  _sdfm2ISR                                 
0     0000b014  _SysCtl_getClock                          
0     0000b082  _SysCtl_getAuxClock                       
0     0000b0c7  _SysCtl_setClock                          
0     0000b173  _SysCtl_setAuxClock                       
0     0000b262  _SysCtl_selectOscSource                   
0     0000b291  _SysCtl_getLowSpeedClock                  
0     0000b2ab  _SysCtl_getDeviceParametric               
0     0000b3c4  _main                                     
0     0000b3ef  _configureSDFMMode                        
0     0000b4a7  _configureSDFMPins                        
0     0000b50a  _setPinConfig1                            
0     0000b55b  _setPinConfig2                            
0     0000b5ab  _setPinConfig3                            
0     0000b647  _Device_init                              
0     0000b654  _Device_enableAllPeripherals              
0     0000b743  _Device_initGPIO                          
0     0000b764  _Device_enableUnbondedGPIOPullupsFor176Pin
0     0000b77b  _Device_enableUnbondedGPIOPullupsFor100Pin
0     0000b79e  _Device_enableUnbondedGPIOPullups         
0     0000b7b4  ___error__                                
0     0000b7bb  __args_main                               
1     00000400  __stack                                   
1     00000600  __STACK_END                               
1     0000a800  _llt                                      
1     0000a801  _hlt                                      
1     0000a803  _peripheralNumber                         
1     0000a805  _pinMuxOption                             
1     0000a806  ___TI_enable_exit_profile_output          
1     0000a808  ___TI_cleanup_ptr                         
1     0000a80a  ___TI_dtors_ptr                           
1     0000a80c  __lock                                    
1     0000a80e  __unlock                                  
1     0000d000  _filter1Result                            
1     0000e000  _filter2Result                            
1     0000f000  _filter3Result                            
1     00010000  _filter4Result                            
abs   00000200  __STACK_SIZE                              
abs   ffffffff  .text                                     
abs   ffffffff  ___TI_pprof_out_hndl                      
abs   ffffffff  ___TI_prof_data_size                      
abs   ffffffff  ___TI_prof_data_start                     
abs   ffffffff  ___binit__                                
abs   ffffffff  ___c_args__                               
abs   ffffffff  ___etext__                                
abs   ffffffff  ___pinit__                                
abs   ffffffff  ___text__                                 
abs   ffffffff  binit                                     
abs   ffffffff  etext                                     
abs   ffffffff  pinit                                     

[82 symbols]
